Microsoft Windows [Version 10.0.26100.2033]
(c) Microsoft Corporation. All rights reserved.

C:\Users\SALEEL>mysql --user=root --password=root z1
mysql: [Warning] Using a password on the command line interface can be insecure.
Welcome to the MySQL monitor.  Commands end with ; or \g.
Your MySQL connection id is 8
Server version: 8.1.0 MySQL Community Server - GPL

Copyright (c) 2000, 2023, Oracle and/or its affiliates.

Oracle is a registered trademark of Oracle Corporation and/or its
affiliates. Other names may be trademarks of their respective
owners.

Type 'help;' or '\h' for help. Type '\c' to clear the current input statement.

mysql> create table f(c1 int primary key);
Query OK, 0 rows affected (0.12 sec)

mysql> insert into f values(1);
Query OK, 1 row affected (0.03 sec)

mysql> insert into f values(null);
ERROR 1048 (23000): Column 'c1' cannot be null
mysql> insert into f values('');
ERROR 1366 (HY000): Incorrect integer value: '' for column 'c1' at row 1
mysql> insert into f values(' ');
ERROR 1366 (HY000): Incorrect integer value: ' ' for column 'c1' at row 1
mysql> delete from f;
Query OK, 1 row affected (0.01 sec)

mysql> alter table f modify c1 varchar(10);
Query OK, 0 rows affected (0.04 sec)
Records: 0  Duplicates: 0  Warnings: 0

mysql> desc f;
+-------+-------------+------+-----+---------+-------+
| Field | Type        | Null | Key | Default | Extra |
+-------+-------------+------+-----+---------+-------+
| c1    | varchar(10) | NO   | PRI | NULL    |       |
+-------+-------------+------+-----+---------+-------+
1 row in set (0.06 sec)

mysql> insert into f values(1);
Query OK, 1 row affected (0.01 sec)

mysql> insert into f values(null);
ERROR 1048 (23000): Column 'c1' cannot be null
mysql> insert into f values('');
Query OK, 1 row affected (0.01 sec)

mysql> insert into f values(' ');
Query OK, 1 row affected (0.01 sec)

mysql> select * from f;
+----+
| c1 |
+----+
|    |
|    |
| 1  |
+----+
3 rows in set (0.00 sec)

mysql> select length(c1) from f;
+------------+
| length(c1) |
+------------+
|          0 |
|          1 |
|          1 |
+------------+
3 rows in set (0.00 sec)

mysql> select c1, length(c1) from f;
+----+------------+
| c1 | length(c1) |
+----+------------+
|    |          0 |
|    |          1 |
| 1  |          1 |
+----+------------+
3 rows in set (0.00 sec)

mysql> show create procedure pro1;
+-----------+-----------------------------------------------------------------------------------------------------------------------+-----------------------------------------------------------------------------------------------------------------------------------------------------------------------------------------------------------------------------------------+----------------------+----------------------+--------------------+
| Procedure | sql_mode
                              | Create Procedure

                                                            | character_set_client | collation_connection | Database Collation |
+-----------+-----------------------------------------------------------------------------------------------------------------------+-----------------------------------------------------------------------------------------------------------------------------------------------------------------------------------------------------------------------------------------+----------------------+----------------------+--------------------+
| pro1      | ONLY_FULL_GROUP_BY,STRICT_TRANS_TABLES,NO_ZERO_IN_DATE,NO_ZERO_DATE,ERROR_FOR_DIVISION_BY_ZERO,NO_ENGINE_SUBSTITUTION | CREATE DEFINER=`root`@`localhost` PROCEDURE `pro1`()
b1:begin

        declare ex condition for sqlstate '45000';

        if 10 = 10 then
                        signal ex set message_text = 'Okay';
        ELSE
                select "Good";
end if;
        select 'Out of IF...';
end b1 | cp850                | cp850_general_ci     | utf8mb4_0900_ai_ci |
+-----------+-----------------------------------------------------------------------------------------------------------------------+-----------------------------------------------------------------------------------------------------------------------------------------------------------------------------------------------------------------------------------------+----------------------+----------------------+--------------------+
1 row in set (0.03 sec)

mysql> show create function f1()
    -> ;
ERROR 1064 (42000): You have an error in your SQL syntax; check the manual that corresponds to your MySQL server version for the right syntax to use near '()' at line 1
mysql> show create function f1;
+----------+-----------------------------------------------------------------------------------------------------------------------+--------------------------------------------------------------------------------------------------------------------------------------------------------------------------------------------------------------------------------------------------------------------------------------------------------------------------------------------------------------------------------------------------------------------------------------------------------------------------------------------------------+----------------------+----------------------+--------------------+
| Function | sql_mode
                       | Create Function



                                                                                | character_set_client | collation_connection | Database Collation |
+----------+-----------------------------------------------------------------------------------------------------------------------+--------------------------------------------------------------------------------------------------------------------------------------------------------------------------------------------------------------------------------------------------------------------------------------------------------------------------------------------------------------------------------------------------------------------------------------------------------------------------------------------------------+----------------------+----------------------+--------------------+
| f1       | ONLY_FULL_GROUP_BY,STRICT_TRANS_TABLES,NO_ZERO_IN_DATE,NO_ZERO_DATE,ERROR_FOR_DIVISION_BY_ZERO,NO_ENGINE_SUBSTITUTION | CREATE DEFINER=`root`@`localhost` FUNCTION `f1`() RETURNS varchar(40) CHARSET utf8mb4
    DETERMINISTIC
begin
    declare x, y, z VARCHAR(40) default "";
    declare cnt INT default 1;
    lbl:loop
       SELECT CAST(CHAR(FLOOR(65 + RAND() * 27)) as CHAR) INTO y;
       SELECT CAST(CHAR(FLOOR( 97 + RAND() * 27)) as CHAR) INTO z;
       SET x := CONCAT(x, y, z);
       if cnt > 2 then
          leave lbl;
       end if;
       SET cnt := cnt + 1;
    end loop lbl;
    return(x);
end | cp850                | cp850_general_ci     | utf8mb4_0900_ai_ci |
+----------+-----------------------------------------------------------------------------------------------------------------------+--------------------------------------------------------------------------------------------------------------------------------------------------------------------------------------------------------------------------------------------------------------------------------------------------------------------------------------------------------------------------------------------------------------------------------------------------------------------------------------------------------+----------------------+----------------------+--------------------+
1 row in set (0.01 sec)

mysql> desc dep;t;
ERROR 1146 (42S02): Table 'z1.dep' doesn't exist
ERROR 1064 (42000): You have an error in your SQL syntax; check the manual that corresponds to your MySQL server version for the right syntax to use near 't' at line 1
mysql> desc dept;
+-----------+-------------+------+-----+---------+-------+
| Field     | Type        | Null | Key | Default | Extra |
+-----------+-------------+------+-----+---------+-------+
| DEPTNO    | int         | NO   | PRI | NULL    |       |
| DNAME     | varchar(12) | YES  |     | NULL    |       |
| LOC       | varchar(10) | YES  |     | NULL    |       |
| PWD       | varchar(20) | YES  |     | NULL    |       |
| STARTEDON | varchar(10) | YES  |     | NULL    |       |
+-----------+-------------+------+-----+---------+-------+
5 rows in set (0.01 sec)

mysql>
mysql> source c:\abc\pl1.sql
Query OK, 0 rows affected, 1 warning (0.00 sec)

ERROR 1415 (0A000): Not allowed to return a result set from a trigger
mysql> source c:\abc\pl1.sql
Query OK, 0 rows affected, 1 warning (0.01 sec)

Query OK, 0 rows affected (0.03 sec)

mysql> source c:\abc\pl1.sql
Query OK, 0 rows affected (0.02 sec)

Query OK, 0 rows affected (0.01 sec)

mysql> insert into dept(deptno) values(61)
;
Query OK, 1 row affected (0.02 sec)

mysql> select deptno from dept;
+--------+
| deptno |
+--------+
|     10 |
|     20 |
|     30 |
|     40 |
|     50 |
|     51 |
|     52 |
|     53 |
|     61 |
+--------+
9 rows in set (0.01 sec)

mysql> select @x;
+----------------+
| @x             |
+----------------+
| Hello World... |
+----------------+
1 row in set (0.00 sec)

mysql> source c:\abc\pl1.sql
Query OK, 0 rows affected (0.02 sec)

Query OK, 0 rows affected (0.01 sec)

mysql> insert into dept(deptno) values(62)
;
Query OK, 1 row affected (0.01 sec)

mysql> select @x;
+---------------------------+
| @x                        |
+---------------------------+
| Hello World...  by saleel |
+---------------------------+
1 row in set (0.00 sec)

mysql> delete from dept where deptno>50;
Query OK, 5 rows affected (0.05 sec)

mysql> select * from dept;
+--------+------------+----------+------------+------------+
| DEPTNO | DNAME      | LOC      | PWD        | STARTEDON  |
+--------+------------+----------+------------+------------+
|     10 | ACCOUNTING | NEW YORK | r50mpm     | 24/03/1989 |
|     20 | RESEARCH   | DALLAS   | a12recmpm  | 12/04/1989 |
|     30 | SALES      | CHICAGO  | sales@2017 | 13/04/1989 |
|     40 | OPERATIONS | BOSTON   | opr@123    | 12/07/1989 |
|     50 | HR         | PUNE     | PUN@8877   | 22/12/1989 |
+--------+------------+----------+------------+------------+
5 rows in set (0.00 sec)

mysql> desc d1;
ERROR 1146 (42S02): Table 'z1.d1' doesn't exist
mysql> create table d1 like dept;
Query OK, 0 rows affected (0.02 sec)

mysql> desc dept;
+-----------+-------------+------+-----+---------+-------+
| Field     | Type        | Null | Key | Default | Extra |
+-----------+-------------+------+-----+---------+-------+
| DEPTNO    | int         | NO   | PRI | NULL    |       |
| DNAME     | varchar(12) | YES  |     | NULL    |       |
| LOC       | varchar(10) | YES  |     | NULL    |       |
| PWD       | varchar(20) | YES  |     | NULL    |       |
| STARTEDON | varchar(10) | YES  |     | NULL    |       |
+-----------+-------------+------+-----+---------+-------+
5 rows in set (0.00 sec)

mysql> desc d1;
+-----------+-------------+------+-----+---------+-------+
| Field     | Type        | Null | Key | Default | Extra |
+-----------+-------------+------+-----+---------+-------+
| DEPTNO    | int         | NO   | PRI | NULL    |       |
| DNAME     | varchar(12) | YES  |     | NULL    |       |
| LOC       | varchar(10) | YES  |     | NULL    |       |
| PWD       | varchar(20) | YES  |     | NULL    |       |
| STARTEDON | varchar(10) | YES  |     | NULL    |       |
+-----------+-------------+------+-----+---------+-------+
5 rows in set (0.00 sec)

mysql> select * from d1;
Empty set (0.00 sec)

mysql> source c:\abc\pl1.sql
Query OK, 0 rows affected (0.01 sec)

ERROR 1064 (42000): You have an error in your SQL syntax; check the manual that corresponds to your MySQL server version for the right syntax to use near 'end' at line 4
Query OK, 0 rows affected (0.00 sec)

mysql> source c:\abc\pl1.sql
Query OK, 0 rows affected, 1 warning (0.01 sec)

Query OK, 0 rows affected (0.01 sec)

Query OK, 0 rows affected (0.00 sec)

mysql> select * from d1;
Empty set (0.00 sec)

mysql> insert into dept values(51,'HRD','baroda','sam3r3', '24/10/2024');
Query OK, 1 row affected (0.01 sec)

mysql> select * from d1;
+--------+-------+--------+--------+------------+
| DEPTNO | DNAME | LOC    | PWD    | STARTEDON  |
+--------+-------+--------+--------+------------+
|     51 | HRD   | baroda | sam3r3 | 24/10/2024 |
+--------+-------+--------+--------+------------+
1 row in set (0.00 sec)

mysql> select * from dept;
+--------+------------+----------+------------+------------+
| DEPTNO | DNAME      | LOC      | PWD        | STARTEDON  |
+--------+------------+----------+------------+------------+
|     10 | ACCOUNTING | NEW YORK | r50mpm     | 24/03/1989 |
|     20 | RESEARCH   | DALLAS   | a12recmpm  | 12/04/1989 |
|     30 | SALES      | CHICAGO  | sales@2017 | 13/04/1989 |
|     40 | OPERATIONS | BOSTON   | opr@123    | 12/07/1989 |
|     50 | HR         | PUNE     | PUN@8877   | 22/12/1989 |
|     51 | HRD        | baroda   | sam3r3     | 24/10/2024 |
+--------+------------+----------+------------+------------+
6 rows in set (0.00 sec)

mysql> source c:\abc\pl1.sql
Query OK, 0 rows affected (0.02 sec)

Query OK, 0 rows affected (0.01 sec)

Query OK, 0 rows affected (0.00 sec)

mysql> insert into dept values(52,'HRD','surat','sam3r3', '24/10/2024');
Query OK, 1 row affected (0.02 sec)

mysql> select * from dept;
+--------+------------+----------+------------+------------+
| DEPTNO | DNAME      | LOC      | PWD        | STARTEDON  |
+--------+------------+----------+------------+------------+
|     10 | ACCOUNTING | NEW YORK | r50mpm     | 24/03/1989 |
|     20 | RESEARCH   | DALLAS   | a12recmpm  | 12/04/1989 |
|     30 | SALES      | CHICAGO  | sales@2017 | 13/04/1989 |
|     40 | OPERATIONS | BOSTON   | opr@123    | 12/07/1989 |
|     50 | HR         | PUNE     | PUN@8877   | 22/12/1989 |
|     51 | HRD        | baroda   | sam3r3     | 24/10/2024 |
|     52 | HRD        | surat    | sam3r3     | 24/10/2024 |
+--------+------------+----------+------------+------------+
7 rows in set (0.00 sec)

mysql> source c:\abc\pl1.sql
Query OK, 0 rows affected (0.01 sec)

ERROR 1064 (42000): You have an error in your SQL syntax; check the manual that corresponds to your MySQL server version for the right syntax to use near 'DETERMINISTIC
begin
  return (select max(deptno) + 1 from dept);
end' at line 2
Query OK, 0 rows affected (0.01 sec)

Query OK, 0 rows affected (0.01 sec)

Query OK, 0 rows affected (0.00 sec)

mysql> source c:\abc\pl1.sql
Query OK, 0 rows affected, 1 warning (0.01 sec)

Query OK, 0 rows affected (0.01 sec)

Query OK, 0 rows affected (0.01 sec)

Query OK, 0 rows affected (0.01 sec)

Query OK, 0 rows affected (0.00 sec)

mysql> insert into dept values(f1(),'HRD','bharuch','sam3r3', '24/10/2024');
Query OK, 1 row affected (0.02 sec)

mysql> select * from dept;
+--------+------------+----------+------------+------------+
| DEPTNO | DNAME      | LOC      | PWD        | STARTEDON  |
+--------+------------+----------+------------+------------+
|     10 | ACCOUNTING | NEW YORK | r50mpm     | 24/03/1989 |
|     20 | RESEARCH   | DALLAS   | a12recmpm  | 12/04/1989 |
|     30 | SALES      | CHICAGO  | sales@2017 | 13/04/1989 |
|     40 | OPERATIONS | BOSTON   | opr@123    | 12/07/1989 |
|     50 | HR         | PUNE     | PUN@8877   | 22/12/1989 |
|     51 | HRD        | baroda   | sam3r3     | 24/10/2024 |
|     52 | HRD        | surat    | sam3r3     | 24/10/2024 |
|     53 | HRD        | bharuch  | sam3r3     | 24/10/2024 |
+--------+------------+----------+------------+------------+
8 rows in set (0.00 sec)

mysql> select * from d1;
+--------+-------+---------+--------+------------+
| DEPTNO | DNAME | LOC     | PWD    | STARTEDON  |
+--------+-------+---------+--------+------------+
|     51 | HRD   | baroda  | sam3r3 | 24/10/2024 |
|     52 | HRD   | surat   | sam3r3 | 24/10/2024 |
|     53 | HRD   | bharuch | sam3r3 | 24/10/2024 |
+--------+-------+---------+--------+------------+
3 rows in set (0.00 sec)

mysql> source c:\abc\pl1.sql
Query OK, 0 rows affected (0.01 sec)

Query OK, 0 rows affected (0.00 sec)

Query OK, 0 rows affected (0.01 sec)

Query OK, 0 rows affected (0.01 sec)

Query OK, 0 rows affected (0.00 sec)

mysql> source c:\abc\pl1.sql
Query OK, 0 rows affected (0.02 sec)

Query OK, 0 rows affected (0.01 sec)

Query OK, 0 rows affected (0.00 sec)

mysql> source c:\abc\pl1.sql
Query OK, 0 rows affected (0.02 sec)

Query OK, 0 rows affected (0.01 sec)

Query OK, 0 rows affected (0.00 sec)

mysql> insert into dept(deptno) values(54);
Query OK, 1 row affected (0.01 sec)

mysql> select @x;
+------+
| @x   |
+------+
|    9 |
+------+
1 row in set (0.00 sec)

mysql> select count(*) from dept;
+----------+
| count(*) |
+----------+
|        9 |
+----------+
1 row in set (0.01 sec)

mysql> source c:\abc\pl1.sql
Query OK, 0 rows affected (0.02 sec)

Query OK, 0 rows affected (0.01 sec)

Query OK, 0 rows affected (0.00 sec)

mysql> insert into dept(deptno) values(55);
Query OK, 1 row affected (0.02 sec)

mysql> select @x;
+------+
| @x   |
+------+
|    9 |
+------+
1 row in set (0.00 sec)

mysql> select count(*) from dept;
+----------+
| count(*) |
+----------+
|       10 |
+----------+
1 row in set (0.00 sec)

mysql> delete from d1;
Query OK, 3 rows affected (0.01 sec)

mysql> select * from dept;
+--------+------------+----------+------------+------------+
| DEPTNO | DNAME      | LOC      | PWD        | STARTEDON  |
+--------+------------+----------+------------+------------+
|     10 | ACCOUNTING | NEW YORK | r50mpm     | 24/03/1989 |
|     20 | RESEARCH   | DALLAS   | a12recmpm  | 12/04/1989 |
|     30 | SALES      | CHICAGO  | sales@2017 | 13/04/1989 |
|     40 | OPERATIONS | BOSTON   | opr@123    | 12/07/1989 |
|     50 | HR         | PUNE     | PUN@8877   | 22/12/1989 |
|     51 | HRD        | baroda   | sam3r3     | 24/10/2024 |
|     52 | HRD        | surat    | sam3r3     | 24/10/2024 |
|     53 | HRD        | bharuch  | sam3r3     | 24/10/2024 |
|     54 | NULL       | NULL     | NULL       | NULL       |
|     55 | NULL       | NULL     | NULL       | NULL       |
+--------+------------+----------+------------+------------+
10 rows in set (0.00 sec)

mysql> source c:\abc\pl1.sql
Query OK, 0 rows affected (0.02 sec)

Query OK, 0 rows affected (0.01 sec)

mysql> delete from dept where deptno=53;
Query OK, 1 row affected (0.02 sec)

mysql> select * from dept;
+--------+------------+----------+------------+------------+
| DEPTNO | DNAME      | LOC      | PWD        | STARTEDON  |
+--------+------------+----------+------------+------------+
|     10 | ACCOUNTING | NEW YORK | r50mpm     | 24/03/1989 |
|     20 | RESEARCH   | DALLAS   | a12recmpm  | 12/04/1989 |
|     30 | SALES      | CHICAGO  | sales@2017 | 13/04/1989 |
|     40 | OPERATIONS | BOSTON   | opr@123    | 12/07/1989 |
|     50 | HR         | PUNE     | PUN@8877   | 22/12/1989 |
|     51 | HRD        | baroda   | sam3r3     | 24/10/2024 |
|     52 | HRD        | surat    | sam3r3     | 24/10/2024 |
|     54 | NULL       | NULL     | NULL       | NULL       |
|     55 | NULL       | NULL     | NULL       | NULL       |
+--------+------------+----------+------------+------------+
9 rows in set (0.00 sec)

mysql> select * from d1;
+--------+-------+---------+--------+------------+
| DEPTNO | DNAME | LOC     | PWD    | STARTEDON  |
+--------+-------+---------+--------+------------+
|     53 | HRD   | bharuch | sam3r3 | 24/10/2024 |
+--------+-------+---------+--------+------------+
1 row in set (0.00 sec)

mysql> alter table d1 add (deletedOn datetime, deletedBY varchar(100));
Query OK, 0 rows affected (0.03 sec)
Records: 0  Duplicates: 0  Warnings: 0

mysql> eesc d1;
ERROR 1064 (42000): You have an error in your SQL syntax; check the manual that corresponds to your MySQL server version for the right syntax to use near 'eesc d1' at line 1
mysql> desc d1;
+-----------+--------------+------+-----+---------+-------+
| Field     | Type         | Null | Key | Default | Extra |
+-----------+--------------+------+-----+---------+-------+
| DEPTNO    | int          | NO   | PRI | NULL    |       |
| DNAME     | varchar(12)  | YES  |     | NULL    |       |
| LOC       | varchar(10)  | YES  |     | NULL    |       |
| PWD       | varchar(20)  | YES  |     | NULL    |       |
| STARTEDON | varchar(10)  | YES  |     | NULL    |       |
| deletedOn | datetime     | YES  |     | NULL    |       |
| deletedBY | varchar(100) | YES  |     | NULL    |       |
+-----------+--------------+------+-----+---------+-------+
7 rows in set (0.00 sec)

mysql> select newo(), user;
ERROR 1305 (42000): FUNCTION z1.newo does not exist
mysql> select now(), user;
ERROR 1054 (42S22): Unknown column 'user' in 'field list'
mysql> select now(), user();
+---------------------+----------------+
| now()               | user()         |
+---------------------+----------------+
| 2024-10-24 10:44:33 | root@localhost |
+---------------------+----------------+
1 row in set (0.00 sec)

mysql> source c:\abc\pl1.sql
Query OK, 0 rows affected (0.01 sec)

Query OK, 0 rows affected (0.01 sec)

mysql>
mysql>
mysql>
mysql> delete from dept where deptno=51;
Query OK, 1 row affected (0.02 sec)

mysql> select * from dept;
+--------+------------+----------+------------+------------+
| DEPTNO | DNAME      | LOC      | PWD        | STARTEDON  |
+--------+------------+----------+------------+------------+
|     10 | ACCOUNTING | NEW YORK | r50mpm     | 24/03/1989 |
|     20 | RESEARCH   | DALLAS   | a12recmpm  | 12/04/1989 |
|     30 | SALES      | CHICAGO  | sales@2017 | 13/04/1989 |
|     40 | OPERATIONS | BOSTON   | opr@123    | 12/07/1989 |
|     50 | HR         | PUNE     | PUN@8877   | 22/12/1989 |
|     52 | HRD        | surat    | sam3r3     | 24/10/2024 |
|     54 | NULL       | NULL     | NULL       | NULL       |
|     55 | NULL       | NULL     | NULL       | NULL       |
+--------+------------+----------+------------+------------+
8 rows in set (0.00 sec)

mysql> select * from d1;
+--------+-------+---------+--------+------------+---------------------+----------------+
| DEPTNO | DNAME | LOC     | PWD    | STARTEDON  | deletedOn           | deletedBY      |
+--------+-------+---------+--------+------------+---------------------+----------------+
|     51 | HRD   | baroda  | sam3r3 | 24/10/2024 | 2024-10-24 10:45:38 | root@localhost |
|     53 | HRD   | bharuch | sam3r3 | 24/10/2024 | NULL                | NULL           |
+--------+-------+---------+--------+------------+---------------------+----------------+
2 rows in set (0.00 sec)

mysql> source c:\abc\pl1.sql
Query OK, 0 rows affected (0.02 sec)

ERROR 1362 (HY000): Updating of NEW row is not allowed in after trigger
Query OK, 0 rows affected (0.00 sec)

mysql> source c:\abc\pl1.sql
Query OK, 0 rows affected, 1 warning (0.01 sec)

Query OK, 0 rows affected (0.01 sec)

Query OK, 0 rows affected (0.00 sec)

mysql> insert into dept(deptno,dname) values(f1(),'abc');
Query OK, 1 row affected (0.02 sec)

mysql> select * from dept;
+--------+------------+----------+------------+------------+
| DEPTNO | DNAME      | LOC      | PWD        | STARTEDON  |
+--------+------------+----------+------------+------------+
|     10 | ACCOUNTING | NEW YORK | r50mpm     | 24/03/1989 |
|     20 | RESEARCH   | DALLAS   | a12recmpm  | 12/04/1989 |
|     30 | SALES      | CHICAGO  | sales@2017 | 13/04/1989 |
|     40 | OPERATIONS | BOSTON   | opr@123    | 12/07/1989 |
|     50 | HR         | PUNE     | PUN@8877   | 22/12/1989 |
|     52 | HRD        | surat    | sam3r3     | 24/10/2024 |
|     54 | NULL       | NULL     | NULL       | NULL       |
|     55 | NULL       | NULL     | NULL       | NULL       |
|     56 | ABC        | NULL     | NULL       | NULL       |
+--------+------------+----------+------------+------------+
9 rows in set (0.00 sec)

mysql> select dayname(curdate());
+--------------------+
| dayname(curdate()) |
+--------------------+
| Thursday           |
+--------------------+
1 row in set (0.02 sec)

mysql> source c:\abc\pl1.sql
Query OK, 0 rows affected (0.02 sec)

Query OK, 0 rows affected (0.01 sec)

mysql> insert into dept(deptno,dname) values(f1(),'abc');
ERROR 1644 (42000): Invalid Day
mysql>