mysql> create table y1 as select * from dept;
Query OK, 5 rows affected (0.14 sec)
Records: 5  Duplicates: 0  Warnings: 0

mysql> desc dept;
+-----------+-------------+------+-----+---------+-------+
| Field     | Type        | Null | Key | Default | Extra |
+-----------+-------------+------+-----+---------+-------+
| DEPTNO    | int         | NO   | PRI | NULL    |       |
| DNAME     | varchar(12) | YES  |     | NULL    |       |
| LOC       | varchar(10) | YES  |     | NULL    |       |
| PWD       | varchar(20) | YES  |     | NULL    |       |
| STARTEDON | varchar(10) | YES  |     | NULL    |       |
+-----------+-------------+------+-----+---------+-------+
5 rows in set (0.02 sec)

mysql> desc y1;
+-----------+-------------+------+-----+---------+-------+
| Field     | Type        | Null | Key | Default | Extra |
+-----------+-------------+------+-----+---------+-------+
| DEPTNO    | int         | NO   |     | NULL    |       |
| DNAME     | varchar(12) | YES  |     | NULL    |       |
| LOC       | varchar(10) | YES  |     | NULL    |       |
| PWD       | varchar(20) | YES  |     | NULL    |       |
| STARTEDON | varchar(10) | YES  |     | NULL    |       |
+-----------+-------------+------+-----+---------+-------+
5 rows in set (0.00 sec)

mysql> select * from y1;
+--------+------------+----------+------------+------------+
| DEPTNO | DNAME      | LOC      | PWD        | STARTEDON  |
+--------+------------+----------+------------+------------+
|     10 | ACCOUNTING | NEW YORK | r50mpm     | 24/03/1989 |
|     20 | RESEARCH   | DALLAS   | a12recmpm  | 12/04/1989 |
|     30 | SALES      | CHICAGO  | sales@2017 | 13/04/1989 |
|     40 | OPERATIONS | BOSTON   | opr@123    | 12/07/1989 |
|     50 | HR         | PUNE     | PUN@8877   | 22/12/1989 |
+--------+------------+----------+------------+------------+
5 rows in set (0.00 sec)

mysql> select * from dept;
+--------+------------+----------+------------+------------+
| DEPTNO | DNAME      | LOC      | PWD        | STARTEDON  |
+--------+------------+----------+------------+------------+
|     10 | ACCOUNTING | NEW YORK | r50mpm     | 24/03/1989 |
|     20 | RESEARCH   | DALLAS   | a12recmpm  | 12/04/1989 |
|     30 | SALES      | CHICAGO  | sales@2017 | 13/04/1989 |
|     40 | OPERATIONS | BOSTON   | opr@123    | 12/07/1989 |
|     50 | HR         | PUNE     | PUN@8877   | 22/12/1989 |
+--------+------------+----------+------------+------------+
5 rows in set (0.00 sec)

mysql> select * from dept;
+--------+------------+----------+------------+------------+
| DEPTNO | DNAME      | LOC      | PWD        | STARTEDON  |
+--------+------------+----------+------------+------------+
|     10 | ACCOUNTING | NEW YORK | r50mpm     | 24/03/1989 |
|     20 | RESEARCH   | DALLAS   | a12recmpm  | 12/04/1989 |
|     30 | SALES      | CHICAGO  | sales@2017 | 13/04/1989 |
|     40 | OPERATIONS | BOSTON   | opr@123    | 12/07/1989 |
|     50 | HR         | PUNE     | PUN@8877   | 22/12/1989 |
+--------+------------+----------+------------+------------+
5 rows in set (0.00 sec)

mysql> select * from dept where 1=2;
Empty set (0.00 sec)

mysql> create table y2 as select * from dept where 1=2;
Query OK, 0 rows affected (0.04 sec)
Records: 0  Duplicates: 0  Warnings: 0

mysql> desc y2;
+-----------+-------------+------+-----+---------+-------+
| Field     | Type        | Null | Key | Default | Extra |
+-----------+-------------+------+-----+---------+-------+
| DEPTNO    | int         | NO   |     | NULL    |       |
| DNAME     | varchar(12) | YES  |     | NULL    |       |
| LOC       | varchar(10) | YES  |     | NULL    |       |
| PWD       | varchar(20) | YES  |     | NULL    |       |
| STARTEDON | varchar(10) | YES  |     | NULL    |       |
+-----------+-------------+------+-----+---------+-------+
5 rows in set (0.00 sec)

mysql> select * from y2;
Empty set (0.00 sec)

mysql> create table y3 as select * from dept where false;
Query OK, 0 rows affected (0.03 sec)
Records: 0  Duplicates: 0  Warnings: 0

mysql> select * from y3;
Empty set (0.00 sec)

mysql> desc y3;
+-----------+-------------+------+-----+---------+-------+
| Field     | Type        | Null | Key | Default | Extra |
+-----------+-------------+------+-----+---------+-------+
| DEPTNO    | int         | NO   |     | NULL    |       |
| DNAME     | varchar(12) | YES  |     | NULL    |       |
| LOC       | varchar(10) | YES  |     | NULL    |       |
| PWD       | varchar(20) | YES  |     | NULL    |       |
| STARTEDON | varchar(10) | YES  |     | NULL    |       |
+-----------+-------------+------+-----+---------+-------+
5 rows in set (0.02 sec)

mysql> select * from dept;
+--------+------------+----------+------------+------------+
| DEPTNO | DNAME      | LOC      | PWD        | STARTEDON  |
+--------+------------+----------+------------+------------+
|     10 | ACCOUNTING | NEW YORK | r50mpm     | 24/03/1989 |
|     20 | RESEARCH   | DALLAS   | a12recmpm  | 12/04/1989 |
|     30 | SALES      | CHICAGO  | sales@2017 | 13/04/1989 |
|     40 | OPERATIONS | BOSTON   | opr@123    | 12/07/1989 |
|     50 | HR         | PUNE     | PUN@8877   | 22/12/1989 |
+--------+------------+----------+------------+------------+
5 rows in set (0.00 sec)

mysql> select * from y2;
Empty set (0.00 sec)

mysql> insert into y2 select * from dept;
Query OK, 5 rows affected (0.01 sec)
Records: 5  Duplicates: 0  Warnings: 0

mysql> select * from y2;
+--------+------------+----------+------------+------------+
| DEPTNO | DNAME      | LOC      | PWD        | STARTEDON  |
+--------+------------+----------+------------+------------+
|     10 | ACCOUNTING | NEW YORK | r50mpm     | 24/03/1989 |
|     20 | RESEARCH   | DALLAS   | a12recmpm  | 12/04/1989 |
|     30 | SALES      | CHICAGO  | sales@2017 | 13/04/1989 |
|     40 | OPERATIONS | BOSTON   | opr@123    | 12/07/1989 |
|     50 | HR         | PUNE     | PUN@8877   | 22/12/1989 |
+--------+------------+----------+------------+------------+
5 rows in set (0.00 sec)

mysql> select 28*5;
+------+
| 28*5 |
+------+
|  140 |
+------+
1 row in set (0.00 sec)

mysql> select * from emp, dept;
+-------+----------+--------+---------------------+------+------------+------+------+--------+---------+--------------+------------+------------+----------+--------+------------+----------+------------+------------+
| EMPNO | ENAME    | GENDER | JOB                 | MGR  | HIREDATE   | SAL  | COMM | DEPTNO | BONUSID | USER NAME    | PWD        | PHONE      | isActive | DEPTNO | DNAME      | LOC      | PWD        | STARTEDON  |
+-------+----------+--------+---------------------+------+------------+------+------+--------+---------+--------------+------------+------------+----------+--------+------------+----------+------------+------------+
|  6001 | GITA     | F      | Compliance officers | 7920 | 1981-07-19 | 1750 | NULL |     30 |       1 | GITA         | sales@2017 | NULL       |        1 |     50 | HR         | PUNE     | PUN@8877   | 22/12/1989 |
|  6001 | GITA     | F      | Compliance officers | 7920 | 1981-07-19 | 1750 | NULL |     30 |       1 | GITA         | sales@2017 | NULL       |        1 |     40 | OPERATIONS | BOSTON   | opr@123    | 12/07/1989 |
|  6001 | GITA     | F      | Compliance officers | 7920 | 1981-07-19 | 1750 | NULL |     30 |       1 | GITA         | sales@2017 | NULL       |        1 |     30 | SALES      | CHICAGO  | sales@2017 | 13/04/1989 |
|  6001 | GITA     | F      | Compliance officers | 7920 | 1981-07-19 | 1750 | NULL |     30 |       1 | GITA         | sales@2017 | NULL       |        1 |     20 | RESEARCH   | DALLAS   | a12recmpm  | 12/04/1989 |
|  6001 | GITA     | F      | Compliance officers | 7920 | 1981-07-19 | 1750 | NULL |     30 |       1 | GITA         | sales@2017 | NULL       |        1 |     10 | ACCOUNTING | NEW YORK | r50mpm     | 24/03/1989 |
|  6129 | VRUSHALI | F      | Compliance officers | 7920 | 1981-07-19 | 1750 | NULL |     50 |       1 | VRUSHALI     | PUN@8877   | NULL       |        1 |     50 | HR         | PUNE     | PUN@8877   | 22/12/1989 |
|  6129 | VRUSHALI | F      | Compliance officers | 7920 | 1981-07-19 | 1750 | NULL |     50 |       1 | VRUSHALI     | PUN@8877   | NULL       |        1 |     40 | OPERATIONS | BOSTON   | opr@123    | 12/07/1989 |
|  6129 | VRUSHALI | F      | Compliance officers | 7920 | 1981-07-19 | 1750 | NULL |     50 |       1 | VRUSHALI     | PUN@8877   | NULL       |        1 |     30 | SALES      | CHICAGO  | sales@2017 | 13/04/1989 |
|  6129 | VRUSHALI | F      | Compliance officers | 7920 | 1981-07-19 | 1750 | NULL |     50 |       1 | VRUSHALI     | PUN@8877   | NULL       |        1 |     20 | RESEARCH   | DALLAS   | a12recmpm  | 12/04/1989 |
|  6129 | VRUSHALI | F      | Compliance officers | 7920 | 1981-07-19 | 1750 | NULL |     50 |       1 | VRUSHALI     | PUN@8877   | NULL       |        1 |     10 | ACCOUNTING | NEW YORK | r50mpm     | 24/03/1989 |
|  6473 | SHARMIN  | F      | Public Relation     | 7920 | 1981-07-19 | 1750 | NULL |     20 |       1 | SHARMIN      | a12recmpm  | NULL       |        1 |     50 | HR         | PUNE     | PUN@8877   | 22/12/1989 |
|  6473 | SHARMIN  | F      | Public Relation     | 7920 | 1981-07-19 | 1750 | NULL |     20 |       1 | SHARMIN      | a12recmpm  | NULL       |        1 |     40 | OPERATIONS | BOSTON   | opr@123    | 12/07/1989 |
|  6473 | SHARMIN  | F      | Public Relation     | 7920 | 1981-07-19 | 1750 | NULL |     20 |       1 | SHARMIN      | a12recmpm  | NULL       |        1 |     30 | SALES      | CHICAGO  | sales@2017 | 13/04/1989 |
|  6473 | SHARMIN  | F      | Public Relation     | 7920 | 1981-07-19 | 1750 | NULL |     20 |       1 | SHARMIN      | a12recmpm  | NULL       |        1 |     20 | RESEARCH   | DALLAS   | a12recmpm  | 12/04/1989 |
|  6473 | SHARMIN  | F      | Public Relation     | 7920 | 1981-07-19 | 1750 | NULL |     20 |       1 | SHARMIN      | a12recmpm  | NULL       |        1 |     10 | ACCOUNTING | NEW YORK | r50mpm     | 24/03/1989 |
|  6781 | BANDISH  | F      | Public Relation     | 7920 | 1981-07-19 | 1750 | NULL |     20 |       1 | BANDISH      | a12recmpm  | NULL       |        1 |     50 | HR         | PUNE     | PUN@8877   | 22/12/1989 |
|  6781 | BANDISH  | F      | Public Relation     | 7920 | 1981-07-19 | 1750 | NULL |     20 |       1 | BANDISH      | a12recmpm  | NULL       |        1 |     40 | OPERATIONS | BOSTON   | opr@123    | 12/07/1989 |
|  6781 | BANDISH  | F      | Public Relation     | 7920 | 1981-07-19 | 1750 | NULL |     20 |       1 | BANDISH      | a12recmpm  | NULL       |        1 |     30 | SALES      | CHICAGO  | sales@2017 | 13/04/1989 |
|  6781 | BANDISH  | F      | Public Relation     | 7920 | 1981-07-19 | 1750 | NULL |     20 |       1 | BANDISH      | a12recmpm  | NULL       |        1 |     20 | RESEARCH   | DALLAS   | a12recmpm  | 12/04/1989 |
|  6781 | BANDISH  | F      | Public Relation     | 7920 | 1981-07-19 | 1750 | NULL |     20 |       1 | BANDISH      | a12recmpm  | NULL       |        1 |     10 | ACCOUNTING | NEW YORK | r50mpm     | 24/03/1989 |
|  7369 | SMITH    | M      | CLERK               | 7902 | 1980-12-17 |  800 | NULL |     20 |       2 | TRITONE      | a12recmpm  | 7032300023 |        0 |     50 | HR         | PUNE     | PUN@8877   | 22/12/1989 |
|  7369 | SMITH    | M      | CLERK               | 7902 | 1980-12-17 |  800 | NULL |     20 |       2 | TRITONE      | a12recmpm  | 7032300023 |        0 |     40 | OPERATIONS | BOSTON   | opr@123    | 12/07/1989 |
|  7369 | SMITH    | M      | CLERK               | 7902 | 1980-12-17 |  800 | NULL |     20 |       2 | TRITONE      | a12recmpm  | 7032300023 |        0 |     30 | SALES      | CHICAGO  | sales@2017 | 13/04/1989 |
|  7369 | SMITH    | M      | CLERK               | 7902 | 1980-12-17 |  800 | NULL |     20 |       2 | TRITONE      | a12recmpm  | 7032300023 |        0 |     20 | RESEARCH   | DALLAS   | a12recmpm  | 12/04/1989 |
|  7369 | SMITH    | M      | CLERK               | 7902 | 1980-12-17 |  800 | NULL |     20 |       2 | TRITONE      | a12recmpm  | 7032300023 |        0 |     10 | ACCOUNTING | NEW YORK | r50mpm     | 24/03/1989 |
|  7415 | AARAV    | M      | CLERK               | 7902 | 1981-12-31 | 3350 | NULL |     10 |    NULL | AARAV        | NULL       | 7032300084 |        0 |     50 | HR         | PUNE     | PUN@8877   | 22/12/1989 |
|  7415 | AARAV    | M      | CLERK               | 7902 | 1981-12-31 | 3350 | NULL |     10 |    NULL | AARAV        | NULL       | 7032300084 |        0 |     40 | OPERATIONS | BOSTON   | opr@123    | 12/07/1989 |
|  7415 | AARAV    | M      | CLERK               | 7902 | 1981-12-31 | 3350 | NULL |     10 |    NULL | AARAV        | NULL       | 7032300084 |        0 |     30 | SALES      | CHICAGO  | sales@2017 | 13/04/1989 |
|  7415 | AARAV    | M      | CLERK               | 7902 | 1981-12-31 | 3350 | NULL |     10 |    NULL | AARAV        | NULL       | 7032300084 |        0 |     20 | RESEARCH   | DALLAS   | a12recmpm  | 12/04/1989 |
|  7415 | AARAV    | M      | CLERK               | 7902 | 1981-12-31 | 3350 | NULL |     10 |    NULL | AARAV        | NULL       | 7032300084 |        0 |     10 | ACCOUNTING | NEW YORK | r50mpm     | 24/03/1989 |
|  7421 | THOMAS   | M      | CLERK               | 7920 | 1981-07-19 | 1750 | NULL |     10 |       1 | THOMAS       | r50mpm     | 7032300011 |        0 |     50 | HR         | PUNE     | PUN@8877   | 22/12/1989 |
|  7421 | THOMAS   | M      | CLERK               | 7920 | 1981-07-19 | 1750 | NULL |     10 |       1 | THOMAS       | r50mpm     | 7032300011 |        0 |     40 | OPERATIONS | BOSTON   | opr@123    | 12/07/1989 |
|  7421 | THOMAS   | M      | CLERK               | 7920 | 1981-07-19 | 1750 | NULL |     10 |       1 | THOMAS       | r50mpm     | 7032300011 |        0 |     30 | SALES      | CHICAGO  | sales@2017 | 13/04/1989 |
|  7421 | THOMAS   | M      | CLERK               | 7920 | 1981-07-19 | 1750 | NULL |     10 |       1 | THOMAS       | r50mpm     | 7032300011 |        0 |     20 | RESEARCH   | DALLAS   | a12recmpm  | 12/04/1989 |
|  7421 | THOMAS   | M      | CLERK               | 7920 | 1981-07-19 | 1750 | NULL |     10 |       1 | THOMAS       | r50mpm     | 7032300011 |        0 |     10 | ACCOUNTING | NEW YORK | r50mpm     | 24/03/1989 |
|  7499 | ALLEN    | M      | SALESMAN            | 7698 | 1981-02-20 | 1600 |  300 |     30 |       4 | ALWAYS TESTE | sales@2017 | 7032300096 |        1 |     50 | HR         | PUNE     | PUN@8877   | 22/12/1989 |
|  7499 | ALLEN    | M      | SALESMAN            | 7698 | 1981-02-20 | 1600 |  300 |     30 |       4 | ALWAYS TESTE | sales@2017 | 7032300096 |        1 |     40 | OPERATIONS | BOSTON   | opr@123    | 12/07/1989 |
|  7499 | ALLEN    | M      | SALESMAN            | 7698 | 1981-02-20 | 1600 |  300 |     30 |       4 | ALWAYS TESTE | sales@2017 | 7032300096 |        1 |     30 | SALES      | CHICAGO  | sales@2017 | 13/04/1989 |
|  7499 | ALLEN    | M      | SALESMAN            | 7698 | 1981-02-20 | 1600 |  300 |     30 |       4 | ALWAYS TESTE | sales@2017 | 7032300096 |        1 |     20 | RESEARCH   | DALLAS   | a12recmpm  | 12/04/1989 |
|  7499 | ALLEN    | M      | SALESMAN            | 7698 | 1981-02-20 | 1600 |  300 |     30 |       4 | ALWAYS TESTE | sales@2017 | 7032300096 |        1 |     10 | ACCOUNTING | NEW YORK | r50mpm     | 24/03/1989 |
|  7521 | WARD     | M      | SALESMAN            | 7698 | 1981-02-22 | 1250 |  500 |     30 |       1 | WARD         | sales@2017 | 7132300034 |        1 |     50 | HR         | PUNE     | PUN@8877   | 22/12/1989 |
|  7521 | WARD     | M      | SALESMAN            | 7698 | 1981-02-22 | 1250 |  500 |     30 |       1 | WARD         | sales@2017 | 7132300034 |        1 |     40 | OPERATIONS | BOSTON   | opr@123    | 12/07/1989 |
|  7521 | WARD     | M      | SALESMAN            | 7698 | 1981-02-22 | 1250 |  500 |     30 |       1 | WARD         | sales@2017 | 7132300034 |        1 |     30 | SALES      | CHICAGO  | sales@2017 | 13/04/1989 |
|  7521 | WARD     | M      | SALESMAN            | 7698 | 1981-02-22 | 1250 |  500 |     30 |       1 | WARD         | sales@2017 | 7132300034 |        1 |     20 | RESEARCH   | DALLAS   | a12recmpm  | 12/04/1989 |
|  7521 | WARD     | M      | SALESMAN            | 7698 | 1981-02-22 | 1250 |  500 |     30 |       1 | WARD         | sales@2017 | 7132300034 |        1 |     10 | ACCOUNTING | NEW YORK | r50mpm     | 24/03/1989 |
|  7566 | JONES    | M      | MANAGER             | 7839 | 1981-04-02 | 2975 | NULL |     20 |       4 | HONEYCOMB    | a12recmpm  | 7132300039 |        1 |     50 | HR         | PUNE     | PUN@8877   | 22/12/1989 |
|  7566 | JONES    | M      | MANAGER             | 7839 | 1981-04-02 | 2975 | NULL |     20 |       4 | HONEYCOMB    | a12recmpm  | 7132300039 |        1 |     40 | OPERATIONS | BOSTON   | opr@123    | 12/07/1989 |
|  7566 | JONES    | M      | MANAGER             | 7839 | 1981-04-02 | 2975 | NULL |     20 |       4 | HONEYCOMB    | a12recmpm  | 7132300039 |        1 |     30 | SALES      | CHICAGO  | sales@2017 | 13/04/1989 |
|  7566 | JONES    | M      | MANAGER             | 7839 | 1981-04-02 | 2975 | NULL |     20 |       4 | HONEYCOMB    | a12recmpm  | 7132300039 |        1 |     20 | RESEARCH   | DALLAS   | a12recmpm  | 12/04/1989 |
|  7566 | JONES    | M      | MANAGER             | 7839 | 1981-04-02 | 2975 | NULL |     20 |       4 | HONEYCOMB    | a12recmpm  | 7132300039 |        1 |     10 | ACCOUNTING | NEW YORK | r50mpm     | 24/03/1989 |
|  7654 | MARTIN   | M      | SALESMAN            | 7698 | 1981-09-28 | 1250 | 1400 |     30 |       6 | LIFE RACER   | sales@2017 | 7132300050 |        1 |     50 | HR         | PUNE     | PUN@8877   | 22/12/1989 |
|  7654 | MARTIN   | M      | SALESMAN            | 7698 | 1981-09-28 | 1250 | 1400 |     30 |       6 | LIFE RACER   | sales@2017 | 7132300050 |        1 |     40 | OPERATIONS | BOSTON   | opr@123    | 12/07/1989 |
|  7654 | MARTIN   | M      | SALESMAN            | 7698 | 1981-09-28 | 1250 | 1400 |     30 |       6 | LIFE RACER   | sales@2017 | 7132300050 |        1 |     30 | SALES      | CHICAGO  | sales@2017 | 13/04/1989 |
|  7654 | MARTIN   | M      | SALESMAN            | 7698 | 1981-09-28 | 1250 | 1400 |     30 |       6 | LIFE RACER   | sales@2017 | 7132300050 |        1 |     20 | RESEARCH   | DALLAS   | a12recmpm  | 12/04/1989 |
|  7654 | MARTIN   | M      | SALESMAN            | 7698 | 1981-09-28 | 1250 | 1400 |     30 |       6 | LIFE RACER   | sales@2017 | 7132300050 |        1 |     10 | ACCOUNTING | NEW YORK | r50mpm     | 24/03/1989 |
|  7698 | BLAKE    | M      | MANAGER             | 7839 | 1981-05-01 | 2850 | NULL |     30 |       1 | BIG BEN      | sales@2017 | 7132300027 |        1 |     50 | HR         | PUNE     | PUN@8877   | 22/12/1989 |
|  7698 | BLAKE    | M      | MANAGER             | 7839 | 1981-05-01 | 2850 | NULL |     30 |       1 | BIG BEN      | sales@2017 | 7132300027 |        1 |     40 | OPERATIONS | BOSTON   | opr@123    | 12/07/1989 |
|  7698 | BLAKE    | M      | MANAGER             | 7839 | 1981-05-01 | 2850 | NULL |     30 |       1 | BIG BEN      | sales@2017 | 7132300027 |        1 |     30 | SALES      | CHICAGO  | sales@2017 | 13/04/1989 |
|  7698 | BLAKE    | M      | MANAGER             | 7839 | 1981-05-01 | 2850 | NULL |     30 |       1 | BIG BEN      | sales@2017 | 7132300027 |        1 |     20 | RESEARCH   | DALLAS   | a12recmpm  | 12/04/1989 |
|  7698 | BLAKE    | M      | MANAGER             | 7839 | 1981-05-01 | 2850 | NULL |     30 |       1 | BIG BEN      | sales@2017 | 7132300027 |        1 |     10 | ACCOUNTING | NEW YORK | r50mpm     | 24/03/1989 |
|  7782 | CLARK    | M      | MANAGER             | 7839 | 1981-06-09 | 2450 | NULL |     10 |       3 | CLARK        | r50mpm     | 7032300001 |        1 |     50 | HR         | PUNE     | PUN@8877   | 22/12/1989 |
|  7782 | CLARK    | M      | MANAGER             | 7839 | 1981-06-09 | 2450 | NULL |     10 |       3 | CLARK        | r50mpm     | 7032300001 |        1 |     40 | OPERATIONS | BOSTON   | opr@123    | 12/07/1989 |
|  7782 | CLARK    | M      | MANAGER             | 7839 | 1981-06-09 | 2450 | NULL |     10 |       3 | CLARK        | r50mpm     | 7032300001 |        1 |     30 | SALES      | CHICAGO  | sales@2017 | 13/04/1989 |
|  7782 | CLARK    | M      | MANAGER             | 7839 | 1981-06-09 | 2450 | NULL |     10 |       3 | CLARK        | r50mpm     | 7032300001 |        1 |     20 | RESEARCH   | DALLAS   | a12recmpm  | 12/04/1989 |
|  7782 | CLARK    | M      | MANAGER             | 7839 | 1981-06-09 | 2450 | NULL |     10 |       3 | CLARK        | r50mpm     | 7032300001 |        1 |     10 | ACCOUNTING | NEW YORK | r50mpm     | 24/03/1989 |
|  7788 | SCOTT    | M      | ANALYST             | 7566 | 1982-12-09 | 3000 | NULL |     20 |       3 | WHITE SAND   | a12recmpm  | NULL       |        1 |     50 | HR         | PUNE     | PUN@8877   | 22/12/1989 |
|  7788 | SCOTT    | M      | ANALYST             | 7566 | 1982-12-09 | 3000 | NULL |     20 |       3 | WHITE SAND   | a12recmpm  | NULL       |        1 |     40 | OPERATIONS | BOSTON   | opr@123    | 12/07/1989 |
|  7788 | SCOTT    | M      | ANALYST             | 7566 | 1982-12-09 | 3000 | NULL |     20 |       3 | WHITE SAND   | a12recmpm  | NULL       |        1 |     30 | SALES      | CHICAGO  | sales@2017 | 13/04/1989 |
|  7788 | SCOTT    | M      | ANALYST             | 7566 | 1982-12-09 | 3000 | NULL |     20 |       3 | WHITE SAND   | a12recmpm  | NULL       |        1 |     20 | RESEARCH   | DALLAS   | a12recmpm  | 12/04/1989 |
|  7788 | SCOTT    | M      | ANALYST             | 7566 | 1982-12-09 | 3000 | NULL |     20 |       3 | WHITE SAND   | a12recmpm  | NULL       |        1 |     10 | ACCOUNTING | NEW YORK | r50mpm     | 24/03/1989 |
|  7839 | KING     | M      | PRESIDENT           | NULL | 1981-11-17 | 5000 | NULL |     10 |       1 | KING         | r50mpm     | 7132300081 |        1 |     50 | HR         | PUNE     | PUN@8877   | 22/12/1989 |
|  7839 | KING     | M      | PRESIDENT           | NULL | 1981-11-17 | 5000 | NULL |     10 |       1 | KING         | r50mpm     | 7132300081 |        1 |     40 | OPERATIONS | BOSTON   | opr@123    | 12/07/1989 |
|  7839 | KING     | M      | PRESIDENT           | NULL | 1981-11-17 | 5000 | NULL |     10 |       1 | KING         | r50mpm     | 7132300081 |        1 |     30 | SALES      | CHICAGO  | sales@2017 | 13/04/1989 |
|  7839 | KING     | M      | PRESIDENT           | NULL | 1981-11-17 | 5000 | NULL |     10 |       1 | KING         | r50mpm     | 7132300081 |        1 |     20 | RESEARCH   | DALLAS   | a12recmpm  | 12/04/1989 |
|  7839 | KING     | M      | PRESIDENT           | NULL | 1981-11-17 | 5000 | NULL |     10 |       1 | KING         | r50mpm     | 7132300081 |        1 |     10 | ACCOUNTING | NEW YORK | r50mpm     | 24/03/1989 |
|  7840 | FRED     | M      | vice PRESIDENT      | 7839 | 1983-08-09 | 5000 | NULL |     20 |       1 | SAND STONE   | a12recmpm  | NULL       |        1 |     50 | HR         | PUNE     | PUN@8877   | 22/12/1989 |
|  7840 | FRED     | M      | vice PRESIDENT      | 7839 | 1983-08-09 | 5000 | NULL |     20 |       1 | SAND STONE   | a12recmpm  | NULL       |        1 |     40 | OPERATIONS | BOSTON   | opr@123    | 12/07/1989 |
|  7840 | FRED     | M      | vice PRESIDENT      | 7839 | 1983-08-09 | 5000 | NULL |     20 |       1 | SAND STONE   | a12recmpm  | NULL       |        1 |     30 | SALES      | CHICAGO  | sales@2017 | 13/04/1989 |
|  7840 | FRED     | M      | vice PRESIDENT      | 7839 | 1983-08-09 | 5000 | NULL |     20 |       1 | SAND STONE   | a12recmpm  | NULL       |        1 |     20 | RESEARCH   | DALLAS   | a12recmpm  | 12/04/1989 |
|  7840 | FRED     | M      | vice PRESIDENT      | 7839 | 1983-08-09 | 5000 | NULL |     20 |       1 | SAND STONE   | a12recmpm  | NULL       |        1 |     10 | ACCOUNTING | NEW YORK | r50mpm     | 24/03/1989 |
|  7844 | TURNER   | M      | SALESMAN            | 7698 | 1981-09-08 | 1500 |    0 |     30 |       5 | SAND DUST    | sales@2017 | NULL       |        1 |     50 | HR         | PUNE     | PUN@8877   | 22/12/1989 |
|  7844 | TURNER   | M      | SALESMAN            | 7698 | 1981-09-08 | 1500 |    0 |     30 |       5 | SAND DUST    | sales@2017 | NULL       |        1 |     40 | OPERATIONS | BOSTON   | opr@123    | 12/07/1989 |
|  7844 | TURNER   | M      | SALESMAN            | 7698 | 1981-09-08 | 1500 |    0 |     30 |       5 | SAND DUST    | sales@2017 | NULL       |        1 |     30 | SALES      | CHICAGO  | sales@2017 | 13/04/1989 |
|  7844 | TURNER   | M      | SALESMAN            | 7698 | 1981-09-08 | 1500 |    0 |     30 |       5 | SAND DUST    | sales@2017 | NULL       |        1 |     20 | RESEARCH   | DALLAS   | a12recmpm  | 12/04/1989 |
|  7844 | TURNER   | M      | SALESMAN            | 7698 | 1981-09-08 | 1500 |    0 |     30 |       5 | SAND DUST    | sales@2017 | NULL       |        1 |     10 | ACCOUNTING | NEW YORK | r50mpm     | 24/03/1989 |
|  7876 | ADAMS    | M      | CLERK               | 7788 | 1983-01-12 | 1100 | NULL |     20 |       1 | CRAZY ANYONE | a12recmpm  | 7132300086 |        1 |     50 | HR         | PUNE     | PUN@8877   | 22/12/1989 |
|  7876 | ADAMS    | M      | CLERK               | 7788 | 1983-01-12 | 1100 | NULL |     20 |       1 | CRAZY ANYONE | a12recmpm  | 7132300086 |        1 |     40 | OPERATIONS | BOSTON   | opr@123    | 12/07/1989 |
|  7876 | ADAMS    | M      | CLERK               | 7788 | 1983-01-12 | 1100 | NULL |     20 |       1 | CRAZY ANYONE | a12recmpm  | 7132300086 |        1 |     30 | SALES      | CHICAGO  | sales@2017 | 13/04/1989 |
|  7876 | ADAMS    | M      | CLERK               | 7788 | 1983-01-12 | 1100 | NULL |     20 |       1 | CRAZY ANYONE | a12recmpm  | 7132300086 |        1 |     20 | RESEARCH   | DALLAS   | a12recmpm  | 12/04/1989 |
|  7876 | ADAMS    | M      | CLERK               | 7788 | 1983-01-12 | 1100 | NULL |     20 |       1 | CRAZY ANYONE | a12recmpm  | 7132300086 |        1 |     10 | ACCOUNTING | NEW YORK | r50mpm     | 24/03/1989 |
|  7900 | JAMES    | M      | CLERK               | 7698 | 1981-12-03 |  950 | NULL |     30 |       2 | CRAZY LEADER | sales@2017 | 7132300042 |        1 |     50 | HR         | PUNE     | PUN@8877   | 22/12/1989 |
|  7900 | JAMES    | M      | CLERK               | 7698 | 1981-12-03 |  950 | NULL |     30 |       2 | CRAZY LEADER | sales@2017 | 7132300042 |        1 |     40 | OPERATIONS | BOSTON   | opr@123    | 12/07/1989 |
|  7900 | JAMES    | M      | CLERK               | 7698 | 1981-12-03 |  950 | NULL |     30 |       2 | CRAZY LEADER | sales@2017 | 7132300042 |        1 |     30 | SALES      | CHICAGO  | sales@2017 | 13/04/1989 |
|  7900 | JAMES    | M      | CLERK               | 7698 | 1981-12-03 |  950 | NULL |     30 |       2 | CRAZY LEADER | sales@2017 | 7132300042 |        1 |     20 | RESEARCH   | DALLAS   | a12recmpm  | 12/04/1989 |
|  7900 | JAMES    | M      | CLERK               | 7698 | 1981-12-03 |  950 | NULL |     30 |       2 | CRAZY LEADER | sales@2017 | 7132300042 |        1 |     10 | ACCOUNTING | NEW YORK | r50mpm     | 24/03/1989 |
|  7902 | FORD     | M      | ANALYST             | 7566 | 1981-12-03 | 3000 | NULL |     20 |       4 | CONBRIO      | a12recmpm  | NULL       |        0 |     50 | HR         | PUNE     | PUN@8877   | 22/12/1989 |
|  7902 | FORD     | M      | ANALYST             | 7566 | 1981-12-03 | 3000 | NULL |     20 |       4 | CONBRIO      | a12recmpm  | NULL       |        0 |     40 | OPERATIONS | BOSTON   | opr@123    | 12/07/1989 |
|  7902 | FORD     | M      | ANALYST             | 7566 | 1981-12-03 | 3000 | NULL |     20 |       4 | CONBRIO      | a12recmpm  | NULL       |        0 |     30 | SALES      | CHICAGO  | sales@2017 | 13/04/1989 |
|  7902 | FORD     | M      | ANALYST             | 7566 | 1981-12-03 | 3000 | NULL |     20 |       4 | CONBRIO      | a12recmpm  | NULL       |        0 |     20 | RESEARCH   | DALLAS   | a12recmpm  | 12/04/1989 |
|  7902 | FORD     | M      | ANALYST             | 7566 | 1981-12-03 | 3000 | NULL |     20 |       4 | CONBRIO      | a12recmpm  | NULL       |        0 |     10 | ACCOUNTING | NEW YORK | r50mpm     | 24/03/1989 |
|  7919 | HOFFMAN  | M      | MANAGER             | 7566 | 1982-03-24 | 4150 | NULL |     30 |       3 | INTERVAL     | sales@2017 | NULL       |        1 |     50 | HR         | PUNE     | PUN@8877   | 22/12/1989 |
|  7919 | HOFFMAN  | M      | MANAGER             | 7566 | 1982-03-24 | 4150 | NULL |     30 |       3 | INTERVAL     | sales@2017 | NULL       |        1 |     40 | OPERATIONS | BOSTON   | opr@123    | 12/07/1989 |
|  7919 | HOFFMAN  | M      | MANAGER             | 7566 | 1982-03-24 | 4150 | NULL |     30 |       3 | INTERVAL     | sales@2017 | NULL       |        1 |     30 | SALES      | CHICAGO  | sales@2017 | 13/04/1989 |
|  7919 | HOFFMAN  | M      | MANAGER             | 7566 | 1982-03-24 | 4150 | NULL |     30 |       3 | INTERVAL     | sales@2017 | NULL       |        1 |     20 | RESEARCH   | DALLAS   | a12recmpm  | 12/04/1989 |
|  7919 | HOFFMAN  | M      | MANAGER             | 7566 | 1982-03-24 | 4150 | NULL |     30 |       3 | INTERVAL     | sales@2017 | NULL       |        1 |     10 | ACCOUNTING | NEW YORK | r50mpm     | 24/03/1989 |
|  7920 | GRASS    | M      | SALESMAN            | 7919 | 1980-02-14 | 2575 | 2700 |     30 |       5 | GRASS        | sales@2017 | NULL       |        1 |     50 | HR         | PUNE     | PUN@8877   | 22/12/1989 |
|  7920 | GRASS    | M      | SALESMAN            | 7919 | 1980-02-14 | 2575 | 2700 |     30 |       5 | GRASS        | sales@2017 | NULL       |        1 |     40 | OPERATIONS | BOSTON   | opr@123    | 12/07/1989 |
|  7920 | GRASS    | M      | SALESMAN            | 7919 | 1980-02-14 | 2575 | 2700 |     30 |       5 | GRASS        | sales@2017 | NULL       |        1 |     30 | SALES      | CHICAGO  | sales@2017 | 13/04/1989 |
|  7920 | GRASS    | M      | SALESMAN            | 7919 | 1980-02-14 | 2575 | 2700 |     30 |       5 | GRASS        | sales@2017 | NULL       |        1 |     20 | RESEARCH   | DALLAS   | a12recmpm  | 12/04/1989 |
|  7920 | GRASS    | M      | SALESMAN            | 7919 | 1980-02-14 | 2575 | 2700 |     30 |       5 | GRASS        | sales@2017 | NULL       |        1 |     10 | ACCOUNTING | NEW YORK | r50mpm     | 24/03/1989 |
|  7934 | MILLER   | M      | CLERK               | 7782 | 1982-01-23 | 1300 | NULL |     10 |       2 | QUARTERNOTE  | r50mpm     | 7132300055 |        0 |     50 | HR         | PUNE     | PUN@8877   | 22/12/1989 |
|  7934 | MILLER   | M      | CLERK               | 7782 | 1982-01-23 | 1300 | NULL |     10 |       2 | QUARTERNOTE  | r50mpm     | 7132300055 |        0 |     40 | OPERATIONS | BOSTON   | opr@123    | 12/07/1989 |
|  7934 | MILLER   | M      | CLERK               | 7782 | 1982-01-23 | 1300 | NULL |     10 |       2 | QUARTERNOTE  | r50mpm     | 7132300055 |        0 |     30 | SALES      | CHICAGO  | sales@2017 | 13/04/1989 |
|  7934 | MILLER   | M      | CLERK               | 7782 | 1982-01-23 | 1300 | NULL |     10 |       2 | QUARTERNOTE  | r50mpm     | 7132300055 |        0 |     20 | RESEARCH   | DALLAS   | a12recmpm  | 12/04/1989 |
|  7934 | MILLER   | M      | CLERK               | 7782 | 1982-01-23 | 1300 | NULL |     10 |       2 | QUARTERNOTE  | r50mpm     | 7132300055 |        0 |     10 | ACCOUNTING | NEW YORK | r50mpm     | 24/03/1989 |
|  7945 | AARUSH   | M      | SALESMAN            | 7902 | 1980-02-14 | 1350 | 2700 |     30 |    NULL | AARUSH       | ABCDEF     | NULL       |        0 |     50 | HR         | PUNE     | PUN@8877   | 22/12/1989 |
|  7945 | AARUSH   | M      | SALESMAN            | 7902 | 1980-02-14 | 1350 | 2700 |     30 |    NULL | AARUSH       | ABCDEF     | NULL       |        0 |     40 | OPERATIONS | BOSTON   | opr@123    | 12/07/1989 |
|  7945 | AARUSH   | M      | SALESMAN            | 7902 | 1980-02-14 | 1350 | 2700 |     30 |    NULL | AARUSH       | ABCDEF     | NULL       |        0 |     30 | SALES      | CHICAGO  | sales@2017 | 13/04/1989 |
|  7945 | AARUSH   | M      | SALESMAN            | 7902 | 1980-02-14 | 1350 | 2700 |     30 |    NULL | AARUSH       | ABCDEF     | NULL       |        0 |     20 | RESEARCH   | DALLAS   | a12recmpm  | 12/04/1989 |
|  7945 | AARUSH   | M      | SALESMAN            | 7902 | 1980-02-14 | 1350 | 2700 |     30 |    NULL | AARUSH       | ABCDEF     | NULL       |        0 |     10 | ACCOUNTING | NEW YORK | r50mpm     | 24/03/1989 |
|  7949 | ALEX     | M      | MANAGER             | 7698 | 1982-01-24 | 1250 |  500 |     30 |       5 | QUARTERREST  | sales@2017 | 7156567183 |        1 |     50 | HR         | PUNE     | PUN@8877   | 22/12/1989 |
|  7949 | ALEX     | M      | MANAGER             | 7698 | 1982-01-24 | 1250 |  500 |     30 |       5 | QUARTERREST  | sales@2017 | 7156567183 |        1 |     40 | OPERATIONS | BOSTON   | opr@123    | 12/07/1989 |
|  7949 | ALEX     | M      | MANAGER             | 7698 | 1982-01-24 | 1250 |  500 |     30 |       5 | QUARTERREST  | sales@2017 | 7156567183 |        1 |     30 | SALES      | CHICAGO  | sales@2017 | 13/04/1989 |
|  7949 | ALEX     | M      | MANAGER             | 7698 | 1982-01-24 | 1250 |  500 |     30 |       5 | QUARTERREST  | sales@2017 | 7156567183 |        1 |     20 | RESEARCH   | DALLAS   | a12recmpm  | 12/04/1989 |
|  7949 | ALEX     | M      | MANAGER             | 7698 | 1982-01-24 | 1250 |  500 |     30 |       5 | QUARTERREST  | sales@2017 | 7156567183 |        1 |     10 | ACCOUNTING | NEW YORK | r50mpm     | 24/03/1989 |
|  8433 | NATASHA  | F      | CLERK               | 7920 | 1981-07-19 | 1750 | NULL |     30 |       1 | NATASHA      | sales@2017 | NULL       |        1 |     50 | HR         | PUNE     | PUN@8877   | 22/12/1989 |
|  8433 | NATASHA  | F      | CLERK               | 7920 | 1981-07-19 | 1750 | NULL |     30 |       1 | NATASHA      | sales@2017 | NULL       |        1 |     40 | OPERATIONS | BOSTON   | opr@123    | 12/07/1989 |
|  8433 | NATASHA  | F      | CLERK               | 7920 | 1981-07-19 | 1750 | NULL |     30 |       1 | NATASHA      | sales@2017 | NULL       |        1 |     30 | SALES      | CHICAGO  | sales@2017 | 13/04/1989 |
|  8433 | NATASHA  | F      | CLERK               | 7920 | 1981-07-19 | 1750 | NULL |     30 |       1 | NATASHA      | sales@2017 | NULL       |        1 |     20 | RESEARCH   | DALLAS   | a12recmpm  | 12/04/1989 |
|  8433 | NATASHA  | F      | CLERK               | 7920 | 1981-07-19 | 1750 | NULL |     30 |       1 | NATASHA      | sales@2017 | NULL       |        1 |     10 | ACCOUNTING | NEW YORK | r50mpm     | 24/03/1989 |
|  9400 | SANGITA  | F      | Compliance officers | 7920 | 1981-07-19 | 1750 | NULL |     50 |       1 | SANGITA      | NULL       | NULL       |        1 |     50 | HR         | PUNE     | PUN@8877   | 22/12/1989 |
|  9400 | SANGITA  | F      | Compliance officers | 7920 | 1981-07-19 | 1750 | NULL |     50 |       1 | SANGITA      | NULL       | NULL       |        1 |     40 | OPERATIONS | BOSTON   | opr@123    | 12/07/1989 |
|  9400 | SANGITA  | F      | Compliance officers | 7920 | 1981-07-19 | 1750 | NULL |     50 |       1 | SANGITA      | NULL       | NULL       |        1 |     30 | SALES      | CHICAGO  | sales@2017 | 13/04/1989 |
|  9400 | SANGITA  | F      | Compliance officers | 7920 | 1981-07-19 | 1750 | NULL |     50 |       1 | SANGITA      | NULL       | NULL       |        1 |     20 | RESEARCH   | DALLAS   | a12recmpm  | 12/04/1989 |
|  9400 | SANGITA  | F      | Compliance officers | 7920 | 1981-07-19 | 1750 | NULL |     50 |       1 | SANGITA      | NULL       | NULL       |        1 |     10 | ACCOUNTING | NEW YORK | r50mpm     | 24/03/1989 |
|  9473 | SUPRIYA  | F      | ANALYST             | 7920 | 1981-07-19 | 1750 | NULL |     50 |       1 | SUPRIYA      | XYZ@1234   | NULL       |        1 |     50 | HR         | PUNE     | PUN@8877   | 22/12/1989 |
|  9473 | SUPRIYA  | F      | ANALYST             | 7920 | 1981-07-19 | 1750 | NULL |     50 |       1 | SUPRIYA      | XYZ@1234   | NULL       |        1 |     40 | OPERATIONS | BOSTON   | opr@123    | 12/07/1989 |
|  9473 | SUPRIYA  | F      | ANALYST             | 7920 | 1981-07-19 | 1750 | NULL |     50 |       1 | SUPRIYA      | XYZ@1234   | NULL       |        1 |     30 | SALES      | CHICAGO  | sales@2017 | 13/04/1989 |
|  9473 | SUPRIYA  | F      | ANALYST             | 7920 | 1981-07-19 | 1750 | NULL |     50 |       1 | SUPRIYA      | XYZ@1234   | NULL       |        1 |     20 | RESEARCH   | DALLAS   | a12recmpm  | 12/04/1989 |
|  9473 | SUPRIYA  | F      | ANALYST             | 7920 | 1981-07-19 | 1750 | NULL |     50 |       1 | SUPRIYA      | XYZ@1234   | NULL       |        1 |     10 | ACCOUNTING | NEW YORK | r50mpm     | 24/03/1989 |
+-------+----------+--------+---------------------+------+------------+------+------+--------+---------+--------------+------------+------------+----------+--------+------------+----------+------------+------------+
140 rows in set (0.01 sec)

mysql> select ename, dname from emp, dept;
+----------+------------+
| ename    | dname      |
+----------+------------+
| GITA     | HR         |
| GITA     | OPERATIONS |
| GITA     | SALES      |
| GITA     | RESEARCH   |
| GITA     | ACCOUNTING |
| VRUSHALI | HR         |
| VRUSHALI | OPERATIONS |
| VRUSHALI | SALES      |
| VRUSHALI | RESEARCH   |
| VRUSHALI | ACCOUNTING |
| SHARMIN  | HR         |
| SHARMIN  | OPERATIONS |
| SHARMIN  | SALES      |
| SHARMIN  | RESEARCH   |
| SHARMIN  | ACCOUNTING |
| BANDISH  | HR         |
| BANDISH  | OPERATIONS |
| BANDISH  | SALES      |
| BANDISH  | RESEARCH   |
| BANDISH  | ACCOUNTING |
| SMITH    | HR         |
| SMITH    | OPERATIONS |
| SMITH    | SALES      |
| SMITH    | RESEARCH   |
| SMITH    | ACCOUNTING |
| AARAV    | HR         |
| AARAV    | OPERATIONS |
| AARAV    | SALES      |
| AARAV    | RESEARCH   |
| AARAV    | ACCOUNTING |
| THOMAS   | HR         |
| THOMAS   | OPERATIONS |
| THOMAS   | SALES      |
| THOMAS   | RESEARCH   |
| THOMAS   | ACCOUNTING |
| ALLEN    | HR         |
| ALLEN    | OPERATIONS |
| ALLEN    | SALES      |
| ALLEN    | RESEARCH   |
| ALLEN    | ACCOUNTING |
| WARD     | HR         |
| WARD     | OPERATIONS |
| WARD     | SALES      |
| WARD     | RESEARCH   |
| WARD     | ACCOUNTING |
| JONES    | HR         |
| JONES    | OPERATIONS |
| JONES    | SALES      |
| JONES    | RESEARCH   |
| JONES    | ACCOUNTING |
| MARTIN   | HR         |
| MARTIN   | OPERATIONS |
| MARTIN   | SALES      |
| MARTIN   | RESEARCH   |
| MARTIN   | ACCOUNTING |
| BLAKE    | HR         |
| BLAKE    | OPERATIONS |
| BLAKE    | SALES      |
| BLAKE    | RESEARCH   |
| BLAKE    | ACCOUNTING |
| CLARK    | HR         |
| CLARK    | OPERATIONS |
| CLARK    | SALES      |
| CLARK    | RESEARCH   |
| CLARK    | ACCOUNTING |
| SCOTT    | HR         |
| SCOTT    | OPERATIONS |
| SCOTT    | SALES      |
| SCOTT    | RESEARCH   |
| SCOTT    | ACCOUNTING |
| KING     | HR         |
| KING     | OPERATIONS |
| KING     | SALES      |
| KING     | RESEARCH   |
| KING     | ACCOUNTING |
| FRED     | HR         |
| FRED     | OPERATIONS |
| FRED     | SALES      |
| FRED     | RESEARCH   |
| FRED     | ACCOUNTING |
| TURNER   | HR         |
| TURNER   | OPERATIONS |
| TURNER   | SALES      |
| TURNER   | RESEARCH   |
| TURNER   | ACCOUNTING |
| ADAMS    | HR         |
| ADAMS    | OPERATIONS |
| ADAMS    | SALES      |
| ADAMS    | RESEARCH   |
| ADAMS    | ACCOUNTING |
| JAMES    | HR         |
| JAMES    | OPERATIONS |
| JAMES    | SALES      |
| JAMES    | RESEARCH   |
| JAMES    | ACCOUNTING |
| FORD     | HR         |
| FORD     | OPERATIONS |
| FORD     | SALES      |
| FORD     | RESEARCH   |
| FORD     | ACCOUNTING |
| HOFFMAN  | HR         |
| HOFFMAN  | OPERATIONS |
| HOFFMAN  | SALES      |
| HOFFMAN  | RESEARCH   |
| HOFFMAN  | ACCOUNTING |
| GRASS    | HR         |
| GRASS    | OPERATIONS |
| GRASS    | SALES      |
| GRASS    | RESEARCH   |
| GRASS    | ACCOUNTING |
| MILLER   | HR         |
| MILLER   | OPERATIONS |
| MILLER   | SALES      |
| MILLER   | RESEARCH   |
| MILLER   | ACCOUNTING |
| AARUSH   | HR         |
| AARUSH   | OPERATIONS |
| AARUSH   | SALES      |
| AARUSH   | RESEARCH   |
| AARUSH   | ACCOUNTING |
| ALEX     | HR         |
| ALEX     | OPERATIONS |
| ALEX     | SALES      |
| ALEX     | RESEARCH   |
| ALEX     | ACCOUNTING |
| NATASHA  | HR         |
| NATASHA  | OPERATIONS |
| NATASHA  | SALES      |
| NATASHA  | RESEARCH   |
| NATASHA  | ACCOUNTING |
| SANGITA  | HR         |
| SANGITA  | OPERATIONS |
| SANGITA  | SALES      |
| SANGITA  | RESEARCH   |
| SANGITA  | ACCOUNTING |
| SUPRIYA  | HR         |
| SUPRIYA  | OPERATIONS |
| SUPRIYA  | SALES      |
| SUPRIYA  | RESEARCH   |
| SUPRIYA  | ACCOUNTING |
+----------+------------+
140 rows in set (0.00 sec)

mysql> select ename, deptno, deptno, dname from emp, dept;
ERROR 1052 (23000): Column 'deptno' in field list is ambiguous
mysql> select ename, emp.deptno, dept.deptno, dname from emp, dept;
+----------+--------+--------+------------+
| ename    | deptno | deptno | dname      |
+----------+--------+--------+------------+
| GITA     |     30 |     50 | HR         |
| GITA     |     30 |     40 | OPERATIONS |
| GITA     |     30 |     30 | SALES      |
| GITA     |     30 |     20 | RESEARCH   |
| GITA     |     30 |     10 | ACCOUNTING |
| VRUSHALI |     50 |     50 | HR         |
| VRUSHALI |     50 |     40 | OPERATIONS |
| VRUSHALI |     50 |     30 | SALES      |
| VRUSHALI |     50 |     20 | RESEARCH   |
| VRUSHALI |     50 |     10 | ACCOUNTING |
| SHARMIN  |     20 |     50 | HR         |
| SHARMIN  |     20 |     40 | OPERATIONS |
| SHARMIN  |     20 |     30 | SALES      |
| SHARMIN  |     20 |     20 | RESEARCH   |
| SHARMIN  |     20 |     10 | ACCOUNTING |
| BANDISH  |     20 |     50 | HR         |
| BANDISH  |     20 |     40 | OPERATIONS |
| BANDISH  |     20 |     30 | SALES      |
| BANDISH  |     20 |     20 | RESEARCH   |
| BANDISH  |     20 |     10 | ACCOUNTING |
| SMITH    |     20 |     50 | HR         |
| SMITH    |     20 |     40 | OPERATIONS |
| SMITH    |     20 |     30 | SALES      |
| SMITH    |     20 |     20 | RESEARCH   |
| SMITH    |     20 |     10 | ACCOUNTING |
| AARAV    |     10 |     50 | HR         |
| AARAV    |     10 |     40 | OPERATIONS |
| AARAV    |     10 |     30 | SALES      |
| AARAV    |     10 |     20 | RESEARCH   |
| AARAV    |     10 |     10 | ACCOUNTING |
| THOMAS   |     10 |     50 | HR         |
| THOMAS   |     10 |     40 | OPERATIONS |
| THOMAS   |     10 |     30 | SALES      |
| THOMAS   |     10 |     20 | RESEARCH   |
| THOMAS   |     10 |     10 | ACCOUNTING |
| ALLEN    |     30 |     50 | HR         |
| ALLEN    |     30 |     40 | OPERATIONS |
| ALLEN    |     30 |     30 | SALES      |
| ALLEN    |     30 |     20 | RESEARCH   |
| ALLEN    |     30 |     10 | ACCOUNTING |
| WARD     |     30 |     50 | HR         |
| WARD     |     30 |     40 | OPERATIONS |
| WARD     |     30 |     30 | SALES      |
| WARD     |     30 |     20 | RESEARCH   |
| WARD     |     30 |     10 | ACCOUNTING |
| JONES    |     20 |     50 | HR         |
| JONES    |     20 |     40 | OPERATIONS |
| JONES    |     20 |     30 | SALES      |
| JONES    |     20 |     20 | RESEARCH   |
| JONES    |     20 |     10 | ACCOUNTING |
| MARTIN   |     30 |     50 | HR         |
| MARTIN   |     30 |     40 | OPERATIONS |
| MARTIN   |     30 |     30 | SALES      |
| MARTIN   |     30 |     20 | RESEARCH   |
| MARTIN   |     30 |     10 | ACCOUNTING |
| BLAKE    |     30 |     50 | HR         |
| BLAKE    |     30 |     40 | OPERATIONS |
| BLAKE    |     30 |     30 | SALES      |
| BLAKE    |     30 |     20 | RESEARCH   |
| BLAKE    |     30 |     10 | ACCOUNTING |
| CLARK    |     10 |     50 | HR         |
| CLARK    |     10 |     40 | OPERATIONS |
| CLARK    |     10 |     30 | SALES      |
| CLARK    |     10 |     20 | RESEARCH   |
| CLARK    |     10 |     10 | ACCOUNTING |
| SCOTT    |     20 |     50 | HR         |
| SCOTT    |     20 |     40 | OPERATIONS |
| SCOTT    |     20 |     30 | SALES      |
| SCOTT    |     20 |     20 | RESEARCH   |
| SCOTT    |     20 |     10 | ACCOUNTING |
| KING     |     10 |     50 | HR         |
| KING     |     10 |     40 | OPERATIONS |
| KING     |     10 |     30 | SALES      |
| KING     |     10 |     20 | RESEARCH   |
| KING     |     10 |     10 | ACCOUNTING |
| FRED     |     20 |     50 | HR         |
| FRED     |     20 |     40 | OPERATIONS |
| FRED     |     20 |     30 | SALES      |
| FRED     |     20 |     20 | RESEARCH   |
| FRED     |     20 |     10 | ACCOUNTING |
| TURNER   |     30 |     50 | HR         |
| TURNER   |     30 |     40 | OPERATIONS |
| TURNER   |     30 |     30 | SALES      |
| TURNER   |     30 |     20 | RESEARCH   |
| TURNER   |     30 |     10 | ACCOUNTING |
| ADAMS    |     20 |     50 | HR         |
| ADAMS    |     20 |     40 | OPERATIONS |
| ADAMS    |     20 |     30 | SALES      |
| ADAMS    |     20 |     20 | RESEARCH   |
| ADAMS    |     20 |     10 | ACCOUNTING |
| JAMES    |     30 |     50 | HR         |
| JAMES    |     30 |     40 | OPERATIONS |
| JAMES    |     30 |     30 | SALES      |
| JAMES    |     30 |     20 | RESEARCH   |
| JAMES    |     30 |     10 | ACCOUNTING |
| FORD     |     20 |     50 | HR         |
| FORD     |     20 |     40 | OPERATIONS |
| FORD     |     20 |     30 | SALES      |
| FORD     |     20 |     20 | RESEARCH   |
| FORD     |     20 |     10 | ACCOUNTING |
| HOFFMAN  |     30 |     50 | HR         |
| HOFFMAN  |     30 |     40 | OPERATIONS |
| HOFFMAN  |     30 |     30 | SALES      |
| HOFFMAN  |     30 |     20 | RESEARCH   |
| HOFFMAN  |     30 |     10 | ACCOUNTING |
| GRASS    |     30 |     50 | HR         |
| GRASS    |     30 |     40 | OPERATIONS |
| GRASS    |     30 |     30 | SALES      |
| GRASS    |     30 |     20 | RESEARCH   |
| GRASS    |     30 |     10 | ACCOUNTING |
| MILLER   |     10 |     50 | HR         |
| MILLER   |     10 |     40 | OPERATIONS |
| MILLER   |     10 |     30 | SALES      |
| MILLER   |     10 |     20 | RESEARCH   |
| MILLER   |     10 |     10 | ACCOUNTING |
| AARUSH   |     30 |     50 | HR         |
| AARUSH   |     30 |     40 | OPERATIONS |
| AARUSH   |     30 |     30 | SALES      |
| AARUSH   |     30 |     20 | RESEARCH   |
| AARUSH   |     30 |     10 | ACCOUNTING |
| ALEX     |     30 |     50 | HR         |
| ALEX     |     30 |     40 | OPERATIONS |
| ALEX     |     30 |     30 | SALES      |
| ALEX     |     30 |     20 | RESEARCH   |
| ALEX     |     30 |     10 | ACCOUNTING |
| NATASHA  |     30 |     50 | HR         |
| NATASHA  |     30 |     40 | OPERATIONS |
| NATASHA  |     30 |     30 | SALES      |
| NATASHA  |     30 |     20 | RESEARCH   |
| NATASHA  |     30 |     10 | ACCOUNTING |
| SANGITA  |     50 |     50 | HR         |
| SANGITA  |     50 |     40 | OPERATIONS |
| SANGITA  |     50 |     30 | SALES      |
| SANGITA  |     50 |     20 | RESEARCH   |
| SANGITA  |     50 |     10 | ACCOUNTING |
| SUPRIYA  |     50 |     50 | HR         |
| SUPRIYA  |     50 |     40 | OPERATIONS |
| SUPRIYA  |     50 |     30 | SALES      |
| SUPRIYA  |     50 |     20 | RESEARCH   |
| SUPRIYA  |     50 |     10 | ACCOUNTING |
+----------+--------+--------+------------+
140 rows in set (0.00 sec)

mysql> select * from menucard;
+------+------------------------------+------+
| ID   | NAME                         | RATE |
+------+------------------------------+------+
|   14 | Onion Hamburger              |  115 |
|    6 | Extra Long Cheeseburger      |  100 |
|    2 | Double Stacker               |  125 |
|    8 | Double Cheeseburger          |  100 |
|   13 | Cheese Hamburger             |  125 |
|    4 | Hamburger                    |   85 |
|   11 | Classic Grilled Dog          |   95 |
|    1 | Chili Cheese Grilled Dog     |  115 |
|    7 | Flame Grilled Chicken Burger |  135 |
|    3 | Original Chicken Sandwich    |   55 |
|    9 | McALLO TIKKI                 |   45 |
|   12 | Veg Maharaja Mac             |   75 |
|    5 | Big Spicy Chicken Wrap       |  100 |
|   15 | Cheese Onion Hamburger       |  145 |
|   10 | McVeggie Schezwan            |   85 |
+------+------------------------------+------+
15 rows in set (0.01 sec)

mysql>
mysql> select * from softdrink;
+------+----------------------+------+
| ID   | NAME                 | RATE |
+------+----------------------+------+
|    1 | Coca-Cola            |   45 |
|    2 | Mello Yello          |   75 |
|    3 | Diet Coke            |   60 |
|    4 | Frozen Fanta Cherry  |   65 |
|    5 | Iced Tea             |   35 |
+------+----------------------+------+
5 rows in set (0.01 sec)

mysql> select * from menucard, softdrink;
+------+------------------------------+------+------+----------------------+------+
| ID   | NAME                         | RATE | ID   | NAME                 | RATE |
+------+------------------------------+------+------+----------------------+------+
|   14 | Onion Hamburger              |  115 |    5 | Iced Tea             |   35 |
|   14 | Onion Hamburger              |  115 |    4 | Frozen Fanta Cherry  |   65 |
|   14 | Onion Hamburger              |  115 |    3 | Diet Coke            |   60 |
|   14 | Onion Hamburger              |  115 |    2 | Mello Yello          |   75 |
|   14 | Onion Hamburger              |  115 |    1 | Coca-Cola            |   45 |
|    6 | Extra Long Cheeseburger      |  100 |    5 | Iced Tea             |   35 |
|    6 | Extra Long Cheeseburger      |  100 |    4 | Frozen Fanta Cherry  |   65 |
|    6 | Extra Long Cheeseburger      |  100 |    3 | Diet Coke            |   60 |
|    6 | Extra Long Cheeseburger      |  100 |    2 | Mello Yello          |   75 |
|    6 | Extra Long Cheeseburger      |  100 |    1 | Coca-Cola            |   45 |
|    2 | Double Stacker               |  125 |    5 | Iced Tea             |   35 |
|    2 | Double Stacker               |  125 |    4 | Frozen Fanta Cherry  |   65 |
|    2 | Double Stacker               |  125 |    3 | Diet Coke            |   60 |
|    2 | Double Stacker               |  125 |    2 | Mello Yello          |   75 |
|    2 | Double Stacker               |  125 |    1 | Coca-Cola            |   45 |
|    8 | Double Cheeseburger          |  100 |    5 | Iced Tea             |   35 |
|    8 | Double Cheeseburger          |  100 |    4 | Frozen Fanta Cherry  |   65 |
|    8 | Double Cheeseburger          |  100 |    3 | Diet Coke            |   60 |
|    8 | Double Cheeseburger          |  100 |    2 | Mello Yello          |   75 |
|    8 | Double Cheeseburger          |  100 |    1 | Coca-Cola            |   45 |
|   13 | Cheese Hamburger             |  125 |    5 | Iced Tea             |   35 |
|   13 | Cheese Hamburger             |  125 |    4 | Frozen Fanta Cherry  |   65 |
|   13 | Cheese Hamburger             |  125 |    3 | Diet Coke            |   60 |
|   13 | Cheese Hamburger             |  125 |    2 | Mello Yello          |   75 |
|   13 | Cheese Hamburger             |  125 |    1 | Coca-Cola            |   45 |
|    4 | Hamburger                    |   85 |    5 | Iced Tea             |   35 |
|    4 | Hamburger                    |   85 |    4 | Frozen Fanta Cherry  |   65 |
|    4 | Hamburger                    |   85 |    3 | Diet Coke            |   60 |
|    4 | Hamburger                    |   85 |    2 | Mello Yello          |   75 |
|    4 | Hamburger                    |   85 |    1 | Coca-Cola            |   45 |
|   11 | Classic Grilled Dog          |   95 |    5 | Iced Tea             |   35 |
|   11 | Classic Grilled Dog          |   95 |    4 | Frozen Fanta Cherry  |   65 |
|   11 | Classic Grilled Dog          |   95 |    3 | Diet Coke            |   60 |
|   11 | Classic Grilled Dog          |   95 |    2 | Mello Yello          |   75 |
|   11 | Classic Grilled Dog          |   95 |    1 | Coca-Cola            |   45 |
|    1 | Chili Cheese Grilled Dog     |  115 |    5 | Iced Tea             |   35 |
|    1 | Chili Cheese Grilled Dog     |  115 |    4 | Frozen Fanta Cherry  |   65 |
|    1 | Chili Cheese Grilled Dog     |  115 |    3 | Diet Coke            |   60 |
|    1 | Chili Cheese Grilled Dog     |  115 |    2 | Mello Yello          |   75 |
|    1 | Chili Cheese Grilled Dog     |  115 |    1 | Coca-Cola            |   45 |
|    7 | Flame Grilled Chicken Burger |  135 |    5 | Iced Tea             |   35 |
|    7 | Flame Grilled Chicken Burger |  135 |    4 | Frozen Fanta Cherry  |   65 |
|    7 | Flame Grilled Chicken Burger |  135 |    3 | Diet Coke            |   60 |
|    7 | Flame Grilled Chicken Burger |  135 |    2 | Mello Yello          |   75 |
|    7 | Flame Grilled Chicken Burger |  135 |    1 | Coca-Cola            |   45 |
|    3 | Original Chicken Sandwich    |   55 |    5 | Iced Tea             |   35 |
|    3 | Original Chicken Sandwich    |   55 |    4 | Frozen Fanta Cherry  |   65 |
|    3 | Original Chicken Sandwich    |   55 |    3 | Diet Coke            |   60 |
|    3 | Original Chicken Sandwich    |   55 |    2 | Mello Yello          |   75 |
|    3 | Original Chicken Sandwich    |   55 |    1 | Coca-Cola            |   45 |
|    9 | McALLO TIKKI                 |   45 |    5 | Iced Tea             |   35 |
|    9 | McALLO TIKKI                 |   45 |    4 | Frozen Fanta Cherry  |   65 |
|    9 | McALLO TIKKI                 |   45 |    3 | Diet Coke            |   60 |
|    9 | McALLO TIKKI                 |   45 |    2 | Mello Yello          |   75 |
|    9 | McALLO TIKKI                 |   45 |    1 | Coca-Cola            |   45 |
|   12 | Veg Maharaja Mac             |   75 |    5 | Iced Tea             |   35 |
|   12 | Veg Maharaja Mac             |   75 |    4 | Frozen Fanta Cherry  |   65 |
|   12 | Veg Maharaja Mac             |   75 |    3 | Diet Coke            |   60 |
|   12 | Veg Maharaja Mac             |   75 |    2 | Mello Yello          |   75 |
|   12 | Veg Maharaja Mac             |   75 |    1 | Coca-Cola            |   45 |
|    5 | Big Spicy Chicken Wrap       |  100 |    5 | Iced Tea             |   35 |
|    5 | Big Spicy Chicken Wrap       |  100 |    4 | Frozen Fanta Cherry  |   65 |
|    5 | Big Spicy Chicken Wrap       |  100 |    3 | Diet Coke            |   60 |
|    5 | Big Spicy Chicken Wrap       |  100 |    2 | Mello Yello          |   75 |
|    5 | Big Spicy Chicken Wrap       |  100 |    1 | Coca-Cola            |   45 |
|   15 | Cheese Onion Hamburger       |  145 |    5 | Iced Tea             |   35 |
|   15 | Cheese Onion Hamburger       |  145 |    4 | Frozen Fanta Cherry  |   65 |
|   15 | Cheese Onion Hamburger       |  145 |    3 | Diet Coke            |   60 |
|   15 | Cheese Onion Hamburger       |  145 |    2 | Mello Yello          |   75 |
|   15 | Cheese Onion Hamburger       |  145 |    1 | Coca-Cola            |   45 |
|   10 | McVeggie Schezwan            |   85 |    5 | Iced Tea             |   35 |
|   10 | McVeggie Schezwan            |   85 |    4 | Frozen Fanta Cherry  |   65 |
|   10 | McVeggie Schezwan            |   85 |    3 | Diet Coke            |   60 |
|   10 | McVeggie Schezwan            |   85 |    2 | Mello Yello          |   75 |
|   10 | McVeggie Schezwan            |   85 |    1 | Coca-Cola            |   45 |
+------+------------------------------+------+------+----------------------+------+
75 rows in set (0.00 sec)

mysql> select *,* from menucard m, softdrink s;
ERROR 1064 (42000): You have an error in your SQL syntax; check the manual that corresponds to your MySQL server version for the right syntax to use near '* from menucard m, softdrink s' at line 1
mysql>
mysql> select m.* from menucard m, softdrink s;
+------+------------------------------+------+
| ID   | NAME                         | RATE |
+------+------------------------------+------+
|   14 | Onion Hamburger              |  115 |
|   14 | Onion Hamburger              |  115 |
|   14 | Onion Hamburger              |  115 |
|   14 | Onion Hamburger              |  115 |
|   14 | Onion Hamburger              |  115 |
|    6 | Extra Long Cheeseburger      |  100 |
|    6 | Extra Long Cheeseburger      |  100 |
|    6 | Extra Long Cheeseburger      |  100 |
|    6 | Extra Long Cheeseburger      |  100 |
|    6 | Extra Long Cheeseburger      |  100 |
|    2 | Double Stacker               |  125 |
|    2 | Double Stacker               |  125 |
|    2 | Double Stacker               |  125 |
|    2 | Double Stacker               |  125 |
|    2 | Double Stacker               |  125 |
|    8 | Double Cheeseburger          |  100 |
|    8 | Double Cheeseburger          |  100 |
|    8 | Double Cheeseburger          |  100 |
|    8 | Double Cheeseburger          |  100 |
|    8 | Double Cheeseburger          |  100 |
|   13 | Cheese Hamburger             |  125 |
|   13 | Cheese Hamburger             |  125 |
|   13 | Cheese Hamburger             |  125 |
|   13 | Cheese Hamburger             |  125 |
|   13 | Cheese Hamburger             |  125 |
|    4 | Hamburger                    |   85 |
|    4 | Hamburger                    |   85 |
|    4 | Hamburger                    |   85 |
|    4 | Hamburger                    |   85 |
|    4 | Hamburger                    |   85 |
|   11 | Classic Grilled Dog          |   95 |
|   11 | Classic Grilled Dog          |   95 |
|   11 | Classic Grilled Dog          |   95 |
|   11 | Classic Grilled Dog          |   95 |
|   11 | Classic Grilled Dog          |   95 |
|    1 | Chili Cheese Grilled Dog     |  115 |
|    1 | Chili Cheese Grilled Dog     |  115 |
|    1 | Chili Cheese Grilled Dog     |  115 |
|    1 | Chili Cheese Grilled Dog     |  115 |
|    1 | Chili Cheese Grilled Dog     |  115 |
|    7 | Flame Grilled Chicken Burger |  135 |
|    7 | Flame Grilled Chicken Burger |  135 |
|    7 | Flame Grilled Chicken Burger |  135 |
|    7 | Flame Grilled Chicken Burger |  135 |
|    7 | Flame Grilled Chicken Burger |  135 |
|    3 | Original Chicken Sandwich    |   55 |
|    3 | Original Chicken Sandwich    |   55 |
|    3 | Original Chicken Sandwich    |   55 |
|    3 | Original Chicken Sandwich    |   55 |
|    3 | Original Chicken Sandwich    |   55 |
|    9 | McALLO TIKKI                 |   45 |
|    9 | McALLO TIKKI                 |   45 |
|    9 | McALLO TIKKI                 |   45 |
|    9 | McALLO TIKKI                 |   45 |
|    9 | McALLO TIKKI                 |   45 |
|   12 | Veg Maharaja Mac             |   75 |
|   12 | Veg Maharaja Mac             |   75 |
|   12 | Veg Maharaja Mac             |   75 |
|   12 | Veg Maharaja Mac             |   75 |
|   12 | Veg Maharaja Mac             |   75 |
|    5 | Big Spicy Chicken Wrap       |  100 |
|    5 | Big Spicy Chicken Wrap       |  100 |
|    5 | Big Spicy Chicken Wrap       |  100 |
|    5 | Big Spicy Chicken Wrap       |  100 |
|    5 | Big Spicy Chicken Wrap       |  100 |
|   15 | Cheese Onion Hamburger       |  145 |
|   15 | Cheese Onion Hamburger       |  145 |
|   15 | Cheese Onion Hamburger       |  145 |
|   15 | Cheese Onion Hamburger       |  145 |
|   15 | Cheese Onion Hamburger       |  145 |
|   10 | McVeggie Schezwan            |   85 |
|   10 | McVeggie Schezwan            |   85 |
|   10 | McVeggie Schezwan            |   85 |
|   10 | McVeggie Schezwan            |   85 |
|   10 | McVeggie Schezwan            |   85 |
+------+------------------------------+------+
75 rows in set (0.01 sec)

mysql> select m.*, s.* from menucard m, softdrink s;
+------+------------------------------+------+------+----------------------+------+
| ID   | NAME                         | RATE | ID   | NAME                 | RATE |
+------+------------------------------+------+------+----------------------+------+
|   14 | Onion Hamburger              |  115 |    5 | Iced Tea             |   35 |
|   14 | Onion Hamburger              |  115 |    4 | Frozen Fanta Cherry  |   65 |
|   14 | Onion Hamburger              |  115 |    3 | Diet Coke            |   60 |
|   14 | Onion Hamburger              |  115 |    2 | Mello Yello          |   75 |
|   14 | Onion Hamburger              |  115 |    1 | Coca-Cola            |   45 |
|    6 | Extra Long Cheeseburger      |  100 |    5 | Iced Tea             |   35 |
|    6 | Extra Long Cheeseburger      |  100 |    4 | Frozen Fanta Cherry  |   65 |
|    6 | Extra Long Cheeseburger      |  100 |    3 | Diet Coke            |   60 |
|    6 | Extra Long Cheeseburger      |  100 |    2 | Mello Yello          |   75 |
|    6 | Extra Long Cheeseburger      |  100 |    1 | Coca-Cola            |   45 |
|    2 | Double Stacker               |  125 |    5 | Iced Tea             |   35 |
|    2 | Double Stacker               |  125 |    4 | Frozen Fanta Cherry  |   65 |
|    2 | Double Stacker               |  125 |    3 | Diet Coke            |   60 |
|    2 | Double Stacker               |  125 |    2 | Mello Yello          |   75 |
|    2 | Double Stacker               |  125 |    1 | Coca-Cola            |   45 |
|    8 | Double Cheeseburger          |  100 |    5 | Iced Tea             |   35 |
|    8 | Double Cheeseburger          |  100 |    4 | Frozen Fanta Cherry  |   65 |
|    8 | Double Cheeseburger          |  100 |    3 | Diet Coke            |   60 |
|    8 | Double Cheeseburger          |  100 |    2 | Mello Yello          |   75 |
|    8 | Double Cheeseburger          |  100 |    1 | Coca-Cola            |   45 |
|   13 | Cheese Hamburger             |  125 |    5 | Iced Tea             |   35 |
|   13 | Cheese Hamburger             |  125 |    4 | Frozen Fanta Cherry  |   65 |
|   13 | Cheese Hamburger             |  125 |    3 | Diet Coke            |   60 |
|   13 | Cheese Hamburger             |  125 |    2 | Mello Yello          |   75 |
|   13 | Cheese Hamburger             |  125 |    1 | Coca-Cola            |   45 |
|    4 | Hamburger                    |   85 |    5 | Iced Tea             |   35 |
|    4 | Hamburger                    |   85 |    4 | Frozen Fanta Cherry  |   65 |
|    4 | Hamburger                    |   85 |    3 | Diet Coke            |   60 |
|    4 | Hamburger                    |   85 |    2 | Mello Yello          |   75 |
|    4 | Hamburger                    |   85 |    1 | Coca-Cola            |   45 |
|   11 | Classic Grilled Dog          |   95 |    5 | Iced Tea             |   35 |
|   11 | Classic Grilled Dog          |   95 |    4 | Frozen Fanta Cherry  |   65 |
|   11 | Classic Grilled Dog          |   95 |    3 | Diet Coke            |   60 |
|   11 | Classic Grilled Dog          |   95 |    2 | Mello Yello          |   75 |
|   11 | Classic Grilled Dog          |   95 |    1 | Coca-Cola            |   45 |
|    1 | Chili Cheese Grilled Dog     |  115 |    5 | Iced Tea             |   35 |
|    1 | Chili Cheese Grilled Dog     |  115 |    4 | Frozen Fanta Cherry  |   65 |
|    1 | Chili Cheese Grilled Dog     |  115 |    3 | Diet Coke            |   60 |
|    1 | Chili Cheese Grilled Dog     |  115 |    2 | Mello Yello          |   75 |
|    1 | Chili Cheese Grilled Dog     |  115 |    1 | Coca-Cola            |   45 |
|    7 | Flame Grilled Chicken Burger |  135 |    5 | Iced Tea             |   35 |
|    7 | Flame Grilled Chicken Burger |  135 |    4 | Frozen Fanta Cherry  |   65 |
|    7 | Flame Grilled Chicken Burger |  135 |    3 | Diet Coke            |   60 |
|    7 | Flame Grilled Chicken Burger |  135 |    2 | Mello Yello          |   75 |
|    7 | Flame Grilled Chicken Burger |  135 |    1 | Coca-Cola            |   45 |
|    3 | Original Chicken Sandwich    |   55 |    5 | Iced Tea             |   35 |
|    3 | Original Chicken Sandwich    |   55 |    4 | Frozen Fanta Cherry  |   65 |
|    3 | Original Chicken Sandwich    |   55 |    3 | Diet Coke            |   60 |
|    3 | Original Chicken Sandwich    |   55 |    2 | Mello Yello          |   75 |
|    3 | Original Chicken Sandwich    |   55 |    1 | Coca-Cola            |   45 |
|    9 | McALLO TIKKI                 |   45 |    5 | Iced Tea             |   35 |
|    9 | McALLO TIKKI                 |   45 |    4 | Frozen Fanta Cherry  |   65 |
|    9 | McALLO TIKKI                 |   45 |    3 | Diet Coke            |   60 |
|    9 | McALLO TIKKI                 |   45 |    2 | Mello Yello          |   75 |
|    9 | McALLO TIKKI                 |   45 |    1 | Coca-Cola            |   45 |
|   12 | Veg Maharaja Mac             |   75 |    5 | Iced Tea             |   35 |
|   12 | Veg Maharaja Mac             |   75 |    4 | Frozen Fanta Cherry  |   65 |
|   12 | Veg Maharaja Mac             |   75 |    3 | Diet Coke            |   60 |
|   12 | Veg Maharaja Mac             |   75 |    2 | Mello Yello          |   75 |
|   12 | Veg Maharaja Mac             |   75 |    1 | Coca-Cola            |   45 |
|    5 | Big Spicy Chicken Wrap       |  100 |    5 | Iced Tea             |   35 |
|    5 | Big Spicy Chicken Wrap       |  100 |    4 | Frozen Fanta Cherry  |   65 |
|    5 | Big Spicy Chicken Wrap       |  100 |    3 | Diet Coke            |   60 |
|    5 | Big Spicy Chicken Wrap       |  100 |    2 | Mello Yello          |   75 |
|    5 | Big Spicy Chicken Wrap       |  100 |    1 | Coca-Cola            |   45 |
|   15 | Cheese Onion Hamburger       |  145 |    5 | Iced Tea             |   35 |
|   15 | Cheese Onion Hamburger       |  145 |    4 | Frozen Fanta Cherry  |   65 |
|   15 | Cheese Onion Hamburger       |  145 |    3 | Diet Coke            |   60 |
|   15 | Cheese Onion Hamburger       |  145 |    2 | Mello Yello          |   75 |
|   15 | Cheese Onion Hamburger       |  145 |    1 | Coca-Cola            |   45 |
|   10 | McVeggie Schezwan            |   85 |    5 | Iced Tea             |   35 |
|   10 | McVeggie Schezwan            |   85 |    4 | Frozen Fanta Cherry  |   65 |
|   10 | McVeggie Schezwan            |   85 |    3 | Diet Coke            |   60 |
|   10 | McVeggie Schezwan            |   85 |    2 | Mello Yello          |   75 |
|   10 | McVeggie Schezwan            |   85 |    1 | Coca-Cola            |   45 |
+------+------------------------------+------+------+----------------------+------+
75 rows in set (0.00 sec)

mysql> select *, m.rate + s.rate  from menucard m, softdrink s;
+------+------------------------------+------+------+----------------------+------+-----------------+
| ID   | NAME                         | RATE | ID   | NAME                 | RATE | m.rate + s.rate |
+------+------------------------------+------+------+----------------------+------+-----------------+
|   14 | Onion Hamburger              |  115 |    5 | Iced Tea             |   35 |             150 |
|   14 | Onion Hamburger              |  115 |    4 | Frozen Fanta Cherry  |   65 |             180 |
|   14 | Onion Hamburger              |  115 |    3 | Diet Coke            |   60 |             175 |
|   14 | Onion Hamburger              |  115 |    2 | Mello Yello          |   75 |             190 |
|   14 | Onion Hamburger              |  115 |    1 | Coca-Cola            |   45 |             160 |
|    6 | Extra Long Cheeseburger      |  100 |    5 | Iced Tea             |   35 |             135 |
|    6 | Extra Long Cheeseburger      |  100 |    4 | Frozen Fanta Cherry  |   65 |             165 |
|    6 | Extra Long Cheeseburger      |  100 |    3 | Diet Coke            |   60 |             160 |
|    6 | Extra Long Cheeseburger      |  100 |    2 | Mello Yello          |   75 |             175 |
|    6 | Extra Long Cheeseburger      |  100 |    1 | Coca-Cola            |   45 |             145 |
|    2 | Double Stacker               |  125 |    5 | Iced Tea             |   35 |             160 |
|    2 | Double Stacker               |  125 |    4 | Frozen Fanta Cherry  |   65 |             190 |
|    2 | Double Stacker               |  125 |    3 | Diet Coke            |   60 |             185 |
|    2 | Double Stacker               |  125 |    2 | Mello Yello          |   75 |             200 |
|    2 | Double Stacker               |  125 |    1 | Coca-Cola            |   45 |             170 |
|    8 | Double Cheeseburger          |  100 |    5 | Iced Tea             |   35 |             135 |
|    8 | Double Cheeseburger          |  100 |    4 | Frozen Fanta Cherry  |   65 |             165 |
|    8 | Double Cheeseburger          |  100 |    3 | Diet Coke            |   60 |             160 |
|    8 | Double Cheeseburger          |  100 |    2 | Mello Yello          |   75 |             175 |
|    8 | Double Cheeseburger          |  100 |    1 | Coca-Cola            |   45 |             145 |
|   13 | Cheese Hamburger             |  125 |    5 | Iced Tea             |   35 |             160 |
|   13 | Cheese Hamburger             |  125 |    4 | Frozen Fanta Cherry  |   65 |             190 |
|   13 | Cheese Hamburger             |  125 |    3 | Diet Coke            |   60 |             185 |
|   13 | Cheese Hamburger             |  125 |    2 | Mello Yello          |   75 |             200 |
|   13 | Cheese Hamburger             |  125 |    1 | Coca-Cola            |   45 |             170 |
|    4 | Hamburger                    |   85 |    5 | Iced Tea             |   35 |             120 |
|    4 | Hamburger                    |   85 |    4 | Frozen Fanta Cherry  |   65 |             150 |
|    4 | Hamburger                    |   85 |    3 | Diet Coke            |   60 |             145 |
|    4 | Hamburger                    |   85 |    2 | Mello Yello          |   75 |             160 |
|    4 | Hamburger                    |   85 |    1 | Coca-Cola            |   45 |             130 |
|   11 | Classic Grilled Dog          |   95 |    5 | Iced Tea             |   35 |             130 |
|   11 | Classic Grilled Dog          |   95 |    4 | Frozen Fanta Cherry  |   65 |             160 |
|   11 | Classic Grilled Dog          |   95 |    3 | Diet Coke            |   60 |             155 |
|   11 | Classic Grilled Dog          |   95 |    2 | Mello Yello          |   75 |             170 |
|   11 | Classic Grilled Dog          |   95 |    1 | Coca-Cola            |   45 |             140 |
|    1 | Chili Cheese Grilled Dog     |  115 |    5 | Iced Tea             |   35 |             150 |
|    1 | Chili Cheese Grilled Dog     |  115 |    4 | Frozen Fanta Cherry  |   65 |             180 |
|    1 | Chili Cheese Grilled Dog     |  115 |    3 | Diet Coke            |   60 |             175 |
|    1 | Chili Cheese Grilled Dog     |  115 |    2 | Mello Yello          |   75 |             190 |
|    1 | Chili Cheese Grilled Dog     |  115 |    1 | Coca-Cola            |   45 |             160 |
|    7 | Flame Grilled Chicken Burger |  135 |    5 | Iced Tea             |   35 |             170 |
|    7 | Flame Grilled Chicken Burger |  135 |    4 | Frozen Fanta Cherry  |   65 |             200 |
|    7 | Flame Grilled Chicken Burger |  135 |    3 | Diet Coke            |   60 |             195 |
|    7 | Flame Grilled Chicken Burger |  135 |    2 | Mello Yello          |   75 |             210 |
|    7 | Flame Grilled Chicken Burger |  135 |    1 | Coca-Cola            |   45 |             180 |
|    3 | Original Chicken Sandwich    |   55 |    5 | Iced Tea             |   35 |              90 |
|    3 | Original Chicken Sandwich    |   55 |    4 | Frozen Fanta Cherry  |   65 |             120 |
|    3 | Original Chicken Sandwich    |   55 |    3 | Diet Coke            |   60 |             115 |
|    3 | Original Chicken Sandwich    |   55 |    2 | Mello Yello          |   75 |             130 |
|    3 | Original Chicken Sandwich    |   55 |    1 | Coca-Cola            |   45 |             100 |
|    9 | McALLO TIKKI                 |   45 |    5 | Iced Tea             |   35 |              80 |
|    9 | McALLO TIKKI                 |   45 |    4 | Frozen Fanta Cherry  |   65 |             110 |
|    9 | McALLO TIKKI                 |   45 |    3 | Diet Coke            |   60 |             105 |
|    9 | McALLO TIKKI                 |   45 |    2 | Mello Yello          |   75 |             120 |
|    9 | McALLO TIKKI                 |   45 |    1 | Coca-Cola            |   45 |              90 |
|   12 | Veg Maharaja Mac             |   75 |    5 | Iced Tea             |   35 |             110 |
|   12 | Veg Maharaja Mac             |   75 |    4 | Frozen Fanta Cherry  |   65 |             140 |
|   12 | Veg Maharaja Mac             |   75 |    3 | Diet Coke            |   60 |             135 |
|   12 | Veg Maharaja Mac             |   75 |    2 | Mello Yello          |   75 |             150 |
|   12 | Veg Maharaja Mac             |   75 |    1 | Coca-Cola            |   45 |             120 |
|    5 | Big Spicy Chicken Wrap       |  100 |    5 | Iced Tea             |   35 |             135 |
|    5 | Big Spicy Chicken Wrap       |  100 |    4 | Frozen Fanta Cherry  |   65 |             165 |
|    5 | Big Spicy Chicken Wrap       |  100 |    3 | Diet Coke            |   60 |             160 |
|    5 | Big Spicy Chicken Wrap       |  100 |    2 | Mello Yello          |   75 |             175 |
|    5 | Big Spicy Chicken Wrap       |  100 |    1 | Coca-Cola            |   45 |             145 |
|   15 | Cheese Onion Hamburger       |  145 |    5 | Iced Tea             |   35 |             180 |
|   15 | Cheese Onion Hamburger       |  145 |    4 | Frozen Fanta Cherry  |   65 |             210 |
|   15 | Cheese Onion Hamburger       |  145 |    3 | Diet Coke            |   60 |             205 |
|   15 | Cheese Onion Hamburger       |  145 |    2 | Mello Yello          |   75 |             220 |
|   15 | Cheese Onion Hamburger       |  145 |    1 | Coca-Cola            |   45 |             190 |
|   10 | McVeggie Schezwan            |   85 |    5 | Iced Tea             |   35 |             120 |
|   10 | McVeggie Schezwan            |   85 |    4 | Frozen Fanta Cherry  |   65 |             150 |
|   10 | McVeggie Schezwan            |   85 |    3 | Diet Coke            |   60 |             145 |
|   10 | McVeggie Schezwan            |   85 |    2 | Mello Yello          |   75 |             160 |
|   10 | McVeggie Schezwan            |   85 |    1 | Coca-Cola            |   45 |             130 |
+------+------------------------------+------+------+----------------------+------+-----------------+
75 rows in set (0.00 sec)

mysql> select *, m.rate + s.rate R1  from menucard m, softdrink s;
+------+------------------------------+------+------+----------------------+------+------+
| ID   | NAME                         | RATE | ID   | NAME                 | RATE | R1   |
+------+------------------------------+------+------+----------------------+------+------+
|   14 | Onion Hamburger              |  115 |    5 | Iced Tea             |   35 |  150 |
|   14 | Onion Hamburger              |  115 |    4 | Frozen Fanta Cherry  |   65 |  180 |
|   14 | Onion Hamburger              |  115 |    3 | Diet Coke            |   60 |  175 |
|   14 | Onion Hamburger              |  115 |    2 | Mello Yello          |   75 |  190 |
|   14 | Onion Hamburger              |  115 |    1 | Coca-Cola            |   45 |  160 |
|    6 | Extra Long Cheeseburger      |  100 |    5 | Iced Tea             |   35 |  135 |
|    6 | Extra Long Cheeseburger      |  100 |    4 | Frozen Fanta Cherry  |   65 |  165 |
|    6 | Extra Long Cheeseburger      |  100 |    3 | Diet Coke            |   60 |  160 |
|    6 | Extra Long Cheeseburger      |  100 |    2 | Mello Yello          |   75 |  175 |
|    6 | Extra Long Cheeseburger      |  100 |    1 | Coca-Cola            |   45 |  145 |
|    2 | Double Stacker               |  125 |    5 | Iced Tea             |   35 |  160 |
|    2 | Double Stacker               |  125 |    4 | Frozen Fanta Cherry  |   65 |  190 |
|    2 | Double Stacker               |  125 |    3 | Diet Coke            |   60 |  185 |
|    2 | Double Stacker               |  125 |    2 | Mello Yello          |   75 |  200 |
|    2 | Double Stacker               |  125 |    1 | Coca-Cola            |   45 |  170 |
|    8 | Double Cheeseburger          |  100 |    5 | Iced Tea             |   35 |  135 |
|    8 | Double Cheeseburger          |  100 |    4 | Frozen Fanta Cherry  |   65 |  165 |
|    8 | Double Cheeseburger          |  100 |    3 | Diet Coke            |   60 |  160 |
|    8 | Double Cheeseburger          |  100 |    2 | Mello Yello          |   75 |  175 |
|    8 | Double Cheeseburger          |  100 |    1 | Coca-Cola            |   45 |  145 |
|   13 | Cheese Hamburger             |  125 |    5 | Iced Tea             |   35 |  160 |
|   13 | Cheese Hamburger             |  125 |    4 | Frozen Fanta Cherry  |   65 |  190 |
|   13 | Cheese Hamburger             |  125 |    3 | Diet Coke            |   60 |  185 |
|   13 | Cheese Hamburger             |  125 |    2 | Mello Yello          |   75 |  200 |
|   13 | Cheese Hamburger             |  125 |    1 | Coca-Cola            |   45 |  170 |
|    4 | Hamburger                    |   85 |    5 | Iced Tea             |   35 |  120 |
|    4 | Hamburger                    |   85 |    4 | Frozen Fanta Cherry  |   65 |  150 |
|    4 | Hamburger                    |   85 |    3 | Diet Coke            |   60 |  145 |
|    4 | Hamburger                    |   85 |    2 | Mello Yello          |   75 |  160 |
|    4 | Hamburger                    |   85 |    1 | Coca-Cola            |   45 |  130 |
|   11 | Classic Grilled Dog          |   95 |    5 | Iced Tea             |   35 |  130 |
|   11 | Classic Grilled Dog          |   95 |    4 | Frozen Fanta Cherry  |   65 |  160 |
|   11 | Classic Grilled Dog          |   95 |    3 | Diet Coke            |   60 |  155 |
|   11 | Classic Grilled Dog          |   95 |    2 | Mello Yello          |   75 |  170 |
|   11 | Classic Grilled Dog          |   95 |    1 | Coca-Cola            |   45 |  140 |
|    1 | Chili Cheese Grilled Dog     |  115 |    5 | Iced Tea             |   35 |  150 |
|    1 | Chili Cheese Grilled Dog     |  115 |    4 | Frozen Fanta Cherry  |   65 |  180 |
|    1 | Chili Cheese Grilled Dog     |  115 |    3 | Diet Coke            |   60 |  175 |
|    1 | Chili Cheese Grilled Dog     |  115 |    2 | Mello Yello          |   75 |  190 |
|    1 | Chili Cheese Grilled Dog     |  115 |    1 | Coca-Cola            |   45 |  160 |
|    7 | Flame Grilled Chicken Burger |  135 |    5 | Iced Tea             |   35 |  170 |
|    7 | Flame Grilled Chicken Burger |  135 |    4 | Frozen Fanta Cherry  |   65 |  200 |
|    7 | Flame Grilled Chicken Burger |  135 |    3 | Diet Coke            |   60 |  195 |
|    7 | Flame Grilled Chicken Burger |  135 |    2 | Mello Yello          |   75 |  210 |
|    7 | Flame Grilled Chicken Burger |  135 |    1 | Coca-Cola            |   45 |  180 |
|    3 | Original Chicken Sandwich    |   55 |    5 | Iced Tea             |   35 |   90 |
|    3 | Original Chicken Sandwich    |   55 |    4 | Frozen Fanta Cherry  |   65 |  120 |
|    3 | Original Chicken Sandwich    |   55 |    3 | Diet Coke            |   60 |  115 |
|    3 | Original Chicken Sandwich    |   55 |    2 | Mello Yello          |   75 |  130 |
|    3 | Original Chicken Sandwich    |   55 |    1 | Coca-Cola            |   45 |  100 |
|    9 | McALLO TIKKI                 |   45 |    5 | Iced Tea             |   35 |   80 |
|    9 | McALLO TIKKI                 |   45 |    4 | Frozen Fanta Cherry  |   65 |  110 |
|    9 | McALLO TIKKI                 |   45 |    3 | Diet Coke            |   60 |  105 |
|    9 | McALLO TIKKI                 |   45 |    2 | Mello Yello          |   75 |  120 |
|    9 | McALLO TIKKI                 |   45 |    1 | Coca-Cola            |   45 |   90 |
|   12 | Veg Maharaja Mac             |   75 |    5 | Iced Tea             |   35 |  110 |
|   12 | Veg Maharaja Mac             |   75 |    4 | Frozen Fanta Cherry  |   65 |  140 |
|   12 | Veg Maharaja Mac             |   75 |    3 | Diet Coke            |   60 |  135 |
|   12 | Veg Maharaja Mac             |   75 |    2 | Mello Yello          |   75 |  150 |
|   12 | Veg Maharaja Mac             |   75 |    1 | Coca-Cola            |   45 |  120 |
|    5 | Big Spicy Chicken Wrap       |  100 |    5 | Iced Tea             |   35 |  135 |
|    5 | Big Spicy Chicken Wrap       |  100 |    4 | Frozen Fanta Cherry  |   65 |  165 |
|    5 | Big Spicy Chicken Wrap       |  100 |    3 | Diet Coke            |   60 |  160 |
|    5 | Big Spicy Chicken Wrap       |  100 |    2 | Mello Yello          |   75 |  175 |
|    5 | Big Spicy Chicken Wrap       |  100 |    1 | Coca-Cola            |   45 |  145 |
|   15 | Cheese Onion Hamburger       |  145 |    5 | Iced Tea             |   35 |  180 |
|   15 | Cheese Onion Hamburger       |  145 |    4 | Frozen Fanta Cherry  |   65 |  210 |
|   15 | Cheese Onion Hamburger       |  145 |    3 | Diet Coke            |   60 |  205 |
|   15 | Cheese Onion Hamburger       |  145 |    2 | Mello Yello          |   75 |  220 |
|   15 | Cheese Onion Hamburger       |  145 |    1 | Coca-Cola            |   45 |  190 |
|   10 | McVeggie Schezwan            |   85 |    5 | Iced Tea             |   35 |  120 |
|   10 | McVeggie Schezwan            |   85 |    4 | Frozen Fanta Cherry  |   65 |  150 |
|   10 | McVeggie Schezwan            |   85 |    3 | Diet Coke            |   60 |  145 |
|   10 | McVeggie Schezwan            |   85 |    2 | Mello Yello          |   75 |  160 |
|   10 | McVeggie Schezwan            |   85 |    1 | Coca-Cola            |   45 |  130 |
+------+------------------------------+------+------+----------------------+------+------+
75 rows in set (0.00 sec)

mysql> select m.rate + s.rate R1, *  from menucard m, softdrink s;
ERROR 1064 (42000): You have an error in your SQL syntax; check the manual that corresponds to your MySQL server version for the right syntax to use near '*  from menucard m, softdrink s' at line 1
mysql>
mysql> select m.rate + s.rate R1, m.*, s.*  from menucard m, softdrink s;
+------+------+------------------------------+------+------+----------------------+------+
| R1   | ID   | NAME                         | RATE | ID   | NAME                 | RATE |
+------+------+------------------------------+------+------+----------------------+------+
|  150 |   14 | Onion Hamburger              |  115 |    5 | Iced Tea             |   35 |
|  180 |   14 | Onion Hamburger              |  115 |    4 | Frozen Fanta Cherry  |   65 |
|  175 |   14 | Onion Hamburger              |  115 |    3 | Diet Coke            |   60 |
|  190 |   14 | Onion Hamburger              |  115 |    2 | Mello Yello          |   75 |
|  160 |   14 | Onion Hamburger              |  115 |    1 | Coca-Cola            |   45 |
|  135 |    6 | Extra Long Cheeseburger      |  100 |    5 | Iced Tea             |   35 |
|  165 |    6 | Extra Long Cheeseburger      |  100 |    4 | Frozen Fanta Cherry  |   65 |
|  160 |    6 | Extra Long Cheeseburger      |  100 |    3 | Diet Coke            |   60 |
|  175 |    6 | Extra Long Cheeseburger      |  100 |    2 | Mello Yello          |   75 |
|  145 |    6 | Extra Long Cheeseburger      |  100 |    1 | Coca-Cola            |   45 |
|  160 |    2 | Double Stacker               |  125 |    5 | Iced Tea             |   35 |
|  190 |    2 | Double Stacker               |  125 |    4 | Frozen Fanta Cherry  |   65 |
|  185 |    2 | Double Stacker               |  125 |    3 | Diet Coke            |   60 |
|  200 |    2 | Double Stacker               |  125 |    2 | Mello Yello          |   75 |
|  170 |    2 | Double Stacker               |  125 |    1 | Coca-Cola            |   45 |
|  135 |    8 | Double Cheeseburger          |  100 |    5 | Iced Tea             |   35 |
|  165 |    8 | Double Cheeseburger          |  100 |    4 | Frozen Fanta Cherry  |   65 |
|  160 |    8 | Double Cheeseburger          |  100 |    3 | Diet Coke            |   60 |
|  175 |    8 | Double Cheeseburger          |  100 |    2 | Mello Yello          |   75 |
|  145 |    8 | Double Cheeseburger          |  100 |    1 | Coca-Cola            |   45 |
|  160 |   13 | Cheese Hamburger             |  125 |    5 | Iced Tea             |   35 |
|  190 |   13 | Cheese Hamburger             |  125 |    4 | Frozen Fanta Cherry  |   65 |
|  185 |   13 | Cheese Hamburger             |  125 |    3 | Diet Coke            |   60 |
|  200 |   13 | Cheese Hamburger             |  125 |    2 | Mello Yello          |   75 |
|  170 |   13 | Cheese Hamburger             |  125 |    1 | Coca-Cola            |   45 |
|  120 |    4 | Hamburger                    |   85 |    5 | Iced Tea             |   35 |
|  150 |    4 | Hamburger                    |   85 |    4 | Frozen Fanta Cherry  |   65 |
|  145 |    4 | Hamburger                    |   85 |    3 | Diet Coke            |   60 |
|  160 |    4 | Hamburger                    |   85 |    2 | Mello Yello          |   75 |
|  130 |    4 | Hamburger                    |   85 |    1 | Coca-Cola            |   45 |
|  130 |   11 | Classic Grilled Dog          |   95 |    5 | Iced Tea             |   35 |
|  160 |   11 | Classic Grilled Dog          |   95 |    4 | Frozen Fanta Cherry  |   65 |
|  155 |   11 | Classic Grilled Dog          |   95 |    3 | Diet Coke            |   60 |
|  170 |   11 | Classic Grilled Dog          |   95 |    2 | Mello Yello          |   75 |
|  140 |   11 | Classic Grilled Dog          |   95 |    1 | Coca-Cola            |   45 |
|  150 |    1 | Chili Cheese Grilled Dog     |  115 |    5 | Iced Tea             |   35 |
|  180 |    1 | Chili Cheese Grilled Dog     |  115 |    4 | Frozen Fanta Cherry  |   65 |
|  175 |    1 | Chili Cheese Grilled Dog     |  115 |    3 | Diet Coke            |   60 |
|  190 |    1 | Chili Cheese Grilled Dog     |  115 |    2 | Mello Yello          |   75 |
|  160 |    1 | Chili Cheese Grilled Dog     |  115 |    1 | Coca-Cola            |   45 |
|  170 |    7 | Flame Grilled Chicken Burger |  135 |    5 | Iced Tea             |   35 |
|  200 |    7 | Flame Grilled Chicken Burger |  135 |    4 | Frozen Fanta Cherry  |   65 |
|  195 |    7 | Flame Grilled Chicken Burger |  135 |    3 | Diet Coke            |   60 |
|  210 |    7 | Flame Grilled Chicken Burger |  135 |    2 | Mello Yello          |   75 |
|  180 |    7 | Flame Grilled Chicken Burger |  135 |    1 | Coca-Cola            |   45 |
|   90 |    3 | Original Chicken Sandwich    |   55 |    5 | Iced Tea             |   35 |
|  120 |    3 | Original Chicken Sandwich    |   55 |    4 | Frozen Fanta Cherry  |   65 |
|  115 |    3 | Original Chicken Sandwich    |   55 |    3 | Diet Coke            |   60 |
|  130 |    3 | Original Chicken Sandwich    |   55 |    2 | Mello Yello          |   75 |
|  100 |    3 | Original Chicken Sandwich    |   55 |    1 | Coca-Cola            |   45 |
|   80 |    9 | McALLO TIKKI                 |   45 |    5 | Iced Tea             |   35 |
|  110 |    9 | McALLO TIKKI                 |   45 |    4 | Frozen Fanta Cherry  |   65 |
|  105 |    9 | McALLO TIKKI                 |   45 |    3 | Diet Coke            |   60 |
|  120 |    9 | McALLO TIKKI                 |   45 |    2 | Mello Yello          |   75 |
|   90 |    9 | McALLO TIKKI                 |   45 |    1 | Coca-Cola            |   45 |
|  110 |   12 | Veg Maharaja Mac             |   75 |    5 | Iced Tea             |   35 |
|  140 |   12 | Veg Maharaja Mac             |   75 |    4 | Frozen Fanta Cherry  |   65 |
|  135 |   12 | Veg Maharaja Mac             |   75 |    3 | Diet Coke            |   60 |
|  150 |   12 | Veg Maharaja Mac             |   75 |    2 | Mello Yello          |   75 |
|  120 |   12 | Veg Maharaja Mac             |   75 |    1 | Coca-Cola            |   45 |
|  135 |    5 | Big Spicy Chicken Wrap       |  100 |    5 | Iced Tea             |   35 |
|  165 |    5 | Big Spicy Chicken Wrap       |  100 |    4 | Frozen Fanta Cherry  |   65 |
|  160 |    5 | Big Spicy Chicken Wrap       |  100 |    3 | Diet Coke            |   60 |
|  175 |    5 | Big Spicy Chicken Wrap       |  100 |    2 | Mello Yello          |   75 |
|  145 |    5 | Big Spicy Chicken Wrap       |  100 |    1 | Coca-Cola            |   45 |
|  180 |   15 | Cheese Onion Hamburger       |  145 |    5 | Iced Tea             |   35 |
|  210 |   15 | Cheese Onion Hamburger       |  145 |    4 | Frozen Fanta Cherry  |   65 |
|  205 |   15 | Cheese Onion Hamburger       |  145 |    3 | Diet Coke            |   60 |
|  220 |   15 | Cheese Onion Hamburger       |  145 |    2 | Mello Yello          |   75 |
|  190 |   15 | Cheese Onion Hamburger       |  145 |    1 | Coca-Cola            |   45 |
|  120 |   10 | McVeggie Schezwan            |   85 |    5 | Iced Tea             |   35 |
|  150 |   10 | McVeggie Schezwan            |   85 |    4 | Frozen Fanta Cherry  |   65 |
|  145 |   10 | McVeggie Schezwan            |   85 |    3 | Diet Coke            |   60 |
|  160 |   10 | McVeggie Schezwan            |   85 |    2 | Mello Yello          |   75 |
|  130 |   10 | McVeggie Schezwan            |   85 |    1 | Coca-Cola            |   45 |
+------+------+------------------------------+------+------+----------------------+------+
75 rows in set (0.00 sec)

mysql> select count(*) from emp;
+----------+
| count(*) |
+----------+
|       28 |
+----------+
1 row in set (0.02 sec)

mysql> select * from softdrink s;
+------+----------------------+------+
| ID   | NAME                 | RATE |
+------+----------------------+------+
|    1 | Coca-Cola            |   45 |
|    2 | Mello Yello          |   75 |
|    3 | Diet Coke            |   60 |
|    4 | Frozen Fanta Cherry  |   65 |
|    5 | Iced Tea             |   35 |
+------+----------------------+------+
5 rows in set (0.00 sec)

mysql> select count(*) TotalEmployees, name, rate from emp, softdrink s ;
ERROR 1140 (42000): In aggregated query without GROUP BY, expression #2 of SELECT list contains nonaggregated column 'z1.s.NAME'; this is incompatible with sql_mode=only_full_group_by
mysql>
mysql> select count(*) TotalEmployees, name, rate from emp, softdrink s group by name, rate;
+----------------+----------------------+------+
| TotalEmployees | name                 | rate |
+----------------+----------------------+------+
|             28 | Iced Tea             |   35 |
|             28 | Frozen Fanta Cherry  |   65 |
|             28 | Diet Coke            |   60 |
|             28 | Mello Yello          |   75 |
|             28 | Coca-Cola            |   45 |
+----------------+----------------------+------+
5 rows in set (0.00 sec)

mysql> select count(*) TotalEmployees, name, rate, count(*) * rate R1 from emp, softdrink s group by na
me, rate;
+----------------+----------------------+------+------+
| TotalEmployees | name                 | rate | R1   |
+----------------+----------------------+------+------+
|             28 | Iced Tea             |   35 |  980 |
|             28 | Frozen Fanta Cherry  |   65 | 1820 |
|             28 | Diet Coke            |   60 | 1680 |
|             28 | Mello Yello          |   75 | 2100 |
|             28 | Coca-Cola            |   45 | 1260 |
+----------------+----------------------+------+------+
5 rows in set (0.00 sec)

mysql> select ename, emp.deptno, dept.deptno, dname from emp, dept;
+----------+--------+--------+------------+
| ename    | deptno | deptno | dname      |
+----------+--------+--------+------------+
| GITA     |     30 |     50 | HR         |
| GITA     |     30 |     40 | OPERATIONS |
| GITA     |     30 |     30 | SALES      |
| GITA     |     30 |     20 | RESEARCH   |
| GITA     |     30 |     10 | ACCOUNTING |
| VRUSHALI |     50 |     50 | HR         |
| VRUSHALI |     50 |     40 | OPERATIONS |
| VRUSHALI |     50 |     30 | SALES      |
| VRUSHALI |     50 |     20 | RESEARCH   |
| VRUSHALI |     50 |     10 | ACCOUNTING |
| SHARMIN  |     20 |     50 | HR         |
| SHARMIN  |     20 |     40 | OPERATIONS |
| SHARMIN  |     20 |     30 | SALES      |
| SHARMIN  |     20 |     20 | RESEARCH   |
| SHARMIN  |     20 |     10 | ACCOUNTING |
| BANDISH  |     20 |     50 | HR         |
| BANDISH  |     20 |     40 | OPERATIONS |
| BANDISH  |     20 |     30 | SALES      |
| BANDISH  |     20 |     20 | RESEARCH   |
| BANDISH  |     20 |     10 | ACCOUNTING |
| SMITH    |     20 |     50 | HR         |
| SMITH    |     20 |     40 | OPERATIONS |
| SMITH    |     20 |     30 | SALES      |
| SMITH    |     20 |     20 | RESEARCH   |
| SMITH    |     20 |     10 | ACCOUNTING |
| AARAV    |     10 |     50 | HR         |
| AARAV    |     10 |     40 | OPERATIONS |
| AARAV    |     10 |     30 | SALES      |
| AARAV    |     10 |     20 | RESEARCH   |
| AARAV    |     10 |     10 | ACCOUNTING |
| THOMAS   |     10 |     50 | HR         |
| THOMAS   |     10 |     40 | OPERATIONS |
| THOMAS   |     10 |     30 | SALES      |
| THOMAS   |     10 |     20 | RESEARCH   |
| THOMAS   |     10 |     10 | ACCOUNTING |
| ALLEN    |     30 |     50 | HR         |
| ALLEN    |     30 |     40 | OPERATIONS |
| ALLEN    |     30 |     30 | SALES      |
| ALLEN    |     30 |     20 | RESEARCH   |
| ALLEN    |     30 |     10 | ACCOUNTING |
| WARD     |     30 |     50 | HR         |
| WARD     |     30 |     40 | OPERATIONS |
| WARD     |     30 |     30 | SALES      |
| WARD     |     30 |     20 | RESEARCH   |
| WARD     |     30 |     10 | ACCOUNTING |
| JONES    |     20 |     50 | HR         |
| JONES    |     20 |     40 | OPERATIONS |
| JONES    |     20 |     30 | SALES      |
| JONES    |     20 |     20 | RESEARCH   |
| JONES    |     20 |     10 | ACCOUNTING |
| MARTIN   |     30 |     50 | HR         |
| MARTIN   |     30 |     40 | OPERATIONS |
| MARTIN   |     30 |     30 | SALES      |
| MARTIN   |     30 |     20 | RESEARCH   |
| MARTIN   |     30 |     10 | ACCOUNTING |
| BLAKE    |     30 |     50 | HR         |
| BLAKE    |     30 |     40 | OPERATIONS |
| BLAKE    |     30 |     30 | SALES      |
| BLAKE    |     30 |     20 | RESEARCH   |
| BLAKE    |     30 |     10 | ACCOUNTING |
| CLARK    |     10 |     50 | HR         |
| CLARK    |     10 |     40 | OPERATIONS |
| CLARK    |     10 |     30 | SALES      |
| CLARK    |     10 |     20 | RESEARCH   |
| CLARK    |     10 |     10 | ACCOUNTING |
| SCOTT    |     20 |     50 | HR         |
| SCOTT    |     20 |     40 | OPERATIONS |
| SCOTT    |     20 |     30 | SALES      |
| SCOTT    |     20 |     20 | RESEARCH   |
| SCOTT    |     20 |     10 | ACCOUNTING |
| KING     |     10 |     50 | HR         |
| KING     |     10 |     40 | OPERATIONS |
| KING     |     10 |     30 | SALES      |
| KING     |     10 |     20 | RESEARCH   |
| KING     |     10 |     10 | ACCOUNTING |
| FRED     |     20 |     50 | HR         |
| FRED     |     20 |     40 | OPERATIONS |
| FRED     |     20 |     30 | SALES      |
| FRED     |     20 |     20 | RESEARCH   |
| FRED     |     20 |     10 | ACCOUNTING |
| TURNER   |     30 |     50 | HR         |
| TURNER   |     30 |     40 | OPERATIONS |
| TURNER   |     30 |     30 | SALES      |
| TURNER   |     30 |     20 | RESEARCH   |
| TURNER   |     30 |     10 | ACCOUNTING |
| ADAMS    |     20 |     50 | HR         |
| ADAMS    |     20 |     40 | OPERATIONS |
| ADAMS    |     20 |     30 | SALES      |
| ADAMS    |     20 |     20 | RESEARCH   |
| ADAMS    |     20 |     10 | ACCOUNTING |
| JAMES    |     30 |     50 | HR         |
| JAMES    |     30 |     40 | OPERATIONS |
| JAMES    |     30 |     30 | SALES      |
| JAMES    |     30 |     20 | RESEARCH   |
| JAMES    |     30 |     10 | ACCOUNTING |
| FORD     |     20 |     50 | HR         |
| FORD     |     20 |     40 | OPERATIONS |
| FORD     |     20 |     30 | SALES      |
| FORD     |     20 |     20 | RESEARCH   |
| FORD     |     20 |     10 | ACCOUNTING |
| HOFFMAN  |     30 |     50 | HR         |
| HOFFMAN  |     30 |     40 | OPERATIONS |
| HOFFMAN  |     30 |     30 | SALES      |
| HOFFMAN  |     30 |     20 | RESEARCH   |
| HOFFMAN  |     30 |     10 | ACCOUNTING |
| GRASS    |     30 |     50 | HR         |
| GRASS    |     30 |     40 | OPERATIONS |
| GRASS    |     30 |     30 | SALES      |
| GRASS    |     30 |     20 | RESEARCH   |
| GRASS    |     30 |     10 | ACCOUNTING |
| MILLER   |     10 |     50 | HR         |
| MILLER   |     10 |     40 | OPERATIONS |
| MILLER   |     10 |     30 | SALES      |
| MILLER   |     10 |     20 | RESEARCH   |
| MILLER   |     10 |     10 | ACCOUNTING |
| AARUSH   |     30 |     50 | HR         |
| AARUSH   |     30 |     40 | OPERATIONS |
| AARUSH   |     30 |     30 | SALES      |
| AARUSH   |     30 |     20 | RESEARCH   |
| AARUSH   |     30 |     10 | ACCOUNTING |
| ALEX     |     30 |     50 | HR         |
| ALEX     |     30 |     40 | OPERATIONS |
| ALEX     |     30 |     30 | SALES      |
| ALEX     |     30 |     20 | RESEARCH   |
| ALEX     |     30 |     10 | ACCOUNTING |
| NATASHA  |     30 |     50 | HR         |
| NATASHA  |     30 |     40 | OPERATIONS |
| NATASHA  |     30 |     30 | SALES      |
| NATASHA  |     30 |     20 | RESEARCH   |
| NATASHA  |     30 |     10 | ACCOUNTING |
| SANGITA  |     50 |     50 | HR         |
| SANGITA  |     50 |     40 | OPERATIONS |
| SANGITA  |     50 |     30 | SALES      |
| SANGITA  |     50 |     20 | RESEARCH   |
| SANGITA  |     50 |     10 | ACCOUNTING |
| SUPRIYA  |     50 |     50 | HR         |
| SUPRIYA  |     50 |     40 | OPERATIONS |
| SUPRIYA  |     50 |     30 | SALES      |
| SUPRIYA  |     50 |     20 | RESEARCH   |
| SUPRIYA  |     50 |     10 | ACCOUNTING |
+----------+--------+--------+------------+
140 rows in set (0.00 sec)

mysql> select count(*) TotalEmployees, name, rate, count(*) * rate R1 from emp, softdrink s group by name, rate;
+----------------+----------------------+------+------+
| TotalEmployees | name                 | rate | R1   |
+----------------+----------------------+------+------+
|             28 | Iced Tea             |   35 |  980 |
|             28 | Frozen Fanta Cherry  |   65 | 1820 |
|             28 | Diet Coke            |   60 | 1680 |
|             28 | Mello Yello          |   75 | 2100 |
|             28 | Coca-Cola            |   45 | 1260 |
+----------------+----------------------+------+------+
5 rows in set (0.00 sec)

mysql> select count(*) TotalEmployees, name, rate, count(*) * rate R1 from emp cross join softdrink s group by name, rate;
+----------------+----------------------+------+------+
| TotalEmployees | name                 | rate | R1   |
+----------------+----------------------+------+------+
|             28 | Iced Tea             |   35 |  980 |
|             28 | Frozen Fanta Cherry  |   65 | 1820 |
|             28 | Diet Coke            |   60 | 1680 |
|             28 | Mello Yello          |   75 | 2100 |
|             28 | Coca-Cola            |   45 | 1260 |
+----------------+----------------------+------+------+
5 rows in set (0.00 sec)

mysql> select ename, emp.deptno, dept.deptno, dname from emp, dept where emp.deptno = dept.deptno;
+----------+--------+--------+------------+
| ename    | deptno | deptno | dname      |
+----------+--------+--------+------------+
| AARAV    |     10 |     10 | ACCOUNTING |
| THOMAS   |     10 |     10 | ACCOUNTING |
| CLARK    |     10 |     10 | ACCOUNTING |
| KING     |     10 |     10 | ACCOUNTING |
| MILLER   |     10 |     10 | ACCOUNTING |
| SHARMIN  |     20 |     20 | RESEARCH   |
| BANDISH  |     20 |     20 | RESEARCH   |
| SMITH    |     20 |     20 | RESEARCH   |
| JONES    |     20 |     20 | RESEARCH   |
| SCOTT    |     20 |     20 | RESEARCH   |
| FRED     |     20 |     20 | RESEARCH   |
| ADAMS    |     20 |     20 | RESEARCH   |
| FORD     |     20 |     20 | RESEARCH   |
| GITA     |     30 |     30 | SALES      |
| ALLEN    |     30 |     30 | SALES      |
| WARD     |     30 |     30 | SALES      |
| MARTIN   |     30 |     30 | SALES      |
| BLAKE    |     30 |     30 | SALES      |
| TURNER   |     30 |     30 | SALES      |
| JAMES    |     30 |     30 | SALES      |
| HOFFMAN  |     30 |     30 | SALES      |
| GRASS    |     30 |     30 | SALES      |
| AARUSH   |     30 |     30 | SALES      |
| ALEX     |     30 |     30 | SALES      |
| NATASHA  |     30 |     30 | SALES      |
| VRUSHALI |     50 |     50 | HR         |
| SANGITA  |     50 |     50 | HR         |
| SUPRIYA  |     50 |     50 | HR         |
+----------+--------+--------+------------+
28 rows in set (0.01 sec)

mysql> select ename, emp.deptno, dept.deptno, dname from emp inner join dept on emp.deptno = dept.deptno;
+----------+--------+--------+------------+
| ename    | deptno | deptno | dname      |
+----------+--------+--------+------------+
| AARAV    |     10 |     10 | ACCOUNTING |
| THOMAS   |     10 |     10 | ACCOUNTING |
| CLARK    |     10 |     10 | ACCOUNTING |
| KING     |     10 |     10 | ACCOUNTING |
| MILLER   |     10 |     10 | ACCOUNTING |
| SHARMIN  |     20 |     20 | RESEARCH   |
| BANDISH  |     20 |     20 | RESEARCH   |
| SMITH    |     20 |     20 | RESEARCH   |
| JONES    |     20 |     20 | RESEARCH   |
| SCOTT    |     20 |     20 | RESEARCH   |
| FRED     |     20 |     20 | RESEARCH   |
| ADAMS    |     20 |     20 | RESEARCH   |
| FORD     |     20 |     20 | RESEARCH   |
| GITA     |     30 |     30 | SALES      |
| ALLEN    |     30 |     30 | SALES      |
| WARD     |     30 |     30 | SALES      |
| MARTIN   |     30 |     30 | SALES      |
| BLAKE    |     30 |     30 | SALES      |
| TURNER   |     30 |     30 | SALES      |
| JAMES    |     30 |     30 | SALES      |
| HOFFMAN  |     30 |     30 | SALES      |
| GRASS    |     30 |     30 | SALES      |
| AARUSselect ename, emp.deptno, dept.deptno, dname from emp, dept where emp.deptno = dept.deptno;
+----------+--------+--------+------------+
| ename    | deptno | deptno | dname      |
+----------+--------+--------+------------+
| AARAV    |     10 |     10 | ACCOUNTING |
| THOMAS   |     10 |     10 | ACCOUNTING |
| CLARK    |     10 |     10 | ACCOUNTING |
| KING     |     10 |     10 | ACCOUNTING |
| MILLER   |     10 |     10 | ACCOUNTING |
| SHARMIN  |     20 |     20 | RESEARCH   |o, dname from emp inner join dept on emp.deptno = dept.deptn
| BANDISH  |     20 |     20 | RESEARCH   |
| SMITH    |     20 |     20 | RESEARCH   |
| JONES    |     20 |     20 | RESEARCH   |
| SCOTT    |     20 |     20 | RESEARCH   |
| FRED     |     20 |     20 | RESEARCH   |
| ADAMS    |     20 |     20 | RESEARCH   |
| FORD     |     20 |     20 | RESEARCH   |
| GITA     |     30 |     30 | SALES      |
| ALLEN    |     30 |     30 | SALES      |
| WARD     |     30 |     30 | SALES      |
| MARTIN   |     30 |     30 | SALES      |
| BLAKE    |     30 |     30 | SALES      |
| TURNER   |     30 |     30 | SALES      |
| JAMES    |     30 |     30 | SALES      |
| HOFFMAN  |     30 |     30 | SALES      |
| GRASS    |     30 |     30 | SALES      |
| AARUSH   |     30 |     30 | SALES      |
| ALEX     |     30 |     30 | SALES      |
| NATASHA  |     30 |     30 | SALES      |
| VRUSHALI |     50 |     50 | HR         |
| SANGITA  |     50 |     50 | HR         |
| SUPRIYA  |     50 |     50 | HR         |
+----------+--------+--------+------------+
28 rows in set (0.01 sec)

mysql>
mysql>
mysql> select ename, emp.deptno, dept.deptno, dname from emp join dept on emp.deptno = dept.deptno;
+----------+--------+--------+------------+
| ename    | deptno | deptno | dname      |
+----------+--------+--------+------------+
| AARAV    |     10 |     10 | ACCOUNTING |
| THOMAS   |     10 |     10 | ACCOUNTING |
| CLARK    |     10 |     10 | ACCOUNTING |
| KING     |     10 |     10 | ACCOUNTING |
| MILLER   |     10 |     10 | ACCOUNTING |
| SHARMIN  |     20 |     20 | RESEARCH   |
| BANDISH  |     20 |     20 | RESEARCH   |
| SMITH    |     20 |     20 | RESEARCH   |
| JONES    |     20 |     20 | RESEARCH   |
| SCOTT    |     20 |     20 | RESEARCH   |
| FRED     |     20 |     20 | RESEARCH   |
| ADAMS    |     20 |     20 | RESEARCH   |
| FORD     |     20 |     20 | RESEARCH   |
| GITA     |     30 |     30 | SALES      |
| ALLEN    |     30 |     30 | SALES      |
| WARD     |     30 |     30 | SALES      |
| MARTIN   |     30 |     30 | SALES      |
| BLAKE    |     30 |     30 | SALES      |
| TURNER   |     30 |     30 | SALES      |
| JAMES    |     30 |     30 | SALES      |
| HOFFMAN  |     30 |     30 | SALES      |
| GRASS    |     30 |     30 | SALES      |
| AARUSH   |     30 |     30 | SALES      |
| ALEX     |     30 |     30 | SALES      |
| NATASHA  |     30 |     30 | SALES      |
| VRUSHALI |     50 |     50 | HR         |
| SANGITA  |     50 |     50 | HR         |
| SUPRIYA  |     50 |     50 | HR         |
+----------+--------+--------+------------+
28 rows in set (0.00 sec)

mysql> select ename, emp.deptno, dept.deptno, dname from emp inner join dept using(deptno);
+----------+--------+--------+------------+
| ename    | deptno | deptno | dname      |
+----------+--------+--------+------------+
| AARAV    |     10 |     10 | ACCOUNTING |
| THOMAS   |     10 |     10 | ACCOUNTING |
| CLARK    |     10 |     10 | ACCOUNTING |
| KING     |     10 |     10 | ACCOUNTING |
| MILLER   |     10 |     10 | ACCOUNTING |
| SHARMIN  |     20 |     20 | RESEARCH   |
| BANDISH  |     20 |     20 | RESEARCH   |
| SMITH    |     20 |     20 | RESEARCH   |
| JONES    |     20 |     20 | RESEARCH   |
| SCOTT    |     20 |     20 | RESEARCH   |
| FRED     |     20 |     20 | RESEARCH   |
| ADAMS    |     20 |     20 | RESEARCH   |
| FORD     |     20 |     20 | RESEARCH   |
| GITA     |     30 |     30 | SALES      |
| ALLEN    |     30 |     30 | SALES      |
| WARD     |     30 |     30 | SALES      |
| MARTIN   |     30 |     30 | SALES      |
| BLAKE    |     30 |     30 | SALES      |
| TURNER   |     30 |     30 | SALES      |
| JAMES    |     30 |     30 | SALES      |
| HOFFMAN  |     30 |     30 | SALES      |
| GRASS    |     30 |     30 | SALES      |
| AARUSH   |     30 |     30 | SALES      |
| ALEX     |     30 |     30 | SALES      |
| NATASHA  |     30 |     30 | SALES      |
| VRUSHALI |     50 |     50 | HR         |
| SANGITA  |     50 |     50 | HR         |
| SUPRIYA  |     50 |     50 | HR         |
+----------+--------+--------+------------+
28 rows in set (0.00 sec)

mysql> select * from emp join dept on emp.deptno = dept.deptno;
+-------+----------+--------+---------------------+------+------------+------+------+--------+---------+--------------+------------+------------+----------+--------+------------+----------+------------+------------+
| EMPNO | ENAME    | GENDER | JOB                 | MGR  | HIREDATE   | SAL  | COMM | DEPTNO | BONUSID | USER NAME    | PWD        | PHONE      | isActive | DEPTNO | DNAME      | LOC      | PWD        | STARTEDON  |
+-------+----------+--------+---------------------+------+------------+------+------+--------+---------+--------------+------------+------------+----------+--------+------------+----------+------------+------------+
|  7415 | AARAV    | M      | CLERK               | 7902 | 1981-12-31 | 3350 | NULL |     10 |    NULL | AARAV        | NULL       | 7032300084 |        0 |     10 | ACCOUNTING | NEW YORK | r50mpm     | 24/03/1989 |
|  7421 | THOMAS   | M      | CLERK               | 7920 | 1981-07-19 | 1750 | NULL |     10 |       1 | THOMAS       | r50mpm     | 7032300011 |        0 |     10 | ACCOUNTING | NEW YORK | r50mpm     | 24/03/1989 |
|  7782 | CLARK    | M      | MANAGER             | 7839 | 1981-06-09 | 2450 | NULL |     10 |       3 | CLARK        | r50mpm     | 7032300001 |        1 |     10 | ACCOUNTING | NEW YORK | r50mpm     | 24/03/1989 |
|  7839 | KING     | M      | PRESIDENT           | NULL | 1981-11-17 | 5000 | NULL |     10 |       1 | KING         | r50mpm     | 7132300081 |        1 |     10 | ACCOUNTING | NEW YORK | r50mpm     | 24/03/1989 |
|  7934 | MILLER   | M      | CLERK               | 7782 | 1982-01-23 | 1300 | NULL |     10 |       2 | QUARTERNOTE  | r50mpm     | 7132300055 |        0 |     10 | ACCOUNTING | NEW YORK | r50mpm     | 24/03/1989 |
|  6473 | SHARMIN  | F      | Public Relation     | 7920 | 1981-07-19 | 1750 | NULL |     20 |       1 | SHARMIN      | a12recmpm  | NULL       |        1 |     20 | RESEARCH   | DALLAS   | a12recmpm  | 12/04/1989 |
|  6781 | BANDISH  | F      | Public Relation     | 7920 | 1981-07-19 | 1750 | NULL |     20 |       1 | BANDISH      | a12recmpm  | NULL       |        1 |     20 | RESEARCH   | DALLAS   | a12recmpm  | 12/04/1989 |
|  7369 | SMITH    | M      | CLERK               | 7902 | 1980-12-17 |  800 | NULL |     20 |       2 | TRITONE      | a12recmpm  | 7032300023 |        0 |     20 | RESEARCH   | DALLAS   | a12recmpm  | 12/04/1989 |
|  7566 | JONES    | M      | MANAGER             | 7839 | 1981-04-02 | 2975 | NULL |     20 |       4 | HONEYCOMB    | a12recmpm  | 7132300039 |        1 |     20 | RESEARCH   | DALLAS   | a12recmpm  | 12/04/1989 |
|  7788 | SCOTT    | M      | ANALYST             | 7566 | 1982-12-09 | 3000 | NULL |     20 |       3 | WHITE SAND   | a12recmpm  | NULL       |        1 |     20 | RESEARCH   | DALLAS   | a12recmpm  | 12/04/1989 |
|  7840 | FRED     | M      | vice PRESIDENT      | 7839 | 1983-08-09 | 5000 | NULL |     20 |       1 | SAND STONE   | a12recmpm  | NULL       |        1 |     20 | RESEARCH   | DALLAS   | a12recmpm  | 12/04/1989 |
|  7876 | ADAMS    | M      | CLERK               | 7788 | 1983-01-12 | 1100 | NULL |     20 |       1 | CRAZY ANYONE | a12recmpm  | 7132300086 |        1 |     20 | RESEARCH   | DALLAS   | a12recmpm  | 12/04/1989 |
|  7902 | FORD     | M      | ANALYST             | 7566 | 1981-12-03 | 3000 | NULL |     20 |       4 | CONBRIO      | a12recmpm  | NULL       |        0 |     20 | RESEARCH   | DALLAS   | a12recmpm  | 12/04/1989 |
|  6001 | GITA     | F      | Compliance officers | 7920 | 1981-07-19 | 1750 | NULL |     30 |       1 | GITA         | sales@2017 | NULL       |        1 |     30 | SALES      | CHICAGO  | sales@2017 | 13/04/1989 |
|  7499 | ALLEN    | M      | SALESMAN            | 7698 | 1981-02-20 | 1600 |  300 |     30 |       4 | ALWAYS TESTE | sales@2017 | 7032300096 |        1 |     30 | SALES      | CHICAGO  | sales@2017 | 13/04/1989 |
|  7521 | WARD     | M      | SALESMAN            | 7698 | 1981-02-22 | 1250 |  500 |     30 |       1 | WARD         | sales@2017 | 7132300034 |        1 |     30 | SALES      | CHICAGO  | sales@2017 | 13/04/1989 |
|  7654 | MARTIN   | M      | SALESMAN            | 7698 | 1981-09-28 | 1250 | 1400 |     30 |       6 | LIFE RACER   | sales@2017 | 7132300050 |        1 |     30 | SALES      | CHICAGO  | sales@2017 | 13/04/1989 |
|  7698 | BLAKE    | M      | MANAGER             | 7839 | 1981-05-01 | 2850 | NULL |     30 |       1 | BIG BEN      | sales@2017 | 7132300027 |        1 |     30 | SALES      | CHICAGO  | sales@2017 | 13/04/1989 |
|  7844 | TURNER   | M      | SALESMAN            | 7698 | 1981-09-08 | 1500 |    0 |     30 |       5 | SAND DUST    | sales@2017 | NULL       |        1 |     30 | SALES      | CHICAGO  | sales@2017 | 13/04/1989 |
|  7900 | JAMES    | M      | CLERK               | 7698 | 1981-12-03 |  950 | NULL |     30 |       2 | CRAZY LEADER | sales@2017 | 7132300042 |        1 |     30 | SALES      | CHICAGO  | sales@2017 | 13/04/1989 |
|  7919 | HOFFMAN  | M      | MANAGER             | 7566 | 1982-03-24 | 4150 | NULL |     30 |       3 | INTERVAL     | sales@2017 | NULL       |        1 |     30 | SALES      | CHICAGO  | sales@2017 | 13/04/1989 |
|  7920 | GRASS    | M      | SALESMAN            | 7919 | 1980-02-14 | 2575 | 2700 |     30 |       5 | GRASS        | sales@2017 | NULL       |        1 |     30 | SALES      | CHICAGO  | sales@2017 | 13/04/1989 |
|  7945 | AARUSH   | M      | SALESMAN            | 7902 | 1980-02-14 | 1350 | 2700 |     30 |    NULL | AARUSH       | ABCDEF     | NULL       |        0 |     30 | SALES      | CHICAGO  | sales@2017 | 13/04/1989 |
|  7949 | ALEX     | M      | MANAGER             | 7698 | 1982-01-24 | 1250 |  500 |     30 |       5 | QUARTERREST  | sales@2017 | 7156567183 |        1 |     30 | SALES      | CHICAGO  | sales@2017 | 13/04/1989 |
|  8433 | NATASHA  | F      | CLERK               | 7920 | 1981-07-19 | 1750 | NULL |     30 |       1 | NATASHA      | sales@2017 | NULL       |        1 |     30 | SALES      | CHICAGO  | sales@2017 | 13/04/1989 |
|  6129 | VRUSHALI | F      | Compliance officers | 7920 | 1981-07-19 | 1750 | NULL |     50 |       1 | VRUSHALI     | PUN@8877   | NULL       |        1 |     50 | HR         | PUNE     | PUN@8877   | 22/12/1989 |
|  9400 | SANGITA  | F      | Compliance officers | 7920 | 1981-07-19 | 1750 | NULL |     50 |       1 | SANGITA      | NULL       | NULL       |        1 |     50 | HR         | PUNE     | PUN@8877   | 22/12/1989 |
|  9473 | SUPRIYA  | F      | ANALYST             | 7920 | 1981-07-19 | 1750 | NULL |     50 |       1 | SUPRIYA      | XYZ@1234   | NULL       |        1 |     50 | HR         | PUNE     | PUN@8877   | 22/12/1989 |
+-------+----------+--------+---------------------+------+------------+------+------+--------+---------+--------------+------------+------------+----------+--------+------------+----------+------------+------------+
28 rows in set (0.00 sec)

mysql> select * from emp join dept on using(deptno);
ERROR 1064 (42000): You have an error in your SQL syntax; check the manual that corresponds to your MySQL server version for the right syntax to use near 'using(deptno)' at line 1
mysql> select * from emp join dept using(deptno);
+--------+-------+----------+--------+---------------------+------+------------+------+------+---------+--------------+------------+------------+----------+------------+----------+------------+------------+
| DEPTNO | EMPNO | ENAME    | GENDER | JOB                 | MGR  | HIREDATE   | SAL  | COMM | BONUSID | USER NAME    | PWD        | PHONE      | isActive | DNAME      | LOC      | PWD        | STARTEDON  |
+--------+-------+----------+--------+---------------------+------+------------+------+------+---------+--------------+------------+------------+----------+------------+----------+------------+------------+
|     10 |  7415 | AARAV    | M      | CLERK               | 7902 | 1981-12-31 | 3350 | NULL |    NULL | AARAV        | NULL       | 7032300084 |        0 | ACCOUNTING | NEW YORK | r50mpm     | 24/03/1989 |
|     10 |  7421 | THOMAS   | M      | CLERK               | 7920 | 1981-07-19 | 1750 | NULL |       1 | THOMAS       | r50mpm     | 7032300011 |        0 | ACCOUNTING | NEW YORK | r50mpm     | 24/03/1989 |
|     10 |  7782 | CLARK    | M      | MANAGER             | 7839 | 1981-06-09 | 2450 | NULL |       3 | CLARK        | r50mpm     | 7032300001 |        1 | ACCOUNTING | NEW YORK | r50mpm     | 24/03/1989 |
|     10 |  7839 | KING     | M      | PRESIDENT           | NULL | 1981-11-17 | 5000 | NULL |       1 | KING         | r50mpm     | 7132300081 |        1 | ACCOUNTING | NEW YORK | r50mpm     | 24/03/1989 |
|     10 |  7934 | MILLER   | M      | CLERK               | 7782 | 1982-01-23 | 1300 | NULL |       2 | QUARTERNOTE  | r50mpm     | 7132300055 |        0 | ACCOUNTING | NEW YORK | r50mpm     | 24/03/1989 |
|     20 |  6473 | SHARMIN  | F      | Public Relation     | 7920 | 1981-07-19 | 1750 | NULL |       1 | SHARMIN      | a12recmpm  | NULL       |        1 | RESEARCH   | DALLAS   | a12recmpm  | 12/04/1989 |
|     20 |  6781 | BANDISH  | F      | Public Relation     | 7920 | 1981-07-19 | 1750 | NULL |       1 | BANDISH      | a12recmpm  | NULL       |        1 | RESEARCH   | DALLAS   | a12recmpm  | 12/04/1989 |
|     20 |  7369 | SMITH    | M      | CLERK               | 7902 | 1980-12-17 |  800 | NULL |       2 | TRITONE      | a12recmpm  | 7032300023 |        0 | RESEARCH   | DALLAS   | a12recmpm  | 12/04/1989 |
|     20 |  7566 | JONES    | M      | MANAGER             | 7839 | 1981-04-02 | 2975 | NULL |       4 | HONEYCOMB    | a12recmpm  | 7132300039 |        1 | RESEARCH   | DALLAS   | a12recmpm  | 12/04/1989 |
|     20 |  7788 | SCOTT    | M      | ANALYST             | 7566 | 1982-12-09 | 3000 | NULL |       3 | WHITE SAND   | a12recmpm  | NULL       |        1 | RESEARCH   | DALLAS   | a12recmpm  | 12/04/1989 |
|     20 |  7840 | FRED     | M      | vice PRESIDENT      | 7839 | 1983-08-09 | 5000 | NULL |       1 | SAND STONE   | a12recmpm  | NULL       |        1 | RESEARCH   | DALLAS   | a12recmpm  | 12/04/1989 |
|     20 |  7876 | ADAMS    | M      | CLERK               | 7788 | 1983-01-12 | 1100 | NULL |       1 | CRAZY ANYONE | a12recmpm  | 7132300086 |        1 | RESEARCH   | DALLAS   | a12recmpm  | 12/04/1989 |
|     20 |  7902 | FORD     | M      | ANALYST             | 7566 | 1981-12-03 | 3000 | NULL |       4 | CONBRIO      | a12recmpm  | NULL       |        0 | RESEARCH   | DALLAS   | a12recmpm  | 12/04/1989 |
|     30 |  6001 | GITA     | F      | Compliance officers | 7920 | 1981-07-19 | 1750 | NULL |       1 | GITA         | sales@2017 | NULL       |        1 | SALES      | CHICAGO  | sales@2017 | 13/04/1989 |
|     30 |  7499 | ALLEN    | M      | SALESMAN            | 7698 | 1981-02-20 | 1600 |  300 |       4 | ALWAYS TESTE | sales@2017 | 7032300096 |        1 | SALES      | CHICAGO  | sales@2017 | 13/04/1989 |
|     30 |  7521 | WARD     | M      | SALESMAN            | 7698 | 1981-02-22 | 1250 |  500 |       1 | WARD         | sales@2017 | 7132300034 |        1 | SALES      | CHICAGO  | sales@2017 | 13/04/1989 |
|     30 |  7654 | MARTIN   | M      | SALESMAN            | 7698 | 1981-09-28 | 1250 | 1400 |       6 | LIFE RACER   | sales@2017 | 7132300050 |        1 | SALES      | CHICAGO  | sales@2017 | 13/04/1989 |
|     30 |  7698 | BLAKE    | M      | MANAGER             | 7839 | 1981-05-01 | 2850 | NULL |       1 | BIG BEN      | sales@2017 | 7132300027 |        1 | SALES      | CHICAGO  | sales@2017 | 13/04/1989 |
|     30 |  7844 | TURNER   | M      | SALESMAN            | 7698 | 1981-09-08 | 1500 |    0 |       5 | SAND DUST    | sales@2017 | NULL       |        1 | SALES      | CHICAGO  | sales@2017 | 13/04/1989 |
|     30 |  7900 | JAMES    | M      | CLERK               | 7698 | 1981-12-03 |  950 | NULL |       2 | CRAZY LEADER | sales@2017 | 7132300042 |        1 | SALES      | CHICAGO  | sales@2017 | 13/04/1989 |
|     30 |  7919 | HOFFMAN  | M      | MANAGER             | 7566 | 1982-03-24 | 4150 | NULL |       3 | INTERVAL     | sales@2017 | NULL       |        1 | SALES      | CHICAGO  | sales@2017 | 13/04/1989 |
|     30 |  7920 | GRASS    | M      | SALESMAN            | 7919 | 1980-02-14 | 2575 | 2700 |       5 | GRASS        | sales@2017 | NULL       |        1 | SALES      | CHICAGO  | sales@2017 | 13/04/1989 |
|     30 |  7945 | AARUSH   | M      | SALESMAN            | 7902 | 1980-02-14 | 1350 | 2700 |    NULL | AARUSH       | ABCDEF     | NULL       |        0 | SALES      | CHICAGO  | sales@2017 | 13/04/1989 |
|     30 |  7949 | ALEX     | M      | MANAGER             | 7698 | 1982-01-24 | 1250 |  500 |       5 | QUARTERREST  | sales@2017 | 7156567183 |        1 | SALES      | CHICAGO  | sales@2017 | 13/04/1989 |
|     30 |  8433 | NATASHA  | F      | CLERK               | 7920 | 1981-07-19 | 1750 | NULL |       1 | NATASHA      | sales@2017 | NULL       |        1 | SALES      | CHICAGO  | sales@2017 | 13/04/1989 |
|     50 |  6129 | VRUSHALI | F      | Compliance officers | 7920 | 1981-07-19 | 1750 | NULL |       1 | VRUSHALI     | PUN@8877   | NULL       |        1 | HR         | PUNE     | PUN@8877   | 22/12/1989 |
|     50 |  9400 | SANGITA  | F      | Compliance officers | 7920 | 1981-07-19 | 1750 | NULL |       1 | SANGITA      | NULL       | NULL       |        1 | HR         | PUNE     | PUN@8877   | 22/12/1989 |
|     50 |  9473 | SUPRIYA  | F      | ANALYST             | 7920 | 1981-07-19 | 1750 | NULL |       1 | SUPRIYA      | XYZ@1234   | NULL       |        1 | HR         | PUNE     | PUN@8877   | 22/12/1989 |
+--------+-------+----------+--------+---------------------+------+------------+------+------+---------+--------------+------------+------------+----------+------------+----------+------------+------------+
28 rows in set (0.00 sec)

mysql> select * from emp simple join dept using(deptno);
+--------+-------+----------+--------+---------------------+------+------------+------+------+---------+--------------+------------+------------+----------+------------+----------+------------+------------+
| DEPTNO | EMPNO | ENAME    | GENDER | JOB                 | MGR  | HIREDATE   | SAL  | COMM | BONUSID | USER NAME    | PWD        | PHONE      | isActive | DNAME      | LOC      | PWD        | STARTEDON  |
+--------+-------+----------+--------+---------------------+------+------------+------+------+---------+--------------+------------+------------+----------+------------+----------+------------+------------+
|     10 |  7415 | AARAV    | M      | CLERK               | 7902 | 1981-12-31 | 3350 | NULL |    NULL | AARAV        | NULL       | 7032300084 |        0 | ACCOUNTING | NEW YORK | r50mpm     | 24/03/1989 |
|     10 |  7421 | THOMAS   | M      | CLERK               | 7920 | 1981-07-19 | 1750 | NULL |       1 | THOMAS       | r50mpm     | 7032300011 |        0 | ACCOUNTING | NEW YORK | r50mpm     | 24/03/1989 |
|     10 |  7782 | CLARK    | M      | MANAGER             | 7839 | 1981-06-09 | 2450 | NULL |       3 | CLARK        | r50mpm     | 7032300001 |        1 | ACCOUNTING | NEW YORK | r50mpm     | 24/03/1989 |
|     10 |  7839 | KING     | M      | PRESIDENT           | NULL | 1981-11-17 | 5000 | NULL |       1 | KING         | r50mpm     | 7132300081 |        1 | ACCOUNTING | NEW YORK | r50mpm     | 24/03/1989 |
|     10 |  7934 | MILLER   | M      | CLERK               | 7782 | 1982-01-23 | 1300 | NULL |       2 | QUARTERNOTE  | r50mpm     | 7132300055 |        0 | ACCOUNTING | NEW YORK | r50mpm     | 24/03/1989 |
|     20 |  6473 | SHARMIN  | F      | Public Relation     | 7920 | 1981-07-19 | 1750 | NULL |       1 | SHARMIN      | a12recmpm  | NULL       |        1 | RESEARCH   | DALLAS   | a12recmpm  | 12/04/1989 |
|     20 |  6781 | BANDISH  | F      | Public Relation     | 7920 | 1981-07-19 | 1750 | NULL |       1 | BANDISH      | a12recmpm  | NULL       |        1 | RESEARCH   | DALLAS   | a12recmpm  | 12/04/1989 |
|     20 |  7369 | SMITH    | M      | CLERK               | 7902 | 1980-12-17 |  800 | NULL |       2 | TRITONE      | a12recmpm  | 7032300023 |        0 | RESEARCH   | DALLAS   | a12recmpm  | 12/04/1989 |
|     20 |  7566 | JONES    | M      | MANAGER             | 7839 | 1981-04-02 | 2975 | NULL |       4 | HONEYCOMB    | a12recmpm  | 7132300039 |        1 | RESEARCH   | DALLAS   | a12recmpm  | 12/04/1989 |
|     20 |  7788 | SCOTT    | M      | ANALYST             | 7566 | 1982-12-09 | 3000 | NULL |       3 | WHITE SAND   | a12recmpm  | NULL       |        1 | RESEARCH   | DALLAS   | a12recmpm  | 12/04/1989 |
|     20 |  7840 | FRED     | M      | vice PRESIDENT      | 7839 | 1983-08-09 | 5000 | NULL |       1 | SAND STONE   | a12recmpm  | NULL       |        1 | RESEARCH   | DALLAS   | a12recmpm  | 12/04/1989 |
|     20 |  7876 | ADAMS    | M      | CLERK               | 7788 | 1983-01-12 | 1100 | NULL |       1 | CRAZY ANYONE | a12recmpm  | 7132300086 |        1 | RESEARCH   | DALLAS   | a12recmpm  | 12/04/1989 |
|     20 |  7902 | FORD     | M      | ANALYST             | 7566 | 1981-12-03 | 3000 | NULL |       4 | CONBRIO      | a12recmpm  | NULL       |        0 | RESEARCH   | DALLAS   | a12recmpm  | 12/04/1989 |
|     30 |  6001 | GITA     | F      | Compliance officers | 7920 | 1981-07-19 | 1750 | NULL |       1 | GITA         | sales@2017 | NULL       |        1 | SALES      | CHICAGO  | sales@2017 | 13/04/1989 |
|     30 |  7499 | ALLEN    | M      | SALESMAN            | 7698 | 1981-02-20 | 1600 |  300 |       4 | ALWAYS TESTE | sales@2017 | 7032300096 |        1 | SALES      | CHICAGO  | sales@2017 | 13/04/1989 |
|     30 |  7521 | WARD     | M      | SALESMAN            | 7698 | 1981-02-22 | 1250 |  500 |       1 | WARD         | sales@2017 | 7132300034 |        1 | SALES      | CHICAGO  | sales@2017 | 13/04/1989 |
|     30 |  7654 | MARTIN   | M      | SALESMAN            | 7698 | 1981-09-28 | 1250 | 1400 |       6 | LIFE RACER   | sales@2017 | 7132300050 |        1 | SALES      | CHICAGO  | sales@2017 | 13/04/1989 |
|     30 |  7698 | BLAKE    | M      | MANAGER             | 7839 | 1981-05-01 | 2850 | NULL |       1 | BIG BEN      | sales@2017 | 7132300027 |        1 | SALES      | CHICAGO  | sales@2017 | 13/04/1989 |
|     30 |  7844 | TURNER   | M      | SALESMAN            | 7698 | 1981-09-08 | 1500 |    0 |       5 | SAND DUST    | sales@2017 | NULL       |        1 | SALES      | CHICAGO  | sales@2017 | 13/04/1989 |
|     30 |  7900 | JAMES    | M      | CLERK               | 7698 | 1981-12-03 |  950 | NULL |       2 | CRAZY LEADER | sales@2017 | 7132300042 |        1 | SALES      | CHICAGO  | sales@2017 | 13/04/1989 |
|     30 |  7919 | HOFFMAN  | M      | MANAGER             | 7566 | 1982-03-24 | 4150 | NULL |       3 | INTERVAL     | sales@2017 | NULL       |        1 | SALES      | CHICAGO  | sales@2017 | 13/04/1989 |
|     30 |  7920 | GRASS    | M      | SALESMAN            | 7919 | 1980-02-14 | 2575 | 2700 |       5 | GRASS        | sales@2017 | NULL       |        1 | SALES      | CHICAGO  | sales@2017 | 13/04/1989 |
|     30 |  7945 | AARUSH   | M      | SALESMAN            | 7902 | 1980-02-14 | 1350 | 2700 |    NULL | AARUSH       | ABCDEF     | NULL       |        0 | SALES      | CHICAGO  | sales@2017 | 13/04/1989 |
|     30 |  7949 | ALEX     | M      | MANAGER             | 7698 | 1982-01-24 | 1250 |  500 |       5 | QUARTERREST  | sales@2017 | 7156567183 |        1 | SALES      | CHICAGO  | sales@2017 | 13/04/1989 |
|     30 |  8433 | NATASHA  | F      | CLERK               | 7920 | 1981-07-19 | 1750 | NULL |       1 | NATASHA      | sales@2017 | NULL       |        1 | SALES      | CHICAGO  | sales@2017 | 13/04/1989 |
|     50 |  6129 | VRUSHALI | F      | Compliance officers | 7920 | 1981-07-19 | 1750 | NULL |       1 | VRUSHALI     | PUN@8877   | NULL       |        1 | HR         | PUNE     | PUN@8877   | 22/12/1989 |
|     50 |  9400 | SANGITA  | F      | Compliance officers | 7920 | 1981-07-19 | 1750 | NULL |       1 | SANGITA      | NULL       | NULL       |        1 | HR         | PUNE     | PUN@8877   | 22/12/1989 |
|     50 |  9473 | SUPRIYA  | F      | ANALYST             | 7920 | 1981-07-19 | 1750 | NULL |       1 | SUPRIYA      | XYZ@1234   | NULL       |        1 | HR         | PUNE     | PUN@8877   | 22/12/1989 |
+--------+-------+----------+--------+---------------------+------+------------+------+------+---------+--------------+------------+------------+----------+------------+----------+------------+------------+
28 rows in set (0.00 sec)

mysql> select * from emp inner join dept using(deptno);
+--------+-------+----------+--------+---------------------+------+------------+------+------+---------+--------------+------------+------------+----------+------------+----------+------------+------------+
| DEPTNO | EMPNO | ENAME    | GENDER | JOB                 | MGR  | HIREDATE   | SAL  | COMM | BONUSID | USER NAME    | PWD        | PHONE      | isActive | DNAME      | LOC      | PWD        | STARTEDON  |
+--------+-------+----------+--------+---------------------+------+------------+------+------+---------+--------------+------------+------------+----------+------------+----------+------------+------------+
|     10 |  7415 | AARAV    | M      | CLERK               | 7902 | 1981-12-31 | 3350 | NULL |    NULL | AARAV        | NULL       | 7032300084 |        0 | ACCOUNTING | NEW YORK | r50mpm     | 24/03/1989 |
|     10 |  7421 | THOMAS   | M      | CLERK               | 7920 | 1981-07-19 | 1750 | NULL |       1 | THOMAS       | r50mpm     | 7032300011 |        0 | ACCOUNTING | NEW YORK | r50mpm     | 24/03/1989 |
|     10 |  7782 | CLARK    | M      | MANAGER             | 7839 | 1981-06-09 | 2450 | NULL |       3 | CLARK        | r50mpm     | 7032300001 |        1 | ACCOUNTING | NEW YORK | r50mpm     | 24/03/1989 |
|     10 |  7839 | KING     | M      | PRESIDENT           | NULL | 1981-11-17 | 5000 | NULL |       1 | KING         | r50mpm     | 7132300081 |        1 | ACCOUNTING | NEW YORK | r50mpm     | 24/03/1989 |
|     10 |  7934 | MILLER   | M      | CLERK               | 7782 | 1982-01-23 | 1300 | NULL |       2 | QUARTERNOTE  | r50mpm     | 7132300055 |        0 | ACCOUNTING | NEW YORK | r50mpm     | 24/03/1989 |
|     20 |  6473 | SHARMIN  | F      | Public Relation     | 7920 | 1981-07-19 | 1750 | NULL |       1 | SHARMIN      | a12recmpm  | NULL       |        1 | RESEARCH   | DALLAS   | a12recmpm  | 12/04/1989 |
|     20 |  6781 | BANDISH  | F      | Public Relation     | 7920 | 1981-07-19 | 1750 | NULL |       1 | BANDISH      | a12recmpm  | NULL       |        1 | RESEARCH   | DALLAS   | a12recmpm  | 12/04/1989 |
|     20 |  7369 | SMITH    | M      | CLERK               | 7902 | 1980-12-17 |  800 | NULL |       2 | TRITONE      | a12recmpm  | 7032300023 |        0 | RESEARCH   | DALLAS   | a12recmpm  | 12/04/1989 |
|     20 |  7566 | JONES    | M      | MANAGER             | 7839 | 1981-04-02 | 2975 | NULL |       4 | HONEYCOMB    | a12recmpm  | 7132300039 |        1 | RESEARCH   | DALLAS   | a12recmpm  | 12/04/1989 |
|     20 |  7788 | SCOTT    | M      | ANALYST             | 7566 | 1982-12-09 | 3000 | NULL |       3 | WHITE SAND   | a12recmpm  | NULL       |        1 | RESEARCH   | DALLAS   | a12recmpm  | 12/04/1989 |
|     20 |  7840 | FRED     | M      | vice PRESIDENT      | 7839 | 1983-08-09 | 5000 | NULL |       1 | SAND STONE   | a12recmpm  | NULL       |        1 | RESEARCH   | DALLAS   | a12recmpm  | 12/04/1989 |
|     20 |  7876 | ADAMS    | M      | CLERK               | 7788 | 1983-01-12 | 1100 | NULL |       1 | CRAZY ANYONE | a12recmpm  | 7132300086 |        1 | RESEARCH   | DALLAS   | a12recmpm  | 12/04/1989 |
|     20 |  7902 | FORD     | M      | ANALYST             | 7566 | 1981-12-03 | 3000 | NULL |       4 | CONBRIO      | a12recmpm  | NULL       |        0 | RESEARCH   | DALLAS   | a12recmpm  | 12/04/1989 |
|     30 |  6001 | GITA     | F      | Compliance officers | 7920 | 1981-07-19 | 1750 | NULL |       1 | GITA         | sales@2017 | NULL       |        1 | SALES      | CHICAGO  | sales@2017 | 13/04/1989 |
|     30 |  7499 | ALLEN    | M      | SALESMAN            | 7698 | 1981-02-20 | 1600 |  300 |       4 | ALWAYS TESTE | sales@2017 | 7032300096 |        1 | SALES      | CHICAGO  | sales@2017 | 13/04/1989 |
|     30 |  7521 | WARD     | M      | SALESMAN            | 7698 | 1981-02-22 | 1250 |  500 |       1 | WARD         | sales@2017 | 7132300034 |        1 | SALES      | CHICAGO  | sales@2017 | 13/04/1989 |
|     30 |  7654 | MARTIN   | M      | SALESMAN            | 7698 | 1981-09-28 | 1250 | 1400 |       6 | LIFE RACER   | sales@2017 | 7132300050 |        1 | SALES      | CHICAGO  | sales@2017 | 13/04/1989 |
|     30 |  7698 | BLAKE    | M      | MANAGER             | 7839 | 1981-05-01 | 2850 | NULL |       1 | BIG BEN      | sales@2017 | 7132300027 |        1 | SALES      | CHICAGO  | sales@2017 | 13/04/1989 |
|     30 |  7844 | TURNER   | M      | SALESMAN            | 7698 | 1981-09-08 | 1500 |    0 |       5 | SAND DUST    | sales@2017 | NULL       |        1 | SALES      | CHICAGO  | sales@2017 | 13/04/1989 |
|     30 |  7900 | JAMES    | M      | CLERK               | 7698 | 1981-12-03 |  950 | NULL |       2 | CRAZY LEADER | sales@2017 | 7132300042 |        1 | SALES      | CHICAGO  | sales@2017 | 13/04/1989 |
|     30 |  7919 | HOFFMAN  | M      | MANAGER             | 7566 | 1982-03-24 | 4150 | NULL |       3 | INTERVAL     | sales@2017 | NULL       |        1 | SALES      | CHICAGO  | sales@2017 | 13/04/1989 |
|     30 |  7920 | GRASS    | M      | SALESMAN            | 7919 | 1980-02-14 | 2575 | 2700 |       5 | GRASS        | sales@2017 | NULL       |        1 | SALES      | CHICAGO  | sales@2017 | 13/04/1989 |
|     30 |  7945 | AARUSH   | M      | SALESMAN            | 7902 | 1980-02-14 | 1350 | 2700 |    NULL | AARUSH       | ABCDEF     | NULL       |        0 | SALES      | CHICAGO  | sales@2017 | 13/04/1989 |
|     30 |  7949 | ALEX     | M      | MANAGER             | 7698 | 1982-01-24 | 1250 |  500 |       5 | QUARTERREST  | sales@2017 | 7156567183 |        1 | SALES      | CHICAGO  | sales@2017 | 13/04/1989 |
|     30 |  8433 | NATASHA  | F      | CLERK               | 7920 | 1981-07-19 | 1750 | NULL |       1 | NATASHA      | sales@2017 | NULL       |        1 | SALES      | CHICAGO  | sales@2017 | 13/04/1989 |
|     50 |  6129 | VRUSHALI | F      | Compliance officers | 7920 | 1981-07-19 | 1750 | NULL |       1 | VRUSHALI     | PUN@8877   | NULL       |        1 | HR         | PUNE     | PUN@8877   | 22/12/1989 |
|     50 |  9400 | SANGITA  | F      | Compliance officers | 7920 | 1981-07-19 | 1750 | NULL |       1 | SANGITA      | NULL       | NULL       |        1 | HR         | PUNE     | PUN@8877   | 22/12/1989 |
|     50 |  9473 | SUPRIYA  | F      | ANALYST             | 7920 | 1981-07-19 | 1750 | NULL |       1 | SUPRIYA      | XYZ@1234   | NULL       |        1 | HR         | PUNE     | PUN@8877   | 22/12/1989 |
+--------+-------+----------+--------+---------------------+------+------------+------+------+---------+--------------+------------+------------+----------+------------+----------+------------+------------+
28 rows in set (0.00 sec)

mysql> select * from emp natural join dept;
+--------+------------+-------+----------+--------+---------------------+------+------------+------+------+---------+--------------+------------+----------+------------+----------+------------+
| DEPTNO | PWD        | EMPNO | ENAME    | GENDER | JOB                 | MGR  | HIREDATE   | SAL  | COMM | BONUSID | USER NAME    | PHONE      | isActive | DNAME      | LOC      | STARTEDON  |
+--------+------------+-------+----------+--------+---------------------+------+------------+------+------+---------+--------------+------------+----------+------------+----------+------------+
|     10 | r50mpm     |  7421 | THOMAS   | M      | CLERK               | 7920 | 1981-07-19 | 1750 | NULL |       1 | THOMAS       | 7032300011 |        0 | ACCOUNTING | NEW YORK | 24/03/1989 |
|     10 | r50mpm     |  7782 | CLARK    | M      | MANAGER             | 7839 | 1981-06-09 | 2450 | NULL |       3 | CLARK        | 7032300001 |        1 | ACCOUNTING | NEW YORK | 24/03/1989 |
|     10 | r50mpm     |  7839 | KING     | M      | PRESIDENT           | NULL | 1981-11-17 | 5000 | NULL |       1 | KING         | 7132300081 |        1 | ACCOUNTING | NEW YORK | 24/03/1989 |
|     10 | r50mpm     |  7934 | MILLER   | M      | CLERK               | 7782 | 1982-01-23 | 1300 | NULL |       2 | QUARTERNOTE  | 7132300055 |        0 | ACCOUNTING | NEW YORK | 24/03/1989 |
|     20 | a12recmpm  |  6473 | SHARMIN  | F      | Public Relation     | 7920 | 1981-07-19 | 1750 | NULL |       1 | SHARMIN      | NULL       |        1 | RESEARCH   | DALLAS   | 12/04/1989 |
|     20 | a12recmpm  |  6781 | BANDISH  | F      | Public Relation     | 7920 | 1981-07-19 | 1750 | NULL |       1 | BANDISH      | NULL       |        1 | RESEARCH   | DALLAS   | 12/04/1989 |
|     20 | a12recmpm  |  7369 | SMITH    | M      | CLERK               | 7902 | 1980-12-17 |  800 | NULL |       2 | TRITONE      | 7032300023 |        0 | RESEARCH   | DALLAS   | 12/04/1989 |
|     20 | a12recmpm  |  7566 | JONES    | M      | MANAGER             | 7839 | 1981-04-02 | 2975 | NULL |       4 | HONEYCOMB    | 7132300039 |        1 | RESEARCH   | DALLAS   | 12/04/1989 |
|     20 | a12recmpm  |  7788 | SCOTT    | M      | ANALYST             | 7566 | 1982-12-09 | 3000 | NULL |       3 | WHITE SAND   | NULL       |        1 | RESEARCH   | DALLAS   | 12/04/1989 |
|     20 | a12recmpm  |  7840 | FRED     | M      | vice PRESIDENT      | 7839 | 1983-08-09 | 5000 | NULL |       1 | SAND STONE   | NULL       |        1 | RESEARCH   | DALLAS   | 12/04/1989 |
|     20 | a12recmpm  |  7876 | ADAMS    | M      | CLERK               | 7788 | 1983-01-12 | 1100 | NULL |       1 | CRAZY ANYONE | 7132300086 |        1 | RESEARCH   | DALLAS   | 12/04/1989 |
|     20 | a12recmpm  |  7902 | FORD     | M      | ANALYST             | 7566 | 1981-12-03 | 3000 | NULL |       4 | CONBRIO      | NULL       |        0 | RESEARCH   | DALLAS   | 12/04/1989 |
|     30 | sales@2017 |  6001 | GITA     | F      | Compliance officers | 7920 | 1981-07-19 | 1750 | NULL |       1 | GITA         | NULL       |        1 | SALES      | CHICAGO  | 13/04/1989 |
|     30 | sales@2017 |  7499 | ALLEN    | M      | SALESMAN            | 7698 | 1981-02-20 | 1600 |  300 |       4 | ALWAYS TESTE | 7032300096 |        1 | SALES      | CHICAGO  | 13/04/1989 |
|     30 | sales@2017 |  7521 | WARD     | M      | SALESMAN            | 7698 | 1981-02-22 | 1250 |  500 |       1 | WARD         | 7132300034 |        1 | SALES      | CHICAGO  | 13/04/1989 |
|     30 | sales@2017 |  7654 | MARTIN   | M      | SALESMAN            | 7698 | 1981-09-28 | 1250 | 1400 |       6 | LIFE RACER   | 7132300050 |        1 | SALES      | CHICAGO  | 13/04/1989 |
|     30 | sales@2017 |  7698 | BLAKE    | M      | MANAGER             | 7839 | 1981-05-01 | 2850 | NULL |       1 | BIG BEN      | 7132300027 |        1 | SALES      | CHICAGO  | 13/04/1989 |
|     30 | sales@2017 |  7844 | TURNER   | M      | SALESMAN            | 7698 | 1981-09-08 | 1500 |    0 |       5 | SAND DUST    | NULL       |        1 | SALES      | CHICAGO  | 13/04/1989 |
|     30 | sales@2017 |  7900 | JAMES    | M      | CLERK               | 7698 | 1981-12-03 |  950 | NULL |       2 | CRAZY LEADER | 7132300042 |        1 | SALES      | CHICAGO  | 13/04/1989 |
|     30 | sales@2017 |  7919 | HOFFMAN  | M      | MANAGER             | 7566 | 1982-03-24 | 4150 | NULL |       3 | INTERVAL     | NULL       |        1 | SALES      | CHICAGO  | 13/04/1989 |
|     30 | sales@2017 |  7920 | GRASS    | M      | SALESMAN            | 7919 | 1980-02-14 | 2575 | 2700 |       5 | GRASS        | NULL       |        1 | SALES      | CHICAGO  | 13/04/1989 |
|     30 | sales@2017 |  7949 | ALEX     | M      | MANAGER             | 7698 | 1982-01-24 | 1250 |  500 |       5 | QUARTERREST  | 7156567183 |        1 | SALES      | CHICAGO  | 13/04/1989 |
|     30 | sales@2017 |  8433 | NATASHA  | F      | CLERK               | 7920 | 1981-07-19 | 1750 | NULL |       1 | NATASHA      | NULL       |        1 | SALES      | CHICAGO  | 13/04/1989 |
|     50 | PUN@8877   |  6129 | VRUSHALI | F      | Compliance officers | 7920 | 1981-07-19 | 1750 | NULL |       1 | VRUSHALI     | NULL       |        1 | HR         | PUNE     | 22/12/1989 |
+--------+------------+-------+----------+--------+---------------------+------+------------+------+------+---------+--------------+------------+----------+------------+----------+------------+
24 rows in set (0.00 sec)

mysql>
mysql>
mysql>
mysql> desc emp;
+-----------+-------------+------+-----+---------+-------+
| Field     | Type        | Null | Key | Default | Extra |
+-----------+-------------+------+-----+---------+-------+
| EMPNO     | int         | NO   | PRI | NULL    |       |
| ENAME     | varchar(12) | YES  |     | NULL    |       |
| GENDER    | char(1)     | YES  |     | NULL    |       |
| JOB       | varchar(20) | YES  |     | NULL    |       |
| MGR       | int         | YES  | MUL | NULL    |       |
| HIREDATE  | date        | YES  |     | NULL    |       |
| SAL       | int         | YES  |     | NULL    |       |
| COMM      | int         | YES  |     | NULL    |       |
| DEPTNO    | int         | NO   | MUL | NULL    |       |
| BONUSID   | int         | YES  |     | NULL    |       |
| USER NAME | varchar(20) | YES  |     | NULL    |       |
| PWD       | varchar(20) | YES  |     | NULL    |       |
| PHONE     | varchar(45) | YES  |     | NULL    |       |
| isActive  | tinyint(1)  | YES  |     | NULL    |       |
+-----------+-------------+------+-----+---------+-------+
14 rows in set (0.01 sec)

mysql> desc dept;
+-----------+-------------+------+-----+---------+-------+
| Field     | Type        | Null | Key | Default | Extra |
+-----------+-------------+------+-----+---------+-------+
| DEPTNO    | int         | NO   | PRI | NULL    |       |
| DNAME     | varchar(12) | YES  |     | NULL    |       |
| LOC       | varchar(10) | YES  |     | NULL    |       |
| PWD       | varchar(20) | YES  |     | NULL    |       |
| STARTEDON | varchar(10) | YES  |     | NULL    |       |
+-----------+-------------+------+-----+---------+-------+
5 rows in set (0.00 sec)

mysql> select * from emp inner join dept using(deptno, pwd);
+--------+------------+-------+----------+--------+---------------------+------+------------+------+------+---------+--------------+------------+----------+------------+----------+------------+
| DEPTNO | PWD        | EMPNO | ENAME    | GENDER | JOB                 | MGR  | HIREDATE   | SAL  | COMM | BONUSID | USER NAME    | PHONE      | isActive | DNAME      | LOC      | STARTEDON  |
+--------+------------+-------+----------+--------+---------------------+------+------------+------+------+---------+--------------+------------+----------+------------+----------+------------+
|     10 | r50mpm     |  7421 | THOMAS   | M      | CLERK               | 7920 | 1981-07-19 | 1750 | NULL |       1 | THOMAS       | 7032300011 |        0 | ACCOUNTING | NEW YORK | 24/03/1989 |
|     10 | r50mpm     |  7782 | CLARK    | M      | MANAGER             | 7839 | 1981-06-09 | 2450 | NULL |       3 | CLARK        | 7032300001 |        1 | ACCOUNTING | NEW YORK | 24/03/1989 |
|     10 | r50mpm     |  7839 | KING     | M      | PRESIDENT           | NULL | 1981-11-17 | 5000 | NULL |       1 | KING         | 7132300081 |        1 | ACCOUNTING | NEW YORK | 24/03/1989 |
|     10 | r50mpm     |  7934 | MILLER   | M      | CLERK               | 7782 | 1982-01-23 | 1300 | NULL |       2 | QUARTERNOTE  | 7132300055 |        0 | ACCOUNTING | NEW YORK | 24/03/1989 |
|     20 | a12recmpm  |  6473 | SHARMIN  | F      | Public Relation     | 7920 | 1981-07-19 | 1750 | NULL |       1 | SHARMIN      | NULL       |        1 | RESEARCH   | DALLAS   | 12/04/1989 |
|     20 | a12recmpm  |  6781 | BANDISH  | F      | Public Relation     | 7920 | 1981-07-19 | 1750 | NULL |       1 | BANDISH      | NULL       |        1 | RESEARCH   | DALLAS   | 12/04/1989 |
|     20 | a12recmpm  |  7369 | SMITH    | M      | CLERK               | 7902 | 1980-12-17 |  800 | NULL |       2 | TRITONE      | 7032300023 |        0 | RESEARCH   | DALLAS   | 12/04/1989 |
|     20 | a12recmpm  |  7566 | JONES    | M      | MANAGER             | 7839 | 1981-04-02 | 2975 | NULL |       4 | HONEYCOMB    | 7132300039 |        1 | RESEARCH   | DALLAS   | 12/04/1989 |
|     20 | a12recmpm  |  7788 | SCOTT    | M      | ANALYST             | 7566 | 1982-12-09 | 3000 | NULL |       3 | WHITE SAND   | NULL       |        1 | RESEARCH   | DALLAS   | 12/04/1989 |
|     20 | a12recmpm  |  7840 | FRED     | M      | vice PRESIDENT      | 7839 | 1983-08-09 | 5000 | NULL |       1 | SAND STONE   | NULL       |        1 | RESEARCH   | DALLAS   | 12/04/1989 |
|     20 | a12recmpm  |  7876 | ADAMS    | M      | CLERK               | 7788 | 1983-01-12 | 1100 | NULL |       1 | CRAZY ANYONE | 7132300086 |        1 | RESEARCH   | DALLAS   | 12/04/1989 |
|     20 | a12recmpm  |  7902 | FORD     | M      | ANALYST             | 7566 | 1981-12-03 | 3000 | NULL |       4 | CONBRIO      | NULL       |        0 | RESEARCH   | DALLAS   | 12/04/1989 |
|     30 | sales@2017 |  6001 | GITA     | F      | Compliance officers | 7920 | 1981-07-19 | 1750 | NULL |       1 | GITA         | NULL       |        1 | SALES      | CHICAGO  | 13/04/1989 |
|     30 | sales@2017 |  7499 | ALLEN    | M      | SALESMAN            | 7698 | 1981-02-20 | 1600 |  300 |       4 | ALWAYS TESTE | 7032300096 |        1 | SALES      | CHICAGO  | 13/04/1989 |
|     30 | sales@2017 |  7521 | WARD     | M      | SALESMAN            | 7698 | 1981-02-22 | 1250 |  500 |       1 | WARD         | 7132300034 |        1 | SALES      | CHICAGO  | 13/04/1989 |
|     30 | sales@2017 |  7654 | MARTIN   | M      | SALESMAN            | 7698 | 1981-09-28 | 1250 | 1400 |       6 | LIFE RACER   | 7132300050 |        1 | SALES      | CHICAGO  | 13/04/1989 |
|     30 | sales@2017 |  7698 | BLAKE    | M      | MANAGER             | 7839 | 1981-05-01 | 2850 | NULL |       1 | BIG BEN      | 7132300027 |        1 | SALES      | CHICAGO  | 13/04/1989 |
|     30 | sales@2017 |  7844 | TURNER   | M      | SALESMAN            | 7698 | 1981-09-08 | 1500 |    0 |       5 | SAND DUST    | NULL       |        1 | SALES      | CHICAGO  | 13/04/1989 |
|     30 | sales@2017 |  7900 | JAMES    | M      | CLERK               | 7698 | 1981-12-03 |  950 | NULL |       2 | CRAZY LEADER | 7132300042 |        1 | SALES      | CHICAGO  | 13/04/1989 |
|     30 | sales@2017 |  7919 | HOFFMAN  | M      | MANAGER             | 7566 | 1982-03-24 | 4150 | NULL |       3 | INTERVAL     | NULL       |        1 | SALES      | CHICAGO  | 13/04/1989 |
|     30 | sales@2017 |  7920 | GRASS    | M      | SALESMAN            | 7919 | 1980-02-14 | 2575 | 2700 |       5 | GRASS        | NULL       |        1 | SALES      | CHICAGO  | 13/04/1989 |
|     30 | sales@2017 |  7949 | ALEX     | M      | MANAGER             | 7698 | 1982-01-24 | 1250 |  500 |       5 | QUARTERREST  | 7156567183 |        1 | SALES      | CHICAGO  | 13/04/1989 |
|     30 | sales@2017 |  8433 | NATASHA  | F      | CLERK               | 7920 | 1981-07-19 | 1750 | NULL |       1 | NATASHA      | NULL       |        1 | SALES      | CHICAGO  | 13/04/1989 |
|     50 | PUN@8877   |  6129 | VRUSHALI | F      | Compliance officers | 7920 | 1981-07-19 | 1750 | NULL |       1 | VRUSHALI     | NULL       |        1 | HR         | PUNE     | 22/12/1989 |
+--------+------------+-------+----------+--------+---------------------+------+------------+------+------+---------+--------------+------------+----------+------------+----------+------------+
24 rows in set (0.00 sec)

mysql>
mysql>
mysql>
mysql> select * from dept;
+--------+------------+----------+------------+------------+
| DEPTNO | DNAME      | LOC      | PWD        | STARTEDON  |
+--------+------------+----------+------------+------------+
|     10 | ACCOUNTING | NEW YORK | r50mpm     | 24/03/1989 |
|     20 | RESEARCH   | DALLAS   | a12recmpm  | 12/04/1989 |
|     30 | SALES      | CHICAGO  | sales@2017 | 13/04/1989 |
|     40 | OPERATIONS | BOSTON   | opr@123    | 12/07/1989 |
|     50 | HR         | PUNE     | PUN@8877   | 22/12/1989 |
+--------+------------+----------+------------+------------+
5 rows in set (0.00 sec)

mysql> select * from r;
+------+
| c1   |
+------+
|   -2 |
|    1 |
|    2 |
|   -1 |
|    3 |
|   -2 |
|    1 |
|    2 |
|    1 |
+------+
9 rows in set (0.02 sec)

mysql> select * from dept natural join r;
+--------+------------+----------+------------+------------+------+
| DEPTNO | DNAME      | LOC      | PWD        | STARTEDON  | c1   |
+--------+------------+----------+------------+------------+------+
|     50 | HR         | PUNE     | PUN@8877   | 22/12/1989 |   -2 |
|     40 | OPERATIONS | BOSTON   | opr@123    | 12/07/1989 |   -2 |
|     30 | SALES      | CHICAGO  | sales@2017 | 13/04/1989 |   -2 |
|     20 | RESEARCH   | DALLAS   | a12recmpm  | 12/04/1989 |   -2 |
|     10 | ACCOUNTING | NEW YORK | r50mpm     | 24/03/1989 |   -2 |
|     50 | HR         | PUNE     | PUN@8877   | 22/12/1989 |    1 |
|     40 | OPERATIONS | BOSTON   | opr@123    | 12/07/1989 |    1 |
|     30 | SALES      | CHICAGO  | sales@2017 | 13/04/1989 |    1 |
|     20 | RESEARCH   | DALLAS   | a12recmpm  | 12/04/1989 |    1 |
|     10 | ACCOUNTING | NEW YORK | r50mpm     | 24/03/1989 |    1 |
|     50 | HR         | PUNE     | PUN@8877   | 22/12/1989 |    2 |
|     40 | OPERATIONS | BOSTON   | opr@123    | 12/07/1989 |    2 |
|     30 | SALES      | CHICAGO  | sales@2017 | 13/04/1989 |    2 |
|     20 | RESEARCH   | DALLAS   | a12recmpm  | 12/04/1989 |    2 |
|     10 | ACCOUNTING | NEW YORK | r50mpm     | 24/03/1989 |    2 |
|     50 | HR         | PUNE     | PUN@8877   | 22/12/1989 |   -1 |
|     40 | OPERATIONS | BOSTON   | opr@123    | 12/07/1989 |   -1 |
|     30 | SALES      | CHICAGO  | sales@2017 | 13/04/1989 |   -1 |
|     20 | RESEARCH   | DALLAS   | a12recmpm  | 12/04/1989 |   -1 |
|     10 | ACCOUNTING | NEW YORK | r50mpm     | 24/03/1989 |   -1 |
|     50 | HR         | PUNE     | PUN@8877   | 22/12/1989 |    3 |
|     40 | OPERATIONS | BOSTON   | opr@123    | 12/07/1989 |    3 |
|     30 | SALES      | CHICAGO  | sales@2017 | 13/04/1989 |    3 |
|     20 | RESEARCH   | DALLAS   | a12recmpm  | 12/04/1989 |    3 |
|     10 | ACCOUNTING | NEW YORK | r50mpm     | 24/03/1989 |    3 |
|     50 | HR         | PUNE     | PUN@8877   | 22/12/1989 |   -2 |
|     40 | OPERATIONS | BOSTON   | opr@123    | 12/07/1989 |   -2 |
|     30 | SALES      | CHICAGO  | sales@2017 | 13/04/1989 |   -2 |
|     20 | RESEARCH   | DALLAS   | a12recmpm  | 12/04/1989 |   -2 |
|     10 | ACCOUNTING | NEW YORK | r50mpm     | 24/03/1989 |   -2 |
|     50 | HR         | PUNE     | PUN@8877   | 22/12/1989 |    1 |
|     40 | OPERATIONS | BOSTON   | opr@123    | 12/07/1989 |    1 |
|     30 | SALES      | CHICAGO  | sales@2017 | 13/04/1989 |    1 |
|     20 | RESEARCH   | DALLAS   | a12recmpm  | 12/04/1989 |    1 |
|     10 | ACCOUNTING | NEW YORK | r50mpm     | 24/03/1989 |    1 |
|     50 | HR         | PUNE     | PUN@8877   | 22/12/1989 |    2 |
|     40 | OPERATIONS | BOSTON   | opr@123    | 12/07/1989 |    2 |
|     30 | SALES      | CHICAGO  | sales@2017 | 13/04/1989 |    2 |
|     20 | RESEARCH   | DALLAS   | a12recmpm  | 12/04/1989 |    2 |
|     10 | ACCOUNTING | NEW YORK | r50mpm     | 24/03/1989 |    2 |
|     50 | HR         | PUNE     | PUN@8877   | 22/12/1989 |    1 |
|     40 | OPERATIONS | BOSTON   | opr@123    | 12/07/1989 |    1 |
|     30 | SALES      | CHICAGO  | sales@2017 | 13/04/1989 |    1 |
|     20 | RESEARCH   | DALLAS   | a12recmpm  | 12/04/1989 |    1 |
|     10 | ACCOUNTING | NEW YORK | r50mpm     | 24/03/1989 |    1 |
+--------+------------+----------+------------+------------+------+
45 rows in set (0.00 sec)

mysql> select * from tablea;
+------+------+
| id   | name |
+------+------+
|    5 | aa   |
|    1 | a    |
|    2 | b    |
|    3 | y    |
| NULL | d    |
|    5 | NULL |
|    1 | NULL |
|    1 | b    |
|    8 | a    |
+------+------+
9 rows in set (0.01 sec)

mysql> select * from tableb;
+------+------+
| id   | name |
+------+------+
|    1 | a    |
|    2 | x    |
|    4 | b    |
| NULL | c    |
|    6 | NULL |
| NULL | NULL |
|    7 | z    |
|    2 | NULL |
|    5 | z    |
|    9 | u    |
+------+------+
10 rows in set (0.01 sec)

mysql> select * from dept natural join r;
+--------+------------+----------+------------+------------+------+
| DEPTNO | DNAME      | LOC      | PWD        | STARTEDON  | c1   |
+--------+------------+----------+------------+------------+------+
|     50 | HR         | PUNE     | PUN@8877   | 22/12/1989 |   -2 |
|     40 | OPERATIONS | BOSTON   | opr@123    | 12/07/1989 |   -2 |
|     30 | SALES      | CHICAGO  | sales@2017 | 13/04/1989 |   -2 |
|     20 | RESEARCH   | DALLAS   | a12recmpm  | 12/04/1989 |   -2 |
|     10 | ACCOUNTING | NEW YORK | r50mpm     | 24/03/1989 |   -2 |
|     50 | HR         | PUNE     | PUN@8877   | 22/12/1989 |    1 |
|     40 | OPERATIONS | BOSTON   | opr@123    | 12/07/1989 |    1 |
|     30 | SALES      | CHICAGO  | sales@2017 | 13/04/1989 |    1 |
|     20 | RESEARCH   | DALLAS   | a12recmpm  | 12/04/1989 |    1 |
|     10 | ACCOUNTING | NEW YORK | r50mpm     | 24/03/1989 |    1 |
|     50 | HR         | PUNE     | PUN@8877   | 22/12/1989 |    2 |
|     40 | OPERATIONS | BOSTON   | opr@123    | 12/07/1989 |    2 |
|     30 | SALES      | CHICAGO  | sales@2017 | 13/04/1989 |    2 |
|     20 | RESEARCH   | DALLAS   | a12recmpm  | 12/04/1989 |    2 |
|     10 | ACCOUNTING | NEW YORK | r50mpm     | 24/03/1989 |    2 |
|     50 | HR         | PUNE     | PUN@8877   | 22/12/1989 |   -1 |
|     40 | OPERATIONS | BOSTON   | opr@123    | 12/07/1989 |   -1 |
|     30 | SALES      | CHICAGO  | sales@2017 | 13/04/1989 |   -1 |
|     20 | RESEARCH   | DALLAS   | a12recmpm  | 12/04/1989 |   -1 |
|     10 | ACCOUNTING | NEW YORK | r50mpm     | 24/03/1989 |   -1 |
|     50 | HR         | PUNE     | PUN@8877   | 22/12/1989 |    3 |
|     40 | OPERATIONS | BOSTON   | opr@123    | 12/07/1989 |    3 |
|     30 | SALES      | CHICAGO  | sales@2017 | 13/04/1989 |    3 |
|     20 | RESEARCH   | DALLAS   | a12recmpm  | 12/04/1989 |    3 |
|     10 | ACCOUNTING | NEW YORK | r50mpm     | 24/03/1989 |    3 |
|     50 | HR         | PUNE     | PUN@8877   | 22/12/1989 |   -2 |
|     40 | OPERATIONS | BOSTON   | opr@123    | 12/07/1989 |   -2 |
|     30 | SALES      | CHICAGO  | sales@2017 | 13/04/1989 |   -2 |
|     20 | RESEARCH   | DALLAS   | a12recmpm  | 12/04/1989 |   -2 |
|     10 | ACCOUNTING | NEW YORK | r50mpm     | 24/03/1989 |   -2 |
|     50 | HR         | PUNE     | PUN@8877   | 22/12/1989 |    1 |
|     40 | OPERATIONS | BOSTON   | opr@123    | 12/07/1989 |    1 |
|     30 | SALES      | CHICAGO  | sales@2017 | 13/04/1989 |    1 |
|     20 | RESEARCH   | DALLAS   | a12recmpm  | 12/04/1989 |    1 |
|     10 | ACCOUNTING | NEW YORK | r50mpm     | 24/03/1989 |    1 |
|     50 | HR         | PUNE     | PUN@8877   | 22/12/1989 |    2 |
|     40 | OPERATIONS | BOSTON   | opr@123    | 12/07/1989 |    2 |
|     30 | SALES      | CHICAGO  | sales@2017 | 13/04/1989 |    2 |
|     20 | RESEARCH   | DALLAS   | a12recmpm  | 12/04/1989 |    2 |
|     10 | ACCOUNTING | NEW YORK | r50mpm     | 24/03/1989 |    2 |
|     50 | HR         | PUNE     | PUN@8877   | 22/12/1989 |    1 |
|     40 | OPERATIONS | BOSTON   | opr@123    | 12/07/1989 |    1 |
|     30 | SALES      | CHICAGO  | sales@2017 | 13/04/1989 |    1 |
|     20 | RESEARCH   | DALLAS   | a12recmpm  | 12/04/1989 |    1 |
|     10 | ACCOUNTING | NEW YORK | r50mpm     | 24/03/1989 |    1 |
+--------+------------+----------+------------+------------+------+
45 rows in set (0.00 sec)

mysql> select * from salepeople;
ERROR 1146 (42S02): Table 'z1.salepeople' doesn't exist
mysql> select * from saleperson;
ERROR 1146 (42S02): Table 'z1.saleperson' doesn't exist
mysql> select * from salesperson;
+------+--------+
| SID  | SNAME  |
+------+--------+
| 1001 | ALAN   |
| 1002 | CALVIN |
| 1003 | CLIVE  |
| 1004 | DENNIS |
| 1005 | EVAN   |
| 1006 | FOX    |
| 1007 | PETER  |
+------+--------+
7 rows in set (0.02 sec)

mysql> select * from salespeople;
+------+---------+----------+------+
| SNUM | SNAME   | CITY     | COMM |
+------+---------+----------+------+
| 1001 | Rajan   | London   | 0.12 |
| 1002 | Natasha | San Jose | 0.13 |
| 1003 | Alax    | New York |  0.1 |
| 1004 | Monika  | London   | 0.11 |
| 1005 | Moor    | London   | 0.26 |
| 1006 | Jack    | Leeds    | 0.26 |
| 1007 | James   | Derby    | 0.15 |
| 1008 | Cooper  | Wells    | 0.19 |
| 1009 | Leo     | Wells    | 0.26 |
+------+---------+----------+------+
9 rows in set (0.02 sec)

mysql> select * from customers;
+------+---------+----------+--------+------+
| CNUM | CNAME   | CITY     | RATING | SNUM |
+------+---------+----------+--------+------+
| 2001 | Santosh | London   |    100 | 1001 |
| 2002 | Joe     | Rome     |    200 | 1003 |
| 2003 | Raj     | San Jose |    200 | 1002 |
| 2004 | Grass   | Berlin   |    300 | 1002 |
| 2006 | Raja    | London   |    100 | 1001 |
| 2007 | Jackson | Rome     |    100 | 1004 |
| 2008 | William | San Jose |    300 | 1007 |
| 2009 | Smith   | Berlin   |    300 | 1007 |
| 2010 | ADAMS   | Berlin   |    250 | 1007 |
+------+---------+----------+--------+------+
9 rows in set (0.02 sec)

mysql> select * from orders;
+------+---------+---------------------+------+------+--------+--------------+------------+
| ONUM | AMT     | ODATE               | CNUM | SNUM | type   | paymentType  | registered |
+------+---------+---------------------+------+------+--------+--------------+------------+
| 2322 |   750.1 | 1996-10-03 12:05:00 | NULL | 1004 | Direct | PhonePe      |          0 |
| 2364 |   750.1 | 1996-10-03 12:05:00 | NULL | 1004 | Direct | PhonePe      |          0 |
| 2475 |   750.1 | 1996-10-03 12:05:00 | NULL | 1004 | Direct | PhonePe      |          0 |
| 3001 |   18.69 | 1996-10-03 12:30:00 | 2008 | 1007 | Online | Credit Cards |          1 |
| 3002 |  1900.1 | 1996-10-03 12:05:00 | 2007 | 1004 | Online | Wallets      |          1 |
| 3003 |  767.19 | 1996-10-03 13:45:00 | 2001 | 1001 | Online | Debit Cards  |          1 |
| 3005 | 5160.45 | 1996-10-03 14:00:00 | 2003 | 1002 | Online | Debit Cards  |          1 |
| 3006 | 1098.16 | 1996-10-03 13:37:00 | 2008 | 1007 | Online | Wallets      |          1 |
| 3007 |   75.75 | 1996-10-04 16:02:00 | 2002 | 1003 | Online | Credit Cards |          1 |
| 3008 |    4723 | 1996-10-05 12:07:00 | 2006 | 1001 | Online | COD          |          1 |
| 3009 | 1713.23 | 1996-10-04 15:21:00 | 2002 | 1003 | Online | Credit Cards |          1 |
| 3010 | 1309.95 | 1996-10-06 13:12:00 | 2004 | 1002 | Online | EMI Options  |          1 |
| 3011 | 9891.88 | 1996-10-06 13:09:00 | 2006 | 1001 | Online | EMI Options  |          1 |
| 3012 | 3455.78 | 1996-10-04 15:21:00 | 2002 | 1003 | Online | COD          |          1 |
| 3013 | 1245.98 | 1996-10-04 16:32:00 | 2002 | 1003 | Online | EMI Options  |          1 |
| 3014 | 3721.53 | 1996-10-05 12:45:00 | 2006 | 1001 | Online | COD          |          1 |
| 3015 |   734.5 | 1996-10-06 13:16:00 | 2004 | 1002 | Online | EMI Options  |          1 |
| 3016 | 1729.67 | 1996-10-06 13:07:00 | 2006 | 1001 | Online | Wallets      |          1 |
| 3017 |   18.69 | 1996-10-03 12:30:00 | 2001 | 1007 | Online | Credit Cards |          1 |
| 3018 |  767.19 | 1996-10-03 13:45:00 | 2002 | 1001 | Online | Wallets      |          1 |
| 3019 |  1900.1 | 1996-10-03 12:05:00 | 2007 | 1004 | Online | EMI Options  |          1 |
| 3020 | 5160.45 | 1996-10-03 14:00:00 | 2003 | 1007 | Online | COD          |          1 |
| 3021 | 1098.16 | 1996-10-03 13:37:00 | 2008 | 1007 | Online | Debit Cards  |          1 |
| 3022 | 1713.23 | 1996-10-04 15:21:00 | 2002 | 1003 | Online | COD          |          1 |
| 3023 |   75.75 | 1996-10-04 16:02:00 | 2002 | 1004 | Online | Wallets      |          1 |
| 3024 |    4723 | 1996-10-05 12:07:00 | 2006 | 1002 | Online | Credit Cards |          1 |
| 3025 | 1309.95 | 1996-10-06 13:12:00 | 2002 | 1002 | Online | Wallets      |          1 |
| 3026 | 9891.88 | 1996-10-06 13:09:00 | 2006 | 1001 | Online | Wallets      |          1 |
| 3027 | 3455.78 | 1996-10-04 15:21:00 | 2002 | 1003 | Online | COD          |          1 |
| 3028 | 1245.98 | 1996-10-04 16:32:00 | 2002 | 1003 | Online | Debit Cards  |          1 |
| 3029 | 3721.53 | 1996-10-05 12:45:00 | 2006 | 1001 | Online | Credit Cards |          1 |
| 3030 |   734.5 | 1996-10-06 13:16:00 | 2004 | 1002 | Online | COD          |          1 |
| 3031 | 1729.67 | 1996-10-06 13:07:00 | 2006 | 1007 | Online | Wallets      |          1 |
| 3032 | 3434.55 | 1996-01-26 17:09:12 | 2006 | 1007 | Online | Wallets      |          1 |
| 3033 |  522.23 | 1996-12-24 14:23:00 | 2002 | 1002 | Online | COD          |          1 |
| 3049 |  500.58 | 1996-03-14 07:45:19 | 2001 | 1003 | Online | COD          |          1 |
| 3050 |  1900.1 | 1996-10-03 12:05:00 | NULL | 1004 | Direct | PhonePe      |          0 |
| 3074 |   457.4 | 1996-04-19 05:13:00 | 2008 | 1007 | Online | EMI Options  |          1 |
| 3119 |   125.5 | 1996-07-26 18:37:00 | 2007 | 1001 | Online | Wallets      |          1 |
| 4001 |   145.2 | 1996-05-13 20:47:00 | 2008 | 1003 | Online | EMI Options  |          1 |
| 4012 |   245.6 | 1996-03-06 13:07:00 | 2001 | 1002 | Online | Wallets      |          1 |
| 4021 |  600.65 | 1996-08-12 13:07:00 | 2001 | 1002 | Online | Wallets      |          1 |
| 4054 |  1200.8 | 1996-11-22 13:07:00 | 2004 | 1003 | Online | COD          |          1 |
| 5001 |  325.23 | 1996-11-04 15:21:00 | NULL | 1002 | Direct | GPay         |          0 |
| 5011 |  138.35 | 1996-09-14 13:07:00 | 2001 | 1007 | Online | COD          |          1 |
| 5014 |  980.65 | 1996-08-23 13:07:00 | 2002 | 1007 | Online | Wallets      |          1 |
| 5015 | 2133.35 | 1996-06-23 13:07:00 | 2004 | 1007 | Online | EMI Options  |          1 |
| 5016 | 1000.95 | 1996-03-12 13:07:00 | 2002 | 1007 | Online | COD          |          1 |
| 5020 |  950.45 | 1996-10-03 14:00:00 | NULL | 1007 | Direct | Paytm        |          0 |
| 5034 |  120.16 | 1996-11-03 13:37:00 | NULL | 1003 | Direct | COD          |          0 |
| 5053 |  1500.5 | 1996-01-01 13:07:00 | 2006 | 1007 | Online | EMI Options  |          1 |
| 5056 |   750.1 | 1996-10-03 12:05:00 | NULL | 1007 | Direct | PhonePe      |          0 |
| 5099 |  790.75 | 1996-04-24 13:07:00 | 2002 | 1007 | Online | EMI Options  |          1 |
| 6501 |  125.45 | 1996-06-13 13:07:00 | 2001 | 1001 | Online | EMI Options  |          1 |
| 6502 |  535.25 | 1996-08-24 13:07:00 | 2006 | 1004 | Online | COD          |          1 |
| 6503 | 1100.25 | 1996-07-26 13:07:00 | 2006 | 1007 | Online | Wallets      |          1 |
| 6504 | 1350.75 | 1996-07-21 13:07:00 | 2008 | 1007 | Online | COD          |          1 |
| 6605 |  1900.1 | 1996-10-03 12:05:00 | NULL | 1004 | Direct | PhonePe      |          0 |
| 6606 | 5160.45 | 1996-10-03 14:00:00 | NULL | 1002 | Direct | Paytm        |          0 |
| 6607 | 1098.16 | 1996-11-03 13:37:00 | NULL | 1007 | Direct | COD          |          0 |
| 6608 | 1713.23 | 1996-11-04 15:21:00 | NULL | 1003 | Direct | GPay         |          0 |
+------+---------+---------------------+------+------+--------+--------------+------------+
61 rows in set (0.00 sec)

mysql> select c.*, s.sname from customers c, salespeople s where s.snum = c.snum;
+------+---------+----------+--------+------+---------+
| CNUM | CNAME   | CITY     | RATING | SNUM | sname   |
+------+---------+----------+--------+------+---------+
| 2001 | Santosh | London   |    100 | 1001 | Rajan   |
| 2002 | Joe     | Rome     |    200 | 1003 | Alax    |
| 2003 | Raj     | San Jose |    200 | 1002 | Natasha |
| 2004 | Grass   | Berlin   |    300 | 1002 | Natasha |
| 2006 | Raja    | London   |    100 | 1001 | Rajan   |
| 2007 | Jackson | Rome     |    100 | 1004 | Monika  |
| 2008 | William | San Jose |    300 | 1007 | James   |
| 2009 | Smith   | Berlin   |    300 | 1007 | James   |
| 2010 | ADAMS   | Berlin   |    250 | 1007 | James   |
+------+---------+----------+--------+------+---------+
9 rows in set (0.00 sec)

mysql> select c.*, s.SNAME from customers c, salespeople s where s.snum = c.snum;
+------+---------+----------+--------+------+---------+
| CNUM | CNAME   | CITY     | RATING | SNUM | SNAME   |
+------+---------+----------+--------+------+---------+
| 2001 | Santosh | London   |    100 | 1001 | Rajan   |
| 2002 | Joe     | Rome     |    200 | 1003 | Alax    |
| 2003 | Raj     | San Jose |    200 | 1002 | Natasha |
| 2004 | Grass   | Berlin   |    300 | 1002 | Natasha |
| 2006 | Raja    | London   |    100 | 1001 | Rajan   |
| 2007 | Jackson | Rome     |    100 | 1004 | Monika  |
| 2008 | William | San Jose |    300 | 1007 | James   |
| 2009 | Smith   | Berlin   |    300 | 1007 | James   |
| 2010 | ADAMS   | Berlin   |    250 | 1007 | James   |
+------+---------+----------+--------+------+---------+
9 rows in set (0.00 sec)

mysql> select c.*, s.SNAME from customers c join salespeople s on s.snum = c.snum;
+------+---------+----------+--------+------+---------+
| CNUM | CNAME   | CITY     | RATING | SNUM | SNAME   |
+------+---------+----------+--------+------+---------+
| 2001 | Santosh | London   |    100 | 1001 | Rajan   |
| 2002 | Joe     | Rome     |    200 | 1003 | Alax    |
| 2003 | Raj     | San Jose |    200 | 1002 | Natasha |
| 2004 | Grass   | Berlin   |    300 | 1002 | Natasha |
| 2006 | Raja    | London   |    100 | 1001 | Rajan   |
| 2007 | Jackson | Rome     |    100 | 1004 | Monika  |
| 2008 | William | San Jose |    300 | 1007 | James   |
| 2009 | Smith   | Berlin   |    300 | 1007 | James   |
| 2010 | ADAMS   | Berlin   |    250 | 1007 | James   |
+------+---------+----------+--------+------+---------+
9 rows in set (0.00 sec)

mysql> select c.*, s.SNAME from customers c join salespeople s using(snum);
+------+---------+----------+--------+------+---------+
| CNUM | CNAME   | CITY     | RATING | SNUM | SNAME   |
+------+---------+----------+--------+------+---------+
| 2001 | Santosh | London   |    100 | 1001 | Rajan   |
| 2002 | Joe     | Rome     |    200 | 1003 | Alax    |
| 2003 | Raj     | San Jose |    200 | 1002 | Natasha |
| 2004 | Grass   | Berlin   |    300 | 1002 | Natasha |
| 2006 | Raja    | London   |    100 | 1001 | Rajan   |
| 2007 | Jackson | Rome     |    100 | 1004 | Monika  |
| 2008 | William | San Jose |    300 | 1007 | James   |
| 2009 | Smith   | Berlin   |    300 | 1007 | James   |
| 2010 | ADAMS   | Berlin   |    250 | 1007 | James   |
+------+---------+----------+--------+------+---------+
9 rows in set (0.00 sec)

mysql> select ename, job, emp.deptno, dept.deptno, dname from emp join dept on emp.deptno = dept.deptno
;
+----------+---------------------+--------+--------+------------+
| ename    | job                 | deptno | deptno | dname      |
+----------+---------------------+--------+--------+------------+
| AARAV    | CLERK               |     10 |     10 | ACCOUNTING |
| THOMAS   | CLERK               |     10 |     10 | ACCOUNTING |
| CLARK    | MANAGER             |     10 |     10 | ACCOUNTING |
| KING     | PRESIDENT           |     10 |     10 | ACCOUNTING |
| MILLER   | CLERK               |     10 |     10 | ACCOUNTING |
| SHARMIN  | Public Relation     |     20 |     20 | RESEARCH   |
| BANDISH  | Public Relation     |     20 |     20 | RESEARCH   |
| SMITH    | CLERK               |     20 |     20 | RESEARCH   |
| JONES    | MANAGER             |     20 |     20 | RESEARCH   |
| SCOTT    | ANALYST             |     20 |     20 | RESEARCH   |
| FRED     | vice PRESIDENT      |     20 |     20 | RESEARCH   |
| ADAMS    | CLERK               |     20 |     20 | RESEARCH   |
| FORD     | ANALYST             |     20 |     20 | RESEARCH   |
| GITA     | Compliance officers |     30 |     30 | SALES      |
| ALLEN    | SALESMAN            |     30 |     30 | SALES      |
| WARD     | SALESMAN            |     30 |     30 | SALES      |
| MARTIN   | SALESMAN            |     30 |     30 | SALES      |
| BLAKE    | MANAGER             |     30 |     30 | SALES      |
| TURNER   | SALESMAN            |     30 |     30 | SALES      |
| JAMES    | CLERK               |     30 |     30 | SALES      |
| HOFFMAN  | MANAGER             |     30 |     30 | SALES      |
| GRASS    | SALESMAN            |     30 |     30 | SALES      |
| AARUSH   | SALESMAN            |     30 |     30 | SALES      |
| ALEX     | MANAGER             |     30 |     30 | SALES      |
| NATASHA  | CLERK               |     30 |     30 | SALES      |
| VRUSHALI | Compliance officers |     50 |     50 | HR         |
| SANGITA  | Compliance officers |     50 |     50 | HR         |
| SUPRIYA  | ANALYST             |     50 |     50 | HR         |
+----------+---------------------+--------+--------+------------+
28 rows in set (0.00 sec)

mysql> select ename, job, emp.deptno, dept.deptno, dname from emp right outer join  dept on emp.deptno
= dept.deptno;
+----------+---------------------+--------+--------+------------+
| ename    | job                 | deptno | deptno | dname      |
+----------+---------------------+--------+--------+------------+
| AARAV    | CLERK               |     10 |     10 | ACCOUNTING |
| THOMAS   | CLERK               |     10 |     10 | ACCOUNTING |
| CLARK    | MANAGER             |     10 |     10 | ACCOUNTING |
| KING     | PRESIDENT           |     10 |     10 | ACCOUNTING |
| MILLER   | CLERK               |     10 |     10 | ACCOUNTING |
| SHARMIN  | Public Relation     |     20 |     20 | RESEARCH   |
| BANDISH  | Public Relation     |     20 |     20 | RESEARCH   |
| SMITH    | CLERK               |     20 |     20 | RESEARCH   |
| JONES    | MANAGER             |     20 |     20 | RESEARCH   |
| SCOTT    | ANALYST             |     20 |     20 | RESEARCH   |
| FRED     | vice PRESIDENT      |     20 |     20 | RESEARCH   |
| ADAMS    | CLERK               |     20 |     20 | RESEARCH   |
| FORD     | ANALYST             |     20 |     20 | RESEARCH   |
| GITA     | Compliance officers |     30 |     30 | SALES      |
| ALLEN    | SALESMAN            |     30 |     30 | SALES      |
| WARD     | SALESMAN            |     30 |     30 | SALES      |
| MARTIN   | SALESMAN            |     30 |     30 | SALES      |
| BLAKE    | MANAGER             |     30 |     30 | SALES      |
| TURNER   | SALESMAN            |     30 |     30 | SALES      |
| JAMES    | CLERK               |     30 |     30 | SALES      |
| HOFFMAN  | MANAGER             |     30 |     30 | SALES      |
| GRASS    | SALESMAN            |     30 |     30 | SALES      |
| AARUSH   | SALESMAN            |     30 |     30 | SALES      |
| ALEX     | MANAGER             |     30 |     30 | SALES      |
| NATASHA  | CLERK               |     30 |     30 | SALES      |
| NULL     | NULL                |   NULL |     40 | OPERATIONS |
| VRUSHALI | Compliance officers |     50 |     50 | HR         |
| SANGITA  | Compliance officers |     50 |     50 | HR         |
| SUPRIYA  | ANALYST             |     50 |     50 | HR         |
+----------+---------------------+--------+--------+------------+
29 rows in set (0.00 sec)

mysql>
mysql> select ename, job, emp.deptno, dept.deptno, dname from emp left outer join  dept on emp.deptno =
 dept.deptno;
+----------+---------------------+--------+--------+------------+
| ename    | job                 | deptno | deptno | dname      |
+----------+---------------------+--------+--------+------------+
| GITA     | Compliance officers |     30 |     30 | SALES      |
| VRUSHALI | Compliance officers |     50 |     50 | HR         |
| SHARMIN  | Public Relation     |     20 |     20 | RESEARCH   |
| BANDISH  | Public Relation     |     20 |     20 | RESEARCH   |
| SMITH    | CLERK               |     20 |     20 | RESEARCH   |
| AARAV    | CLERK               |     10 |     10 | ACCOUNTING |
| THOMAS   | CLERK               |     10 |     10 | ACCOUNTING |
| ALLEN    | SALESMAN            |     30 |     30 | SALES      |
| WARD     | SALESMAN            |     30 |     30 | SALES      |
| JONES    | MANAGER             |     20 |     20 | RESEARCH   |
| MARTIN   | SALESMAN            |     30 |     30 | SALES      |
| BLAKE    | MANAGER             |     30 |     30 | SALES      |
| CLARK    | MANAGER             |     10 |     10 | ACCOUNTING |
| SCOTT    | ANALYST             |     20 |     20 | RESEARCH   |
| KING     | PRESIDENT           |     10 |     10 | ACCOUNTING |
| FRED     | vice PRESIDENT      |     20 |     20 | RESEARCH   |
| TURNER   | SALESMAN            |     30 |     30 | SALES      |
| ADAMS    | CLERK               |     20 |     20 | RESEARCH   |
| JAMES    | CLERK               |     30 |     30 | SALES      |
| FORD     | ANALYST             |     20 |     20 | RESEARCH   |
| HOFFMAN  | MANAGER             |     30 |     30 | SALES      |
| GRASS    | SALESMAN            |     30 |     30 | SALES      |
| MILLER   | CLERK               |     10 |     10 | ACCOUNTING |
| AARUSH   | SALESMAN            |     30 |     30 | SALES      |
| ALEX     | MANAGER             |     30 |     30 | SALES      |
| NATASHA  | CLERK               |     30 |     30 | SALES      |
| SANGITA  | Compliance officers |     50 |     50 | HR         |
| SUPRIYA  | ANALYST             |     50 |     50 | HR         |
+----------+---------------------+--------+--------+------------+
28 rows in set (0.00 sec)

mysql> select ename, job, emp.deptno, dept.deptno, dname from dept left outer join  emp on emp.deptno =
 dept.deptno;
+----------+---------------------+--------+--------+------------+
| ename    | job                 | deptno | deptno | dname      |
+----------+---------------------+--------+--------+------------+
| AARAV    | CLERK               |     10 |     10 | ACCOUNTING |
| THOMAS   | CLERK               |     10 |     10 | ACCOUNTING |
| CLARK    | MANAGER             |     10 |     10 | ACCOUNTING |
| KING     | PRESIDENT           |     10 |     10 | ACCOUNTING |
| MILLER   | CLERK               |     10 |     10 | ACCOUNTING |
| SHARMIN  | Public Relation     |     20 |     20 | RESEARCH   |
| BANDISH  | Public Relation     |     20 |     20 | RESEARCH   |
| SMITH    | CLERK               |     20 |     20 | RESEARCH   |
| JONES    | MANAGER             |     20 |     20 | RESEARCH   |
| SCOTT    | ANALYST             |     20 |     20 | RESEARCH   |
| FRED     | vice PRESIDENT      |     20 |     20 | RESEARCH   |
| ADAMS    | CLERK               |     20 |     20 | RESEARCH   |
| FORD     | ANALYST             |     20 |     20 | RESEARCH   |
| GITA     | Compliance officers |     30 |     30 | SALES      |
| ALLEN    | SALESMAN            |     30 |     30 | SALES      |
| WARD     | SALESMAN            |     30 |     30 | SALES      |
| MARTIN   | SALESMAN            |     30 |     30 | SALES      |
| BLAKE    | MANAGER             |     30 |     30 | SALES      |
| TURNER   | SALESMAN            |     30 |     30 | SALES      |
| JAMES    | CLERK               |     30 |     30 | SALES      |
| HOFFMAN  | MANAGER             |     30 |     30 | SALES      |
| GRASS    | SALESMAN            |     30 |     30 | SALES      |
| AARUSH   | SALESMAN            |     30 |     30 | SALES      |
| ALEX     | MANAGER             |     30 |     30 | SALES      |
| NATASHA  | CLERK               |     30 |     30 | SALES      |
| NULL     | NULL                |   NULL |     40 | OPERATIONS |
| VRUSHALI | Compliance officers |     50 |     50 | HR         |
| SANGITA  | Compliance officers |     50 |     50 | HR         |
| SUPRIYA  | ANALYST             |     50 |     50 | HR         |
+----------+---------------------+--------+--------+------------+
29 rows in set (0.00 sec)

mysql> select * from books;
+----+------------+-----------+------+
| ID | bookName   | Type      | Cost |
+----+------------+-----------+------+
|  1 | DS         | Hardcover |  950 |
|  2 | DS         | Hardcover |  950 |
|  3 | JavaScript | Paperback |  700 |
|  4 | JavaScript | Paperback |  700 |
|  5 | Hbase      | Paperback |  760 |
|  6 | Python     | Hardcover |  980 |
|  8 | SQL        | Hardcover |  980 |
+----+------------+-----------+------+
7 rows in set (0.00 sec)

mysql> select * from newbooks;
+----+------------+-----------+------+
| ID | bookName   | Type      | Cost |
+----+------------+-----------+------+
|  1 | Redis      | Paperback |  850 |
|  2 | Redis      | Paperback |  850 |
|  3 | JavaScript | Paperback |  700 |
|  4 | JavaScript | Paperback |  700 |
|  5 | Hbase      | Paperback |  760 |
|  7 | HTML       | Paperback |  900 |
|  9 | CSS        | Paperback |  740 |
+----+------------+-----------+------+
7 rows in set (0.00 sec)

mysql>
mysql> select bookname from books b   right join  newbooks nb on b.bookname = nb.bookname;
ERROR 1052 (23000): Column 'bookname' in field list is ambiguous
mysql> select b.bookname, nb.bookname from books b   right join  newbooks nb on b.bookname = nb.booknam
e;
+------------+------------+
| bookname   | bookname   |
+------------+------------+
| NULL       | Redis      |
| NULL       | Redis      |
| JavaScript | JavaScript |
| JavaScript | JavaScript |
| JavaScript | JavaScript |
| JavaScript | JavaScript |
| Hbase      | Hbase      |
| NULL       | HTML       |
| NULL       | CSS        |
+------------+------------+
9 rows in set (0.00 sec)

mysql> select b.bookname 'Data comming frfom books', nb.bookname 'Data comming comming from newbooks'from books b   right join  newbooks nb on b.bookname = nb.bookname;
+--------------------------+------------------------------------+
| Data comming frfom books | Data comming comming from newbooks |
+--------------------------+------------------------------------+
| NULL                     | Redis                              |
| NULL                     | Redis                              |
| JavaScript               | JavaScript                         |
| JavaScript               | JavaScript                         |
| JavaScript               | JavaScript                         |
| JavaScript               | JavaScript                         |
| Hbase                    | Hbase                              |
| NULL                     | HTML                               |
| NULL                     | CSS                                |
+--------------------------+------------------------------------+
9 rows in set (0.00 sec)

mysql> select b.bookname, nb.bookname from newbooks nb right join books b on b.bookname = nb.bookname;
+------------+------------+
| bookname   | bookname   |
+------------+------------+
| DS         | NULL       |
| DS         | NULL       |
| JavaScript | JavaScript |
| JavaScript | JavaScript |
| JavaScript | JavaScript |
| JavaScript | JavaScript |
| Hbase      | Hbase      |
| Python     | NULL       |
| SQL        | NULL       |
+------------+------------+
9 rows in set (0.00 sec)

mysql> select nb.bookname 'nb', b.bookname 'b' from newbooks nb right join books b on b.bookname = nb.b
ookname;
+------------+------------+
| nb         | b          |
+------------+------------+
| NULL       | DS         |
| NULL       | DS         |
| JavaScript | JavaScript |
| JavaScript | JavaScript |
| JavaScript | JavaScript |
| JavaScript | JavaScript |
| Hbase      | Hbase      |
| NULL       | Python     |
| NULL       | SQL        |
+------------+------------+
9 rows in set (0.00 sec)

mysql> select empno, ename, mgr from emp;
+-------+----------+------+
| empno | ename    | mgr  |
+-------+----------+------+
|  6001 | GITA     | 7920 |
|  6129 | VRUSHALI | 7920 |
|  6473 | SHARMIN  | 7920 |
|  6781 | BANDISH  | 7920 |
|  7369 | SMITH    | 7902 |
|  7415 | AARAV    | 7902 |
|  7421 | THOMAS   | 7920 |
|  7499 | ALLEN    | 7698 |
|  7521 | WARD     | 7698 |
|  7566 | JONES    | 7839 |
|  7654 | MARTIN   | 7698 |
|  7698 | BLAKE    | 7839 |
|  7782 | CLARK    | 7839 |
|  7788 | SCOTT    | 7566 |
|  7839 | KING     | NULL |
|  7840 | FRED     | 7839 |
|  7844 | TURNER   | 7698 |
|  7876 | ADAMS    | 7788 |
|  7900 | JAMES    | 7698 |
|  7902 | FORD     | 7566 |
|  7919 | HOFFMAN  | 7566 |
|  7920 | GRASS    | 7919 |
|  7934 | MILLER   | 7782 |
|  7945 | AARUSH   | 7902 |
|  7949 | ALEX     | 7698 |
|  8433 | NATASHA  | 7920 |
|  9400 | SANGITA  | 7920 |
|  9473 | SUPRIYA  | 7920 |
+-------+----------+------+
28 rows in set (0.00 sec)

mysql>
mysql>
mysql> select e.ename 'Employee', m.ename 'Manager' from emp e,emp m where e.mgr= m.empno;
+----------+---------+
| Employee | Manager |
+----------+---------+
| GITA     | GRASS   |
| VRUSHALI | GRASS   |
| SHARMIN  | GRASS   |
| BANDISH  | GRASS   |
| SMITH    | FORD    |
| AARAV    | FORD    |
| THOMAS   | GRASS   |
| ALLEN    | BLAKE   |
| WARD     | BLAKE   |
| JONES    | KING    |
| MARTIN   | BLAKE   |
| BLAKE    | KING    |
| CLARK    | KING    |
| SCOTT    | JONES   |
| FRED     | KING    |
| TURNER   | BLAKE   |
| ADAMS    | SCOTT   |
| JAMES    | BLAKE   |
| FORD     | JONES   |
| HOFFMAN  | JONES   |
| GRASS    | HOFFMAN |
| MILLER   | CLARK   |
| AARUSH   | FORD    |
| ALEX     | BLAKE   |
| NATASHA  | GRASS   |
| SANGITA  | GRASS   |
| SUPRIYA  | GRASS   |
+----------+---------+
27 rows in set (0.00 sec)

mysql>
mysql> select e.ename 'Employee', m.ename 'Manager' from emp e,emp m where e.mgr= m.empno;
+----------+---------+
| Employee | Manager |
+----------+---------+
| GITA     | GRASS   |
| VRUSHALI | GRASS   |
| SHARMIN  | GRASS   |
| BANDISH  | GRASS   |
| SMITH    | FORD    |
| AARAV    | FORD    |
| THOMAS   | GRASS   |
| ALLEN    | BLAKE   |
| WARD     | BLAKE   |
| JONES    | KING    |
| MARTIN   | BLAKE   |
| BLAKE    | KING    |
| CLARK    | KING    |
| SCOTT    | JONES   |
| FRED     | KING    |
| TURNER   | BLAKE   |
| ADAMS    | SCOTT   |
| JAMES    | BLAKE   |
| FORD     | JONES   |
| HOFFMAN  | JONES   |
| GRASS    | HOFFMAN |
| MILLER   | CLARK   |
| AARUSH   | FORD    |
| ALEX     | BLAKE   |
| NATASHA  | GRASS   |
| SANGITA  | GRASS   |
| SUPRIYA  | GRASS   |
+----------+---------+
27 rows in set (0.01 sec)

mysql>
mysql>
mysql> select deptno from emp;
+--------+
| deptno |
+--------+
|     10 |
|     10 |
|     10 |
|     10 |
|     10 |
|     20 |
|     20 |
|     20 |
|     20 |
|     20 |
|     20 |
|     20 |
|     20 |
|     30 |
|     30 |
|     30 |
|     30 |
|     30 |
|     30 |
|     30 |
|     30 |
|     30 |
|     30 |
|     30 |
|     30 |
|     50 |
|     50 |
|     50 |
+--------+
28 rows in set (0.00 sec)

mysql> select deptno from dept;
+--------+
| deptno |
+--------+
|     10 |
|     20 |
|     30 |
|     40 |
|     50 |
+--------+
5 rows in set (0.01 sec)

mysql> select deptno from emp  union select deptno from dept;
+--------+
| deptno |
+--------+
|     10 |
|     20 |
|     30 |
|     50 |
|     40 |
+--------+
5 rows in set (0.00 sec)

mysql> select deptno from emp  union all select deptno from dept;
+--------+
| deptno |
+--------+
|     10 |
|     10 |
|     10 |
|     10 |
|     10 |
|     20 |
|     20 |
|     20 |
|     20 |
|     20 |
|     20 |
|     20 |
|     20 |
|     30 |
|     30 |
|     30 |
|     30 |
|     30 |
|     30 |
|     30 |
|     30 |
|     30 |
|     30 |
|     30 |
|     30 |
|     50 |
|     50 |
|     50 |
|     10 |
|     20 |
|     30 |
|     40 |
|     50 |
+--------+
33 rows in set (0.00 sec)

mysql> select deptno from emp  intersect select deptno from dept;
+--------+
| deptno |
+--------+
|     10 |
|     20 |
|     30 |
|     50 |
+--------+
4 rows in set (0.00 sec)

mysql> select deptno from emp  except select deptno from dept;
Empty set (0.00 sec)

mysql> select deptno from dept  except select deptno from emp;
+--------+
| deptno |
+--------+
|     40 |
+--------+
1 row in set (0.00 sec)

mysql>
mysql>
mysql> select emp.deptno, dept.deptno from emp left outer join dept on emp.dpetno=dept.deptno;
ERROR 1054 (42S22): Unknown column 'emp.dpetno' in 'on clause'
mysql> select emp.deptno, dept.deptno from emp left outer join dept on emp.deptno=dept.deptno;
+--------+--------+
| deptno | deptno |
+--------+--------+
|     10 |     10 |
|     10 |     10 |
|     10 |     10 |
|     10 |     10 |
|     10 |     10 |
|     20 |     20 |
|     20 |     20 |
|     20 |     20 |
|     20 |     20 |
|     20 |     20 |
|     20 |     20 |
|     20 |     20 |
|     20 |     20 |
|     30 |     30 |
|     30 |     30 |
|     30 |     30 |
|     30 |     30 |
|     30 |     30 |
|     30 |     30 |
|     30 |     30 |
|     30 |     30 |
|     30 |     30 |
|     30 |     30 |
|     30 |     30 |
|     30 |     30 |
|     50 |     50 |
|     50 |     50 |
|     50 |     50 |
+--------+--------+
28 rows in set (0.00 sec)

mysql>
mysql> select * from table1;
ERROR 1146 (42S02): Table 'z1.table1' doesn't exist
mysql> select * from tablea;
+------+------+
| id   | name |
+------+------+
|    5 | aa   |
|    1 | a    |
|    2 | b    |
|    3 | y    |
| NULL | d    |
|    5 | NULL |
|    1 | NULL |
|    1 | b    |
|    8 | a    |
+------+------+
9 rows in set (0.00 sec)

mysql> select * from tableb;
+------+------+
| id   | name |
+------+------+
|    1 | a    |
|    2 | x    |
|    4 | b    |
| NULL | c    |
|    6 | NULL |
| NULL | NULL |
|    7 | z    |
|    2 | NULL |
|    5 | z    |
|    9 | u    |
+------+------+
10 rows in set (0.00 sec)

mysql> select * from tablea left outer join tableb on tablea.id = tableb.ib;
ERROR 1054 (42S22): Unknown column 'tableb.ib' in 'on clause'
mysql> select * from tablea left outer join tableb on tablea.id = tableb.id;
+------+------+------+------+
| id   | name | id   | name |
+------+------+------+------+
|    5 | aa   |    5 | z    |
|    1 | a    |    1 | a    |
|    2 | b    |    2 | NULL |
|    2 | b    |    2 | x    |
|    3 | y    | NULL | NULL |
| NULL | d    | NULL | NULL |
|    5 | NULL |    5 | z    |
|    1 | NULL |    1 | a    |
|    1 | b    |    1 | a    |
|    8 | a    | NULL | NULL |
+------+------+------+------+
10 rows in set (0.00 sec)

mysql> select * from tablea right outer join tableb on tablea.id = tableb.id;
+------+------+------+------+
| id   | name | id   | name |
+------+------+------+------+
|    1 | b    |    1 | a    |
|    1 | NULL |    1 | a    |
|    1 | a    |    1 | a    |
|    2 | b    |    2 | x    |
| NULL | NULL |    4 | b    |
| NULL | NULL | NULL | c    |
| NULL | NULL |    6 | NULL |
| NULL | NULL | NULL | NULL |
| NULL | NULL |    7 | z    |
|    2 | b    |    2 | NULL |
|    5 | NULL |    5 | z    |
|    5 | aa   |    5 | z    |
| NULL | NULL |    9 | u    |
+------+------+------+------+
13 rows in set (0.00 sec)

mysql> select * from tablea left outer join tableb on tablea.id = tableb.id;
+------+------+------+------+
| id   | name | id   | name |
+------+------+------+------+
|    5 | aa   |    5 | z    |
|    1 | a    |    1 | a    |
|    2 | b    |    2 | NULL |
|    2 | b    |    2 | x    |
|    3 | y    | NULL | NULL |
| NULL | d    | NULL | NULL |
|    5 | NULL |    5 | z    |
|    1 | NULL |    1 | a    |
|    1 | b    |    1 | a    |
|    8 | a    | NULL | NULL |
+------+------+------+------+
10 rows in set (0.00 sec)

mysql> select * from tablea right outer join tableb on tablea.id = tableb.id;
+------+------+------+------+
| id   | name | id   | name |
+------+------+------+------+
|    1 | b    |    1 | a    |
|    1 | NULL |    1 | a    |
|    1 | a    |    1 | a    |
|    2 | b    |    2 | x    |
| NULL | NULL |    4 | b    |
| NULL | NULL | NULL | c    |
| NULL | NULL |    6 | NULL |
| NULL | NULL | NULL | NULL |
| NULL | NULL |    7 | z    |
|    2 | b    |    2 | NULL |
|    5 | NULL |    5 | z    |
|    5 | aa   |    5 | z    |
| NULL | NULL |    9 | u    |
+------+------+------+------+
13 rows in set (0.00 sec)

mysql> select * from tablea left outer join tableb on tablea.id = tableb.id union select * from tablea right outer join tableb on tablea.id = tableb.id;
+------+------+------+------+
| id   | name | id   | name |
+------+------+------+------+
|    5 | aa   |    5 | z    |
|    1 | a    |    1 | a    |
|    2 | b    |    2 | NULL |
|    2 | b    |    2 | x    |
|    3 | y    | NULL | NULL |
| NULL | d    | NULL | NULL |
|    5 | NULL |    5 | z    |
|    1 | NULL |    1 | a    |
|    1 | b    |    1 | a    |
|    8 | a    | NULL | NULL |
| NULL | NULL |    4 | b    |
| NULL | NULL | NULL | c    |
| NULL | NULL |    6 | NULL |
| NULL | NULL | NULL | NULL |
| NULL | NULL |    7 | z    |
| NULL | NULL |    9 | u    |
+------+------+------+------+
16 rows in set (0.00 sec)

mysql>
mysql>
mysql>
mysql>
mysql> drop table y1;
Query OK, 0 rows affected (0.02 sec)

mysql> drop table y2;
Query OK, 0 rows affected (0.01 sec)

mysql> create temporary table y1(c1 int, c2 int);
Query OK, 0 rows affected (0.01 sec)

mysql> show tables;
+---------------------+
| Tables_in_z1        |
+---------------------+
| a                   |
| agent               |
| andor               |
| b                   |
| blanktablea         |
| blanktableb         |
| blog                |
| bonus               |
| books               |
| candidate           |
| client              |
| coalesce            |
| comments            |
| company             |
| customer            |
| customers           |
| demodept1           |
| demodept2           |
| dept                |
| dept1               |
| docs                |
| doctor              |
| doctorvisits        |
| dummy               |
| duplicate           |
| emp                 |
| emp1                |
| emp2                |
| emp_attendance      |
| emp_cards           |
| emp_phone           |
| empj                |
| envelope            |
| food                |
| fullname            |
| hobby               |
| item                |
| job_list            |
| key_parts           |
| labtestlist         |
| leadtable           |
| licence             |
| location            |
| mass_table          |
| medicinelist        |
| menucard            |
| nearest             |
| new                 |
| newbooks            |
| nullif              |
| numbers             |
| numberstring        |
| ord                 |
| orderdetails        |
| orders              |
| overtime            |
| patient             |
| phonecall           |
| pivot_table         |
| plumber             |
| plumber_service_map |
| points              |
| price               |
| product             |
| product_sales       |
| products            |
| quarterly_revenue   |
| r                   |
| r1                  |
| r2                  |
| races               |
| regexpr             |
| replacedept         |
| revenue             |
| rockets             |
| runners             |
| runningserver       |
| sales               |
| sales_channel       |
| salespeople         |
| salesperson         |
| salgrade            |
| server              |
| service             |
| seta                |
| setb                |
| shop                |
| softdrink           |
| sort                |
| sourcenames         |
| stadium             |
| states              |
| station             |
| status              |
| stringnumber        |
| tablea              |
| tableaa             |
| tableb              |
| tablebb             |
| targetnames         |
| tasks               |
| temp1               |
| traintimetable      |
| transactions        |
| vote_response       |
| votes               |
| warehouse           |
| y3                  |
| yearly_revenue      |
| z                   |
+---------------------+
110 rows in set (0.01 sec)

mysql> insert into y1 values(1,1);
Query OK, 1 row affected (0.01 sec)

mysql> select * from y1;
+------+------+
| c1   | c2   |
+------+------+
|    1 |    1 |
+------+------+
1 row in set (0.00 sec)

mysql> select database();
+------------+
| database() |
+------------+
| z1         |
+------------+
1 row in set (0.00 sec)

mysql> select user();
+----------------+
| user()         |
+----------------+
| root@localhost |
+----------------+
1 row in set (0.00 sec)

mysql> set autocommit =off;
Query OK, 0 rows affected (0.01 sec)

mysql> select * from y1;
+------+------+
| c1   | c2   |
+------+------+
|    1 |    1 |
+------+------+
1 row in set (0.00 sec)

mysql> select * from y1;
+------+------+
| c1   | c2   |
+------+------+
|    1 |    1 |
+------+------+
1 row in set (0.00 sec)

mysql> select * from dept;
+--------+------------+----------+------------+------------+
| DEPTNO | DNAME      | LOC      | PWD        | STARTEDON  |
+--------+------------+----------+------------+------------+
|     10 | ACCOUNTING | NEW YORK | r50mpm     | 24/03/1989 |
|     20 | RESEARCH   | DALLAS   | a12recmpm  | 12/04/1989 |
|     30 | SALES      | CHICAGO  | sales@2017 | 13/04/1989 |
|     40 | OPERATIONS | BOSTON   | opr@123    | 12/07/1989 |
|     50 | HR         | PUNE     | PUN@8877   | 22/12/1989 |
+--------+------------+----------+------------+------------+
5 rows in set (0.00 sec)

mysql> insert into dept values(1,1,1,1,1);
Query OK, 1 row affected (0.00 sec)

mysql> select * from dept;
+--------+------------+----------+------------+------------+
| DEPTNO | DNAME      | LOC      | PWD        | STARTEDON  |
+--------+------------+----------+------------+------------+
|      1 | 1          | 1        | 1          | 1          |
|     10 | ACCOUNTING | NEW YORK | r50mpm     | 24/03/1989 |
|     20 | RESEARCH   | DALLAS   | a12recmpm  | 12/04/1989 |
|     30 | SALES      | CHICAGO  | sales@2017 | 13/04/1989 |
|     40 | OPERATIONS | BOSTON   | opr@123    | 12/07/1989 |
|     50 | HR         | PUNE     | PUN@8877   | 22/12/1989 |
+--------+------------+----------+------------+------------+
6 rows in set (0.00 sec)

mysql> commit;
Query OK, 0 rows affected (0.01 sec)

mysql> select * from dept;
+--------+------------+----------+------------+------------+
| DEPTNO | DNAME      | LOC      | PWD        | STARTEDON  |
+--------+------------+----------+------------+------------+
|      1 | 1          | 1        | 1          | 1          |
|      2 | 2          | 2        | 2          | 2          |
|     10 | ACCOUNTING | NEW YORK | r50mpm     | 24/03/1989 |
|     20 | RESEARCH   | DALLAS   | a12recmpm  | 12/04/1989 |
|     30 | SALES      | CHICAGO  | sales@2017 | 13/04/1989 |
|     40 | OPERATIONS | BOSTON   | opr@123    | 12/07/1989 |
|     50 | HR         | PUNE     | PUN@8877   | 22/12/1989 |
+--------+------------+----------+------------+------------+
7 rows in set (0.00 sec)

mysql> show variable like 'auto%;
    '> ^C
mysql> show variable like 'auto%';
ERROR 1064 (42000): You have an error in your SQL syntax; check the manual that corresponds to your MySQL server version for the right syntax to use near 'variable like 'auto%'' at line 1
mysql> show variables like 'auto%';
+--------------------------+-------+
| Variable_name            | Value |
+--------------------------+-------+
| auto_generate_certs      | ON    |
| auto_increment_increment | 1     |
| auto_increment_offset    | 1     |
| autocommit               | OFF   |
| automatic_sp_privileges  | ON    |
+--------------------------+-------+
5 rows in set (0.02 sec)

mysql> select * from dept;
+--------+------------+----------+------------+------------+
| DEPTNO | DNAME      | LOC      | PWD        | STARTEDON  |
+--------+------------+----------+------------+------------+
|      1 | 1          | 1        | 1          | 1          |
|      2 | 2          | 2        | 2          | 2          |
|     10 | ACCOUNTING | NEW YORK | r50mpm     | 24/03/1989 |
|     20 | RESEARCH   | DALLAS   | a12recmpm  | 12/04/1989 |
|     30 | SALES      | CHICAGO  | sales@2017 | 13/04/1989 |
|     40 | OPERATIONS | BOSTON   | opr@123    | 12/07/1989 |
|     50 | HR         | PUNE     | PUN@8877   | 22/12/1989 |
+--------+------------+----------+------------+------------+
7 rows in set (0.00 sec)

mysql> select * from dept;
+--------+------------+----------+------------+------------+
| DEPTNO | DNAME      | LOC      | PWD        | STARTEDON  |
+--------+------------+----------+------------+------------+
|      1 | 1          | 1        | 1          | 1          |
|      2 | 2          | 2        | 2          | 2          |
|     10 | ACCOUNTING | NEW YORK | r50mpm     | 24/03/1989 |
|     20 | RESEARCH   | DALLAS   | a12recmpm  | 12/04/1989 |
|     30 | SALES      | CHICAGO  | sales@2017 | 13/04/1989 |
|     40 | OPERATIONS | BOSTON   | opr@123    | 12/07/1989 |
|     50 | HR         | PUNE     | PUN@8877   | 22/12/1989 |
+--------+------------+----------+------------+------------+
7 rows in set (0.00 sec)

mysql> commit;
Query OK, 0 rows affected (0.00 sec)

mysql> select * from dept;
+--------+------------+----------+------------+------------+
| DEPTNO | DNAME      | LOC      | PWD        | STARTEDON  |
+--------+------------+----------+------------+------------+
|      1 | 1          | 1        | 1          | 1          |
|      2 | 2          | 2        | 2          | 2          |
|      3 | 2          | 2        | 2          | 2          |
|     10 | ACCOUNTING | NEW YORK | r50mpm     | 24/03/1989 |
|     20 | RESEARCH   | DALLAS   | a12recmpm  | 12/04/1989 |
|     30 | SALES      | CHICAGO  | sales@2017 | 13/04/1989 |
|     40 | OPERATIONS | BOSTON   | opr@123    | 12/07/1989 |
|     50 | HR         | PUNE     | PUN@8877   | 22/12/1989 |
+--------+------------+----------+------------+------------+
8 rows in set (0.00 sec)

mysql> insert into dept values(4,4,4,4,4);
Query OK, 1 row affected (0.00 sec)

mysql> select * from dept;
+--------+------------+----------+------------+------------+
| DEPTNO | DNAME      | LOC      | PWD        | STARTEDON  |
+--------+------------+----------+------------+------------+
|      1 | 1          | 1        | 1          | 1          |
|      2 | 2          | 2        | 2          | 2          |
|      3 | 2          | 2        | 2          | 2          |
|      4 | 4          | 4        | 4          | 4          |
|     10 | ACCOUNTING | NEW YORK | r50mpm     | 24/03/1989 |
|     20 | RESEARCH   | DALLAS   | a12recmpm  | 12/04/1989 |
|     30 | SALES      | CHICAGO  | sales@2017 | 13/04/1989 |
|     40 | OPERATIONS | BOSTON   | opr@123    | 12/07/1989 |
|     50 | HR         | PUNE     | PUN@8877   | 22/12/1989 |
+--------+------------+----------+------------+------------+
9 rows in set (0.00 sec)

mysql> commit;
Query OK, 0 rows affected (0.01 sec)

mysql> delete from dept where deptno=4;
Query OK, 1 row affected (0.01 sec)

mysql> select * from dept;
+--------+------------+----------+------------+------------+
| DEPTNO | DNAME      | LOC      | PWD        | STARTEDON  |
+--------+------------+----------+------------+------------+
|      1 | 1          | 1        | 1          | 1          |
|      2 | 2          | 2        | 2          | 2          |
|      3 | 2          | 2        | 2          | 2          |
|     10 | ACCOUNTING | NEW YORK | r50mpm     | 24/03/1989 |
|     20 | RESEARCH   | DALLAS   | a12recmpm  | 12/04/1989 |
|     30 | SALES      | CHICAGO  | sales@2017 | 13/04/1989 |
|     40 | OPERATIONS | BOSTON   | opr@123    | 12/07/1989 |
|     50 | HR         | PUNE     | PUN@8877   | 22/12/1989 |
+--------+------------+----------+------------+------------+
8 rows in set (0.00 sec)

mysql> commit;
Query OK, 0 rows affected (0.01 sec)

mysql> select * from dept;
+--------+------------+----------+------------+------------+
| DEPTNO | DNAME      | LOC      | PWD        | STARTEDON  |
+--------+------------+----------+------------+------------+
|      1 | 1          | 1        | 1          | 1          |
|      2 | 2          | 2        | 2          | 2          |
|      3 | 2          | 2        | 2          | 2          |
|     10 | ACCOUNTING | NEW YORK | r50mpm     | 24/03/1989 |
|     20 | RESEARCH   | DALLAS   | a12recmpm  | 12/04/1989 |
|     30 | SALES      | CHICAGO  | sales@2017 | 13/04/1989 |
|     40 | OPERATIONS | BOSTON   | opr@123    | 12/07/1989 |
|     50 | HR         | PUNE     | PUN@8877   | 22/12/1989 |
+--------+------------+----------+------------+------------+
8 rows in set (0.00 sec)

mysql> update dept set dname='aaaa' where deptno=10;
Query OK, 1 row affected (11.04 sec)
Rows matched: 1  Changed: 1  Warnings: 0

mysql> select * from dept;
+--------+------------+----------+------------+------------+
| DEPTNO | DNAME      | LOC      | PWD        | STARTEDON  |
+--------+------------+----------+------------+------------+
|      1 | 1          | 1        | 1          | 1          |
|      2 | 2          | 2        | 2          | 2          |
|      3 | 2          | 2        | 2          | 2          |
|     10 | aaaa       | NEW YORK | r50mpm     | 24/03/1989 |
|     20 | RESEARCH   | DALLAS   | a12recmpm  | 12/04/1989 |
|     30 | SALES      | CHICAGO  | sales@2017 | 13/04/1989 |
|     40 | OPERATIONS | BOSTON   | opr@123    | 12/07/1989 |
|     50 | HR         | PUNE     | PUN@8877   | 22/12/1989 |
+--------+------------+----------+------------+------------+
8 rows in set (0.00 sec)

mysql> commit;
Query OK, 0 rows affected (0.00 sec)

mysql> select * from dept;
+--------+------------+----------+------------+------------+
| DEPTNO | DNAME      | LOC      | PWD        | STARTEDON  |
+--------+------------+----------+------------+------------+
|      1 | 1          | 1        | 1          | 1          |
|      2 | 2          | 2        | 2          | 2          |
|      3 | 2          | 2        | 2          | 2          |
|     10 | aaaa       | NEW YORK | r50mpm     | 24/03/1989 |
|     20 | RESEARCH   | DALLAS   | a12recmpm  | 12/04/1989 |
|     30 | SALES      | CHICAGO  | sales@2017 | 13/04/1989 |
|     40 | OPERATIONS | BOSTON   | opr@123    | 12/07/1989 |
|     50 | HR         | PUNE     | PUN@8877   | 22/12/1989 |
+--------+------------+----------+------------+------------+
8 rows in set (0.00 sec)

mysql> commit;
Query OK, 0 rows affected (0.00 sec)

mysql> select * from dept;
+--------+------------+----------+------------+------------+
| DEPTNO | DNAME      | LOC      | PWD        | STARTEDON  |
+--------+------------+----------+------------+------------+
|      1 | 1          | 1        | 1          | 1          |
|      2 | 2          | 2        | 2          | 2          |
|      3 | 2          | 2        | 2          | 2          |
|     10 | ddd        | NEW YORK | r50mpm     | 24/03/1989 |
|     20 | RESEARCH   | DALLAS   | a12recmpm  | 12/04/1989 |
|     30 | SALES      | CHICAGO  | sales@2017 | 13/04/1989 |
|     40 | OPERATIONS | BOSTON   | opr@123    | 12/07/1989 |
|     50 | HR         | PUNE     | PUN@8877   | 22/12/1989 |
+--------+------------+----------+------------+------------+
8 rows in set (0.00 sec)

mysql>


Microsoft Windows [Version 10.0.26100.2033]
(c) Microsoft Corporation. All rights reserved.

C:\Users\SALEEL>mysql --user=root --password=root z1;
mysql: [Warning] Using a password on the command line interface can be insecure.
ERROR 1049 (42000): Unknown database 'z1;'

C:\Users\SALEEL>mysql --user=root --password=root z1
mysql: [Warning] Using a password on the command line interface can be insecure.
Welcome to the MySQL monitor.  Commands end with ; or \g.
Your MySQL connection id is 9
Server version: 8.1.0 MySQL Community Server - GPL

Copyright (c) 2000, 2023, Oracle and/or its affiliates.

Oracle is a registered trademark of Oracle Corporation and/or its
affiliates. Other names may be trademarks of their respective
owners.

Type 'help;' or '\h' for help. Type '\c' to clear the current input statement.

mysql> create user 'u1'@'%' identified by 'u1';
Query OK, 0 rows affected (0.15 sec)

mysql> select user();
+----------------+
| user()         |
+----------------+
| root@localhost |
+----------------+
1 row in set (0.00 sec)

mysql> select database();
+------------+
| database() |
+------------+
| z1         |
+------------+
1 row in set (0.00 sec)

mysql> select * from dept;
+--------+------------+----------+------------+------------+
| DEPTNO | DNAME      | LOC      | PWD        | STARTEDON  |
+--------+------------+----------+------------+------------+
|      1 | 1          | 1        | 1          | 1          |
|      2 | 2          | 2        | 2          | 2          |
|      3 | 2          | 2        | 2          | 2          |
|     10 | ddd        | NEW YORK | r50mpm     | 24/03/1989 |
|     20 | RESEARCH   | DALLAS   | a12recmpm  | 12/04/1989 |
|     30 | SALES      | CHICAGO  | sales@2017 | 13/04/1989 |
|     40 | OPERATIONS | BOSTON   | opr@123    | 12/07/1989 |
|     50 | HR         | PUNE     | PUN@8877   | 22/12/1989 |
+--------+------------+----------+------------+------------+
8 rows in set (0.05 sec)

mysql> grant select to 'u1'@'%';
ERROR 1064 (42000): Illegal authorization identifier near 'select to 'u1'@'%'' at line 1
mysql> grant select on z1.dept to 'u1'@'%';
Query OK, 0 rows affected (0.01 sec)

mysql> show tables;
+---------------------+
| Tables_in_z1        |
+---------------------+
| a                   |
| agent               |
| andor               |
| b                   |
| blanktablea         |
| blanktableb         |
| blog                |
| bonus               |
| books               |
| candidate           |
| client              |
| coalesce            |
| comments            |
| company             |
| customer            |
| customers           |
| demodept1           |
| demodept2           |
| dept                |
| dept1               |
| docs                |
| doctor              |
| doctorvisits        |
| dummy               |
| duplicate           |
| emp                 |
| emp1                |
| emp2                |
| emp_attendance      |
| emp_cards           |
| emp_phone           |
| empj                |
| envelope            |
| food                |
| fullname            |
| hobby               |
| item                |
| job_list            |
| key_parts           |
| labtestlist         |
| leadtable           |
| licence             |
| location            |
| mass_table          |
| medicinelist        |
| menucard            |
| nearest             |
| new                 |
| newbooks            |
| nullif              |
| numbers             |
| numberstring        |
| ord                 |
| orderdetails        |
| orders              |
| overtime            |
| patient             |
| phonecall           |
| pivot_table         |
| plumber             |
| plumber_service_map |
| points              |
| price               |
| product             |
| product_sales       |
| products            |
| quarterly_revenue   |
| r                   |
| r1                  |
| r2                  |
| races               |
| regexpr             |
| replacedept         |
| revenue             |
| rockets             |
| runners             |
| runningserver       |
| sales               |
| sales_channel       |
| salespeople         |
| salesperson         |
| salgrade            |
| server              |
| service             |
| seta                |
| setb                |
| shop                |
| softdrink           |
| sort                |
| sourcenames         |
| stadium             |
| states              |
| station             |
| status              |
| stringnumber        |
| tablea              |
| tableaa             |
| tableb              |
| tablebb             |
| targetnames         |
| tasks               |
| temp1               |
| traintimetable      |
| transactions        |
| vote_response       |
| votes               |
| warehouse           |
| y3                  |
| yearly_revenue      |
| z                   |
+---------------------+
110 rows in set (0.03 sec)

mysql> grant insert on z1.dept to 'u1'@'%';
Query OK, 0 rows affected (0.02 sec)

mysql> select * from dept;
+--------+------------+----------+------------+------------+
| DEPTNO | DNAME      | LOC      | PWD        | STARTEDON  |
+--------+------------+----------+------------+------------+
|      1 | 1          | 1        | 1          | 1          |
|      2 | 2          | 2        | 2          | 2          |
|      3 | 2          | 2        | 2          | 2          |
|     10 | ddd        | NEW YORK | r50mpm     | 24/03/1989 |
|     11 | 1          | 1        | 1          | 1          |
|     20 | RESEARCH   | DALLAS   | a12recmpm  | 12/04/1989 |
|     30 | SALES      | CHICAGO  | sales@2017 | 13/04/1989 |
|     40 | OPERATIONS | BOSTON   | opr@123    | 12/07/1989 |
|     50 | HR         | PUNE     | PUN@8877   | 22/12/1989 |
+--------+------------+----------+------------+------------+
9 rows in set (0.00 sec)
       select * from dept;
mysql> grant delete on z1.dept to 'u1'@'%';
Query OK, 0 rows affected (0.01 sec)

mysql> select * from dept;
+--------+------------+----------+------------+------------+
| DEPTNO | DNAME      | LOC      | PWD        | STARTEDON  |
+--------+------------+----------+------------+------------+
|      1 | 1          | 1        | 1          | 1          |
|      2 | 2          | 2        | 2          | 2          |
|      3 | 2          | 2        | 2          | 2          |
|     10 | ddd        | NEW YORK | r50mpm     | 24/03/1989 |
|     20 | RESEARCH   | DALLAS   | a12recmpm  | 12/04/1989 |
|     30 | SALES      | CHICAGO  | sales@2017 | 13/04/1989 |
|     40 | OPERATIONS | BOSTON   | opr@123    | 12/07/1989 |
|     5               | PUNE     | PUN@8877   | 22/12/1989 |
+--------+------------+----------+------------+------------+
8 rows in set (0.00 sec)
       revok
mysql> revoke delete on z1.dept from 'u1'@'%';
Query OK, 0 rows affected (0.01 sec)

mysql> desc dept;
+-----------+-------------+------+-----+---------+-------+
| Field     | Type        | Null | Key | Default | Extra |
+-----------+-------------+------+-----+---------+-------+
| DEPTNO    | int         | NO   | PRI | NULL    |       |
| DNAME     | varchar(12) | YES  |     | NULL    |       |
| LOC       | varchar(10) | YES  |     | NULL    |       |
| PWD       | varchar(20) | YES  |     | NULL    |       |
| STARTEDON | varchar(10) | YES  |     | NULL    |       |
+-----------+-------------+------+-----+---------+-------+
5 rows in set (0.02 sec)

mysql>  select ename,job from emp where job='manager';
+---------+---------+
| ename   | job     |
+---------+---------+
| JONES   | MANAGER |
| BLAKE   | MANAGER |
| CLARK   | MANAGER |
| HOFFMAN | MANAGER |
| ALEX    | MANAGER |
+---------+---------+
5 rows in set (0.01 sec)

mysql>  select ename,job from emp where empno=7788;
+-------+---------+
| ename | job     |
+-------+---------+
| SCOTT | ANALYST |
+-------+---------+
1 row in set (0.01 sec)

mysql> explain select ename,job from emp where job='manager';
+----+-------------+-------+------------+------+---------------+------+---------+------+------+----------+-------------+
| id | select_type | table | partitions | type | possible_keys | key  | key_len | ref  | rows | filtered | Extra       |
+----+-------------+-------+------------+------+---------------+------+---------+------+------+----------+-------------+
|  1 | SIMPLE      | emp   | NULL       | ALL  | NULL          | NULL | NULL    | NULL |   28 |    10.00 | Using where |
+----+-------------+-------+------------+------+---------------+------+---------+------+------+----------+-------------+
1 row in set, 1 warning (0.01 sec)

mysql> explain select ename,job from emp where empno=7788;
+----+-------------+-------+------------+-------+---------------+---------+---------+-------+------+----------+-------+
| id | select_type | table | partitions | type  | possible_keys | key     | key_len | ref   | rows | filtered | Extra |
+----+-------------+-------+------------+-------+---------------+---------+---------+-------+------+----------+-------+
|  1 | SIMPLE      | emp   | NULL       | const | PRIMARY       | PRIMARY | 4       | const |    1 |   100.00 | NULL  |
+----+-------------+-------+------------+-------+---------------+---------+---------+-------+------+----------+-------+
1 row in set, 1 warning (0.00 sec)

mysql> desc emp;
+-----------+-------------+------+-----+---------+-------+
| Field     | Type        | Null | Key | Default | Extra |
+-----------+-------------+------+-----+---------+-------+
| EMPNO     | int         | NO   | PRI | NULL    |       |
| ENAME     | varchar(12) | YES  |     | NULL    |       |
| GENDER    | char(1)     | YES  |     | NULL    |       |
| JOB       | varchar(20) | YES  |     | NULL    |       |
| MGR       | int         | YES  | MUL | NULL    |       |
| HIREDATE  | date        | YES  |     | NULL    |       |
| SAL       | int         | YES  |     | NULL    |       |
| COMM      | int         | YES  |     | NULL    |       |
| DEPTNO    | int         | NO   | MUL | NULL    |       |
| BONUSID   | int         | YES  |     | NULL    |       |
| USER NAME | varchar(20) | YES  |     | NULL    |       |
| PWD       | varchar(20) | YES  |     | NULL    |       |
| PHONE     | varchar(45) | YES  |     | NULL    |       |
| isActive  | tinyint(1)  | YES  |     | NULL    |       |
+-----------+-------------+------+-----+---------+-------+
14 rows in set (0.00 sec)

mysql> show indexes from emp;
+-------+------------+------------------------+--------------+-------------+-----------+-------------+----------+--------+------+------------+---------+---------------+---------+------------+
| Table | Non_unique | Key_name               | Seq_in_index | Column_name | Collation | Cardinality | Sub_part | Packed | Null | Index_type | Comment | Index_comment | Visible | Expression |
+-------+------------+------------------------+--------------+-------------+-----------+-------------+----------+--------+------+------------+---------+---------------+---------+------------+
| emp   |          0 | PRIMARY                |            1 | EMPNO       | A         |          28 |     NULL |   NULL |      | BTREE      |         |               | YES     | NULL       |
| emp   |          1 | EMP_FOREIGN_KEY_deptno |            1 | DEPTNO      | A         |           4 |     NULL |   NULL |      | BTREE      |         |               | YES     | NULL       |
| emp   |          1 | EMP_FOREIGN_KEY_mgr    |            1 | MGR         | A         |           9 |     NULL |   NULL | YES  | BTREE      |         |               | YES     | NULL       |
+-------+------------+------------------------+--------------+-------------+-----------+-------------+----------+--------+------+------------+---------+---------------+---------+------------+
3 rows in set (0.02 sec)

mysql> create index ind1 on emp(job);
Query OK, 0 rows affected (0.07 sec)
Records: 0  Duplicates: 0  Warnings: 0

mysql> show indexes from emp;
+-------+------------+------------------------+--------------+-------------+-----------+-------------+----------+--------+------+------------+---------+---------------+---------+------------+
| Table | Non_unique | Key_name               | Seq_in_index | Column_name | Collation | Cardinality | Sub_part | Packed | Null | Index_type | Comment | Index_comment | Visible | Expression |
+-------+------------+------------------------+--------------+-------------+-----------+-------------+----------+--------+------+------------+---------+---------------+---------+------------+
| emp   |          0 | PRIMARY                |            1 | EMPNO       | A         |          28 |     NULL |   NULL |      | BTREE      |         |               | YES     | NULL       |
| emp   |          1 | EMP_FOREIGN_KEY_deptno |            1 | DEPTNO      | A         |           4 |     NULL |   NULL |      | BTREE      |         |               | YES     | NULL       |
| emp   |          1 | EMP_FOREIGN_KEY_mgr    |            1 | MGR         | A         |           9 |     NULL |   NULL | YES  | BTREE      |         |               | YES     | NULL       |
| emp   |          1 | ind1                   |            1 | JOB         | A         |           8 |     NULL |   NULL | YES  | BTREE      |         |               | YES     | NULL       |
+-------+------------+------------------------+--------------+-------------+-----------+-------------+----------+--------+------+------------+---------+---------------+---------+------------+
4 rows in set (0.01 sec)

mysql>  explain select ename,job from emp where job='manager';
+----+-------------+-------+------------+------+---------------+------+---------+-------+------+----------+-------+
| id | select_type | table | partitions | type | possible_keys | key  | key_len | ref   | rows | filtered | Extra |
+----+-------------+-------+------------+------+---------------+------+---------+-------+------+----------+-------+
|  1 | SIMPLE      | emp   | NULL       | ref  | ind1          | ind1 | 83      | const |    5 |   100.00 | NULL  |
+----+-------------+-------+------------+------+---------------+------+---------+-------+------+----------+-------+
1 row in set, 1 warning (0.00 sec)

mysql> desc dept;
+-----------+-------------+------+-----+---------+-------+
| Field     | Type        | Null | Key | Default | Extra |
+-----------+-------------+------+-----+---------+-------+
| DEPTNO    | int         | NO   | PRI | NULL    |       |
| DNAME     | varchar(12) | YES  |     | NULL    |       |
| LOC       | varchar(10) | YES  |     | NULL    |       |
| PWD       | varchar(20) | YES  |     | NULL    |       |
| STARTEDON | varchar(10) | YES  |     | NULL    |       |
+-----------+-------------+------+-----+---------+-------+
5 rows in set (0.00 sec)

mysql> select * from dept;
+--------+------------+----------+------------+------------+
| DEPTNO | DNAME      | LOC      | PWD        | STARTEDON  |
+--------+------------+----------+------------+------------+
|      1 | 1          | 1        | 1          | 1          |
|      2 | 2          | 2        | 2          | 2          |
|      3 | 2          | 2        | 2          | 2          |
|     10 | ddd        | NEW YORK | r50mpm     | 24/03/1989 |
|     20 | RESEARCH   | DALLAS   | a12recmpm  | 12/04/1989 |
|     30 | SALES      | CHICAGO  | sales@2017 | 13/04/1989 |
|     40 | OPERATIONS | BOSTON   | opr@123    | 12/07/1989 |
|     50 | HR         | PUNE     | PUN@8877   | 22/12/1989 |
+--------+------------+----------+------------+------------+
8 rows in set (0.00 sec)

mysql> desc  dept;
+-----------+-------------+------+-----+---------+-------+
| Field     | Type        | Null | Key | Default | Extra |
+-----------+-------------+------+-----+---------+-------+
| DEPTNO    | int         | NO   | PRI | NULL    |       |
| DNAME     | varchar(12) | YES  |     | NULL    |       |
| LOC       | varchar(10) | YES  |     | NULL    |       |
| PWD       | varchar(20) | YES  |     | NULL    |       |
| STARTEDON | varchar(10) | YES  |     | NULL    |       |
+-----------+-------------+------+-----+---------+-------+
5 rows in set (0.00 sec)

mysql> create unique index on dept(loc);
ERROR 1064 (42000): You have an error in your SQL syntax; check the manual that corresponds to your MySQL server version for the right syntax to use near 'on dept(loc)' at line 1
mysql> create unique index ind2 on dept(loc);
ERROR 1062 (23000): Duplicate entry '2' for key 'dept.ind2'
mysql>
mysql> delete from dept where deptno <4;
Query OK, 3 rows affected (0.00 sec)

mysql> select * from dept;
+--------+------------+----------+------------+------------+
| DEPTNO | DNAME      | LOC      | PWD        | STARTEDON  |
+--------+------------+----------+------------+------------+
|     10 | ddd        | NEW YORK | r50mpm     | 24/03/1989 |
|     20 | RESEARCH   | DALLAS   | a12recmpm  | 12/04/1989 |
|     30 | SALES      | CHICAGO  | sales@2017 | 13/04/1989 |
|     40 | OPERATIONS | BOSTON   | opr@123    | 12/07/1989 |
|     50 | HR         | PUNE     | PUN@8877   | 22/12/1989 |
+--------+------------+----------+------------+------------+
5 rows in set (0.00 sec)

mysql> create unique index ind2 on dept(loc);
Query OK, 0 rows affected (0.05 sec)
Records: 0  Duplicates: 0  Warnings: 0

mysql> desc dept;
+-----------+-------------+------+-----+---------+-------+
| Field     | Type        | Null | Key | Default | Extra |
+-----------+-------------+------+-----+---------+-------+
| DEPTNO    | int         | NO   | PRI | NULL    |       |
| DNAME     | varchar(12) | YES  |     | NULL    |       |
| LOC       | varchar(10) | YES  | UNI | NULL    |       |
| PWD       | varchar(20) | YES  |     | NULL    |       |
| STARTEDON | varchar(10) | YES  |     | NULL    |       |
+-----------+-------------+------+-----+---------+-------+
5 rows in set (0.00 sec)

mysql> show indexes from dept;
+-------+------------+----------+--------------+-------------+-----------+-------------+----------+--------+------+------------+---------+---------------+---------+------------+
| Table | Non_unique | Key_name | Seq_in_index | Column_name | Collation | Cardinality | Sub_part | Packed | Null | Index_type | Comment | Index_comment | Visible | Expression |
+-------+------------+----------+--------------+-------------+-----------+-------------+----------+--------+------+------------+---------+---------------+---------+------------+
| dept  |          0 | PRIMARY  |            1 | DEPTNO      | A         |           5 |     NULL |   NULL |      | BTREE      |         |               | YES     | NULL       |
| dept  |          0 | ind2     |            1 | LOC         | A         |           5 |     NULL |   NULL | YES  | BTREE      |         |               | YES     | NULL       |
+-------+------------+----------+--------------+-------------+-----------+-------------+----------+--------+------+------------+---------+---------------+---------+------------+
2 rows in set (0.00 sec)

mysql> desc dept;
+-----------+-------------+------+-----+---------+-------+
| Field     | Type        | Null | Key | Default | Extra |
+-----------+-------------+------+-----+---------+-------+
| DEPTNO    | int         | NO   | PRI | NULL    |       |
| DNAME     | varchar(12) | YES  |     | NULL    |       |
| LOC       | varchar(10) | YES  | UNI | NULL    |       |
| PWD       | varchar(20) | YES  |     | NULL    |       |
| STARTEDON | varchar(10) | YES  |     | NULL    |       |
+-----------+-------------+------+-----+---------+-------+
5 rows in set (0.00 sec)

mysql> drop index ind2 from dept;
ERROR 1064 (42000): You have an error in your SQL syntax; check the manual that corresponds to your MySQL server version for the right syntax to use near 'from dept' at line 1
mysql> drop index ind2 on dept;
Query OK, 0 rows affected (0.02 sec)
Records: 0  Duplicates: 0  Warnings: 0

mysql> desc dept;
+-----------+-------------+------+-----+---------+-------+
| Field     | Type        | Null | Key | Default | Extra |
+-----------+-------------+------+-----+---------+-------+
| DEPTNO    | int         | NO   | PRI | NULL    |       |
| DNAME     | varchar(12) | YES  |     | NULL    |       |
| LOC       | varchar(10) | YES  |     | NULL    |       |
| PWD       | varchar(20) | YES  |     | NULL    |       |
| STARTEDON | varchar(10) | YES  |     | NULL    |       |
+-----------+-------------+------+-----+---------+-------+
5 rows in set (0.00 sec)

mysql>