Microsoft Windows [Version 10.0.22631.4317]
(c) Microsoft Corporation. All rights reserved.

C:\Users\SALEEL>  mysql --user=root --password=root z1
mysql: [Warning] Using a password on the command line interface can be insecure.
Welcome to the MySQL monitor.  Commands end with ; or \g.
Your MySQL connection id is 21
Server version: 8.1.0 MySQL Community Server - GPL

Copyright (c) 2000, 2023, Oracle and/or its affiliates.

Oracle is a registered trademark of Oracle Corporation and/or its
affiliates. Other names may be trademarks of their respective
owners.

Type 'help;' or '\h' for help. Type '\c' to clear the current input statement.

mysql> select job from emp;
+---------------------+
| job                 |
+---------------------+
| Compliance officers |
| Compliance officers |
| Public Relation     |
| Public Relation     |
| CLERK               |
| CLERK               |
| CLERK               |
| SALESMAN            |
| SALESMAN            |
| MANAGER             |
| SALESMAN            |
| MANAGER             |
| MANAGER             |
| ANALYST             |
| PRESIDENT           |
| vice PRESIDENT      |
| SALESMAN            |
| CLERK               |
| CLERK               |
| ANALYST             |
| MANAGER             |
| SALESMAN            |
| CLERK               |
| SALESMAN            |
| MANAGER             |
| CLERK               |
| Compliance officers |
| ANALYST             |
+---------------------+
28 rows in set (0.01 sec)

mysql> select distinct job from emp;
+---------------------+
| job                 |
+---------------------+
| Compliance officers |
| Public Relation     |
| CLERK               |
| SALESMAN            |
| MANAGER             |
| ANALYST             |
| PRESIDENT           |
| vice PRESIDENT      |
+---------------------+
8 rows in set (0.01 sec)

mysql> select * from emp;
+-------+----------+--------+---------------------+------+------------+------+------+--------+---------+--------------+------------+------------+----------+
| EMPNO | ENAME    | GENDER | JOB                 | MGR  | HIREDATE   | SAL  | COMM | DEPTNO | BONUSID | USER NAME    | PWD        | PHONE      | isActive |
+-------+----------+--------+---------------------+------+------------+------+------+--------+---------+--------------+------------+------------+----------+
|  6001 | GITA     | F      | Compliance officers | 7920 | 1981-07-19 | 1750 | NULL |     30 |       1 | GITA         | sales@2017 | NULL       |        1 |
|  6129 | VRUSHALI | F      | Compliance officers | 7920 | 1981-07-19 | 1750 | NULL |     50 |       1 | VRUSHALI     | PUN@8877   | NULL       |        1 |
|  6473 | SHARMIN  | F      | Public Relation     | 7920 | 1981-07-19 | 1750 | NULL |     20 |       1 | SHARMIN      | a12recmpm  | NULL       |        1 |
|  6781 | BANDISH  | F      | Public Relation     | 7920 | 1981-07-19 | 1750 | NULL |     20 |       1 | BANDISH      | a12recmpm  | NULL       |        1 |
|  7369 | SMITH    | M      | CLERK               | 7902 | 1980-12-17 |  800 | NULL |     20 |       2 | TRITONE      | a12recmpm  | 7032300023 |        0 |
|  7415 | AARAV    | M      | CLERK               | 7902 | 1981-12-31 | 3350 | NULL |     10 |    NULL | AARAV        | NULL       | 7032300084 |        0 |
|  7421 | THOMAS   | M      | CLERK               | 7920 | 1981-07-19 | 1750 | NULL |     10 |       1 | THOMAS       | r50mpm     | 7032300011 |        0 |
|  7499 | ALLEN    | M      | SALESMAN            | 7698 | 1981-02-20 | 1600 |  300 |     30 |       4 | ALWAYS TESTE | sales@2017 | 7032300096 |        1 |
|  7521 | WARD     | M      | SALESMAN            | 7698 | 1981-02-22 | 1250 |  500 |     30 |       1 | WARD         | sales@2017 | 7132300034 |        1 |
|  7566 | JONES    | M      | MANAGER             | 7839 | 1981-04-02 | 2975 | NULL |     20 |       4 | HONEYCOMB    | a12recmpm  | 7132300039 |        1 |
|  7654 | MARTIN   | M      | SALESMAN            | 7698 | 1981-09-28 | 1250 | 1400 |     30 |       6 | LIFE RACER   | sales@2017 | 7132300050 |        1 |
|  7698 | BLAKE    | M      | MANAGER             | 7839 | 1981-05-01 | 2850 | NULL |     30 |       1 | BIG BEN      | sales@2017 | 7132300027 |        1 |
|  7782 | CLARK    | M      | MANAGER             | 7839 | 1981-06-09 | 2450 | NULL |     10 |       3 | CLARK        | r50mpm     | 7032300001 |        1 |
|  7788 | SCOTT    | M      | ANALYST             | 7566 | 1982-12-09 | 3000 | NULL |     20 |       3 | WHITE SAND   | a12recmpm  | NULL       |        1 |
|  7839 | KING     | M      | PRESIDENT           | NULL | 1981-11-17 | 5000 | NULL |     10 |       1 | KING         | r50mpm     | 7132300081 |        1 |
|  7840 | FRED     | M      | vice PRESIDENT      | 7839 | 1983-08-09 | 5000 | NULL |     20 |       1 | SAND STONE   | a12recmpm  | NULL       |        1 |
|  7844 | TURNER   | M      | SALESMAN            | 7698 | 1981-09-08 | 1500 |    0 |     30 |       5 | SAND DUST    | sales@2017 | NULL       |        1 |
|  7876 | ADAMS    | M      | CLERK               | 7788 | 1983-01-12 | 1100 | NULL |     20 |       1 | CRAZY ANYONE | a12recmpm  | 7132300086 |        1 |
|  7900 | JAMES    | M      | CLERK               | 7698 | 1981-12-03 |  950 | NULL |     30 |       2 | CRAZY LEADER | sales@2017 | 7132300042 |        1 |
|  7902 | FORD     | M      | ANALYST             | 7566 | 1981-12-03 | 3000 | NULL |     20 |       4 | CONBRIO      | a12recmpm  | NULL       |        0 |
|  7919 | HOFFMAN  | M      | MANAGER             | 7566 | 1982-03-24 | 4150 | NULL |     30 |       3 | INTERVAL     | sales@2017 | NULL       |        1 |
|  7920 | GRASS    | M      | SALESMAN            | 7919 | 1980-02-14 | 2575 | 2700 |     30 |       5 | GRASS        | sales@2017 | NULL       |        1 |
|  7934 | MILLER   | M      | CLERK               | 7782 | 1982-01-23 | 1300 | NULL |     10 |       2 | QUARTERNOTE  | r50mpm     | 7132300055 |        0 |
|  7945 | AARUSH   | M      | SALESMAN            | 7902 | 1980-02-14 | 1350 | 2700 |     30 |    NULL | AARUSH       | ABCDEF     | NULL       |        0 |
|  7949 | ALEX     | M      | MANAGER             | 7698 | 1982-01-24 | 1250 |  500 |     30 |       5 | QUARTERREST  | sales@2017 | 7156567183 |        1 |
|  8433 | NATASHA  | F      | CLERK               | 7920 | 1981-07-19 | 1750 | NULL |     30 |       1 | NATASHA      | sales@2017 | NULL       |        1 |
|  9400 | SANGITA  | F      | Compliance officers | 7920 | 1981-07-19 | 1750 | NULL |     50 |       1 | SANGITA      | NULL       | NULL       |        1 |
|  9473 | SUPRIYA  | F      | ANALYST             | 7920 | 1981-07-19 | 1750 | NULL |     50 |       1 | SUPRIYA      | XYZ@1234   | NULL       |        1 |
+-------+----------+--------+---------------------+------+------------+------+------+--------+---------+--------------+------------+------------+----------+
28 rows in set (0.01 sec)

mysql> select ename, job, sal from emp;
+----------+---------------------+------+
| ename    | job                 | sal  |
+----------+---------------------+------+
| GITA     | Compliance officers | 1750 |
| VRUSHALI | Compliance officers | 1750 |
| SHARMIN  | Public Relation     | 1750 |
| BANDISH  | Public Relation     | 1750 |
| SMITH    | CLERK               |  800 |
| AARAV    | CLERK               | 3350 |
| THOMAS   | CLERK               | 1750 |
| ALLEN    | SALESMAN            | 1600 |
| WARD     | SALESMAN            | 1250 |
| JONES    | MANAGER             | 2975 |
| MARTIN   | SALESMAN            | 1250 |
| BLAKE    | MANAGER             | 2850 |
| CLARK    | MANAGER             | 2450 |
| SCOTT    | ANALYST             | 3000 |
| KING     | PRESIDENT           | 5000 |
| FRED     | vice PRESIDENT      | 5000 |
| TURNER   | SALESMAN            | 1500 |
| ADAMS    | CLERK               | 1100 |
| JAMES    | CLERK               |  950 |
| FORD     | ANALYST             | 3000 |
| HOFFMAN  | MANAGER             | 4150 |
| GRASS    | SALESMAN            | 2575 |
| MILLER   | CLERK               | 1300 |
| AARUSH   | SALESMAN            | 1350 |
| ALEX     | MANAGER             | 1250 |
| NATASHA  | CLERK               | 1750 |
| SANGITA  | Compliance officers | 1750 |
| SUPRIYA  | ANALYST             | 1750 |
+----------+---------------------+------+
28 rows in set (0.00 sec)

mysql> select ename, job, sal from emp limit 3;
+----------+---------------------+------+
| ename    | job                 | sal  |
+----------+---------------------+------+
| GITA     | Compliance officers | 1750 |
| VRUSHALI | Compliance officers | 1750 |
| SHARMIN  | Public Relation     | 1750 |
+----------+---------------------+------+
3 rows in set (0.00 sec)

mysql> select ename, job, sal from emp limit -3;
ERROR 1064 (42000): You have an error in your SQL syntax; check the manual that corresponds to your MySQL server version for the right syntax to use near '-3' at line 1
mysql> select ename, job, sal from emp limit 0;
Empty set (0.00 sec)

mysql> select ename, job, sal from emp limit 1;
+-------+---------------------+------+
| ename | job                 | sal  |
+-------+---------------------+------+
| GITA  | Compliance officers | 1750 |
+-------+---------------------+------+
1 row in set (0.00 sec)

mysql> select ename, job, sal from emp;
+----------+---------------------+------+
| ename    | job                 | sal  |
+----------+---------------------+------+
| GITA     | Compliance officers | 1750 |
| VRUSHALI | Compliance officers | 1750 |
| SHARMIN  | Public Relation     | 1750 |
| BANDISH  | Public Relation     | 1750 |
| SMITH    | CLERK               |  800 |
| AARAV    | CLERK               | 3350 |
| THOMAS   | CLERK               | 1750 |
| ALLEN    | SALESMAN            | 1600 |
| WARD     | SALESMAN            | 1250 |
| JONES    | MANAGER             | 2975 |
| MARTIN   | SALESMAN            | 1250 |
| BLAKE    | MANAGER             | 2850 |
| CLARK    | MANAGER             | 2450 |
| SCOTT    | ANALYST             | 3000 |
| KING     | PRESIDENT           | 5000 |
| FRED     | vice PRESIDENT      | 5000 |
| TURNER   | SALESMAN            | 1500 |
| ADAMS    | CLERK               | 1100 |
| JAMES    | CLERK               |  950 |
| FORD     | ANALYST             | 3000 |
| HOFFMAN  | MANAGER             | 4150 |
| GRASS    | SALESMAN            | 2575 |
| MILLER   | CLERK               | 1300 |
| AARUSH   | SALESMAN            | 1350 |
| ALEX     | MANAGER             | 1250 |
| NATASHA  | CLERK               | 1750 |
| SANGITA  | Compliance officers | 1750 |
| SUPRIYA  | ANALYST             | 1750 |
+----------+---------------------+------+
28 rows in set (0.00 sec)

mysql> select ename, job, sal from emp limit 3, 3;
+---------+-----------------+------+
| ename   | job             | sal  |
+---------+-----------------+------+
| BANDISH | Public Relation | 1750 |
| SMITH   | CLERK           |  800 |
| AARAV   | CLERK           | 3350 |
+---------+-----------------+------+
3 rows in set (0.00 sec)

mysql> set @x = 4;
Query OK, 0 rows affected (0.01 sec)

mysql> select ename, job, sal from emp limit @x;
ERROR 1064 (42000): You have an error in your SQL syntax; check the manual that corresponds to your MySQL server version for the right syntax to use near '@x' at line 1
mysql> select ename, job, sal from emp limit 2+2;
ERROR 1064 (42000): You have an error in your SQL syntax; check the manual that corresponds to your MySQL server version for the right syntax to use near '+2' at line 1
mysql> select ename, job, sal from emp limit (2+2);
ERROR 1064 (42000): You have an error in your SQL syntax; check the manual that corresponds to your MySQL server version for the right syntax to use near '(2+2)' at line 1
mysql> select ename, job, sal from emp limit 3;
+----------+---------------------+------+
| ename    | job                 | sal  |
+----------+---------------------+------+
| GITA     | Compliance officers | 1750 |
| VRUSHALI | Compliance officers | 1750 |
| SHARMIN  | Public Relation     | 1750 |
+----------+---------------------+------+
3 rows in set (0.00 sec)

mysql> select ename, job, sal from emp limit 3, 3;
+---------+-----------------+------+
| ename   | job             | sal  |
+---------+-----------------+------+
| BANDISH | Public Relation | 1750 |
| SMITH   | CLERK           |  800 |
| AARAV   | CLERK           | 3350 |
+---------+-----------------+------+
3 rows in set (0.00 sec)

mysql> select ename, job, sal from emp limit 27,1
    -> ;
+---------+---------+------+
| ename   | job     | sal  |
+---------+---------+------+
| SUPRIYA | ANALYST | 1750 |
+---------+---------+------+
1 row in set (0.00 sec)

mysql> select ename, job, sal from emp limit 26,1
    -> ^C
mysql> select ename, job, sal from emp limit 26,2;
+---------+---------------------+------+
| ename   | job                 | sal  |
+---------+---------------------+------+
| SANGITA | Compliance officers | 1750 |
| SUPRIYA | ANALYST             | 1750 |
+---------+---------------------+------+
2 rows in set (0.00 sec)

mysql> select ename, job, sal from emp;
+----------+---------------------+------+
| ename    | job                 | sal  |
+----------+---------------------+------+
| GITA     | Compliance officers | 1750 |
| VRUSHALI | Compliance officers | 1750 |
| SHARMIN  | Public Relation     | 1750 |
| BANDISH  | Public Relation     | 1750 |
| SMITH    | CLERK               |  800 |
| AARAV    | CLERK               | 3350 |
| THOMAS   | CLERK               | 1750 |
| ALLEN    | SALESMAN            | 1600 |
| WARD     | SALESMAN            | 1250 |
| JONES    | MANAGER             | 2975 |
| MARTIN   | SALESMAN            | 1250 |
| BLAKE    | MANAGER             | 2850 |
| CLARK    | MANAGER             | 2450 |
| SCOTT    | ANALYST             | 3000 |
| KING     | PRESIDENT           | 5000 |
| FRED     | vice PRESIDENT      | 5000 |
| TURNER   | SALESMAN            | 1500 |
| ADAMS    | CLERK               | 1100 |
| JAMES    | CLERK               |  950 |
| FORD     | ANALYST             | 3000 |
| HOFFMAN  | MANAGER             | 4150 |
| GRASS    | SALESMAN            | 2575 |
| MILLER   | CLERK               | 1300 |
| AARUSH   | SALESMAN            | 1350 |
| ALEX     | MANAGER             | 1250 |
| NATASHA  | CLERK               | 1750 |
| SANGITA  | Compliance officers | 1750 |
| SUPRIYA  | ANALYST             | 1750 |
+----------+---------------------+------+
28 rows in set (0.00 sec)

mysql> select ename, job, sal from emp order by ename;
+----------+---------------------+------+
| ename    | job                 | sal  |
+----------+---------------------+------+
| AARAV    | CLERK               | 3350 |
| AARUSH   | SALESMAN            | 1350 |
| ADAMS    | CLERK               | 1100 |
| ALEX     | MANAGER             | 1250 |
| ALLEN    | SALESMAN            | 1600 |
| BANDISH  | Public Relation     | 1750 |
| BLAKE    | MANAGER             | 2850 |
| CLARK    | MANAGER             | 2450 |
| FORD     | ANALYST             | 3000 |
| FRED     | vice PRESIDENT      | 5000 |
| GITA     | Compliance officers | 1750 |
| GRASS    | SALESMAN            | 2575 |
| HOFFMAN  | MANAGER             | 4150 |
| JAMES    | CLERK               |  950 |
| JONES    | MANAGER             | 2975 |
| KING     | PRESIDENT           | 5000 |
| MARTIN   | SALESMAN            | 1250 |
| MILLER   | CLERK               | 1300 |
| NATASHA  | CLERK               | 1750 |
| SANGITA  | Compliance officers | 1750 |
| SCOTT    | ANALYST             | 3000 |
| SHARMIN  | Public Relation     | 1750 |
| SMITH    | CLERK               |  800 |
| SUPRIYA  | ANALYST             | 1750 |
| THOMAS   | CLERK               | 1750 |
| TURNER   | SALESMAN            | 1500 |
| VRUSHALI | Compliance officers | 1750 |
| WARD     | SALESMAN            | 1250 |
+----------+---------------------+------+
28 rows in set (0.01 sec)

mysql> select ename, hiredate, job, sal from emp order by ename;
+----------+------------+---------------------+------+
| ename    | hiredate   | job                 | sal  |
+----------+------------+---------------------+------+
| AARAV    | 1981-12-31 | CLERK               | 3350 |
| AARUSH   | 1980-02-14 | SALESMAN            | 1350 |
| ADAMS    | 1983-01-12 | CLERK               | 1100 |
| ALEX     | 1982-01-24 | MANAGER             | 1250 |
| ALLEN    | 1981-02-20 | SALESMAN            | 1600 |
| BANDISH  | 1981-07-19 | Public Relation     | 1750 |
| BLAKE    | 1981-05-01 | MANAGER             | 2850 |
| CLARK    | 1981-06-09 | MANAGER             | 2450 |
| FORD     | 1981-12-03 | ANALYST             | 3000 |
| FRED     | 1983-08-09 | vice PRESIDENT      | 5000 |
| GITA     | 1981-07-19 | Compliance officers | 1750 |
| GRASS    | 1980-02-14 | SALESMAN            | 2575 |
| HOFFMAN  | 1982-03-24 | MANAGER             | 4150 |
| JAMES    | 1981-12-03 | CLERK               |  950 |
| JONES    | 1981-04-02 | MANAGER             | 2975 |
| KING     | 1981-11-17 | PRESIDENT           | 5000 |
| MARTIN   | 1981-09-28 | SALESMAN            | 1250 |
| MILLER   | 1982-01-23 | CLERK               | 1300 |
| NATASHA  | 1981-07-19 | CLERK               | 1750 |
| SANGITA  | 1981-07-19 | Compliance officers | 1750 |
| SCOTT    | 1982-12-09 | ANALYST             | 3000 |
| SHARMIN  | 1981-07-19 | Public Relation     | 1750 |
| SMITH    | 1980-12-17 | CLERK               |  800 |
| SUPRIYA  | 1981-07-19 | ANALYST             | 1750 |
| THOMAS   | 1981-07-19 | CLERK               | 1750 |
| TURNER   | 1981-09-08 | SALESMAN            | 1500 |
| VRUSHALI | 1981-07-19 | Compliance officers | 1750 |
| WARD     | 1981-02-22 | SALESMAN            | 1250 |
+----------+------------+---------------------+------+
28 rows in set (0.01 sec)

mysql> select ename, hiredate, job, sal from emp order by hiredate;
+----------+------------+---------------------+------+
| ename    | hiredate   | job                 | sal  |
+----------+------------+---------------------+------+
| GRASS    | 1980-02-14 | SALESMAN            | 2575 |
| AARUSH   | 1980-02-14 | SALESMAN            | 1350 |
| SMITH    | 1980-12-17 | CLERK               |  800 |
| ALLEN    | 1981-02-20 | SALESMAN            | 1600 |
| WARD     | 1981-02-22 | SALESMAN            | 1250 |
| JONES    | 1981-04-02 | MANAGER             | 2975 |
| BLAKE    | 1981-05-01 | MANAGER             | 2850 |
| CLARK    | 1981-06-09 | MANAGER             | 2450 |
| GITA     | 1981-07-19 | Compliance officers | 1750 |
| VRUSHALI | 1981-07-19 | Compliance officers | 1750 |
| SHARMIN  | 1981-07-19 | Public Relation     | 1750 |
| BANDISH  | 1981-07-19 | Public Relation     | 1750 |
| THOMAS   | 1981-07-19 | CLERK               | 1750 |
| NATASHA  | 1981-07-19 | CLERK               | 1750 |
| SANGITA  | 1981-07-19 | Compliance officers | 1750 |
| SUPRIYA  | 1981-07-19 | ANALYST             | 1750 |
| TURNER   | 1981-09-08 | SALESMAN            | 1500 |
| MARTIN   | 1981-09-28 | SALESMAN            | 1250 |
| KING     | 1981-11-17 | PRESIDENT           | 5000 |
| JAMES    | 1981-12-03 | CLERK               |  950 |
| FORD     | 1981-12-03 | ANALYST             | 3000 |
| AARAV    | 1981-12-31 | CLERK               | 3350 |
| MILLER   | 1982-01-23 | CLERK               | 1300 |
| ALEX     | 1982-01-24 | MANAGER             | 1250 |
| HOFFMAN  | 1982-03-24 | MANAGER             | 4150 |
| SCOTT    | 1982-12-09 | ANALYST             | 3000 |
| ADAMS    | 1983-01-12 | CLERK               | 1100 |
| FRED     | 1983-08-09 | vice PRESIDENT      | 5000 |
+----------+------------+---------------------+------+
28 rows in set (0.00 sec)

mysql> select ename, hiredate, job, sal from emp order by hiredate desc;
+----------+------------+---------------------+------+
| ename    | hiredate   | job                 | sal  |
+----------+------------+---------------------+------+
| FRED     | 1983-08-09 | vice PRESIDENT      | 5000 |
| ADAMS    | 1983-01-12 | CLERK               | 1100 |
| SCOTT    | 1982-12-09 | ANALYST             | 3000 |
| HOFFMAN  | 1982-03-24 | MANAGER             | 4150 |
| ALEX     | 1982-01-24 | MANAGER             | 1250 |
| MILLER   | 1982-01-23 | CLERK               | 1300 |
| AARAV    | 1981-12-31 | CLERK               | 3350 |
| JAMES    | 1981-12-03 | CLERK               |  950 |
| FORD     | 1981-12-03 | ANALYST             | 3000 |
| KING     | 1981-11-17 | PRESIDENT           | 5000 |
| MARTIN   | 1981-09-28 | SALESMAN            | 1250 |
| TURNER   | 1981-09-08 | SALESMAN            | 1500 |
| GITA     | 1981-07-19 | Compliance officers | 1750 |
| VRUSHALI | 1981-07-19 | Compliance officers | 1750 |
| SHARMIN  | 1981-07-19 | Public Relation     | 1750 |
| BANDISH  | 1981-07-19 | Public Relation     | 1750 |
| THOMAS   | 1981-07-19 | CLERK               | 1750 |
| NATASHA  | 1981-07-19 | CLERK               | 1750 |
| SANGITA  | 1981-07-19 | Compliance officers | 1750 |
| SUPRIYA  | 1981-07-19 | ANALYST             | 1750 |
| CLARK    | 1981-06-09 | MANAGER             | 2450 |
| BLAKE    | 1981-05-01 | MANAGER             | 2850 |
| JONES    | 1981-04-02 | MANAGER             | 2975 |
| WARD     | 1981-02-22 | SALESMAN            | 1250 |
| ALLEN    | 1981-02-20 | SALESMAN            | 1600 |
| SMITH    | 1980-12-17 | CLERK               |  800 |
| GRASS    | 1980-02-14 | SALESMAN            | 2575 |
| AARUSH   | 1980-02-14 | SALESMAN            | 1350 |
+----------+------------+---------------------+------+
28 rows in set (0.00 sec)

mysql> select ename, hiredate, job, sal from emp order by ename desc;
+----------+------------+---------------------+------+
| ename    | hiredate   | job                 | sal  |
+----------+------------+---------------------+------+
| WARD     | 1981-02-22 | SALESMAN            | 1250 |
| VRUSHALI | 1981-07-19 | Compliance officers | 1750 |
| TURNER   | 1981-09-08 | SALESMAN            | 1500 |
| THOMAS   | 1981-07-19 | CLERK               | 1750 |
| SUPRIYA  | 1981-07-19 | ANALYST             | 1750 |
| SMITH    | 1980-12-17 | CLERK               |  800 |
| SHARMIN  | 1981-07-19 | Public Relation     | 1750 |
| SCOTT    | 1982-12-09 | ANALYST             | 3000 |
| SANGITA  | 1981-07-19 | Compliance officers | 1750 |
| NATASHA  | 1981-07-19 | CLERK               | 1750 |
| MILLER   | 1982-01-23 | CLERK               | 1300 |
| MARTIN   | 1981-09-28 | SALESMAN            | 1250 |
| KING     | 1981-11-17 | PRESIDENT           | 5000 |
| JONES    | 1981-04-02 | MANAGER             | 2975 |
| JAMES    | 1981-12-03 | CLERK               |  950 |
| HOFFMAN  | 1982-03-24 | MANAGER             | 4150 |
| GRASS    | 1980-02-14 | SALESMAN            | 2575 |
| GITA     | 1981-07-19 | Compliance officers | 1750 |
| FRED     | 1983-08-09 | vice PRESIDENT      | 5000 |
| FORD     | 1981-12-03 | ANALYST             | 3000 |
| CLARK    | 1981-06-09 | MANAGER             | 2450 |
| BLAKE    | 1981-05-01 | MANAGER             | 2850 |
| BANDISH  | 1981-07-19 | Public Relation     | 1750 |
| ALLEN    | 1981-02-20 | SALESMAN            | 1600 |
| ALEX     | 1982-01-24 | MANAGER             | 1250 |
| ADAMS    | 1983-01-12 | CLERK               | 1100 |
| AARUSH   | 1980-02-14 | SALESMAN            | 1350 |
| AARAV    | 1981-12-31 | CLERK               | 3350 |
+----------+------------+---------------------+------+
28 rows in set (0.00 sec)

mysql> select ename, hiredate, job, sal from emp order by job;
+----------+------------+---------------------+------+
| ename    | hiredate   | job                 | sal  |
+----------+------------+---------------------+------+
| SCOTT    | 1982-12-09 | ANALYST             | 3000 |
| FORD     | 1981-12-03 | ANALYST             | 3000 |
| SUPRIYA  | 1981-07-19 | ANALYST             | 1750 |
| SMITH    | 1980-12-17 | CLERK               |  800 |
| AARAV    | 1981-12-31 | CLERK               | 3350 |
| THOMAS   | 1981-07-19 | CLERK               | 1750 |
| ADAMS    | 1983-01-12 | CLERK               | 1100 |
| JAMES    | 1981-12-03 | CLERK               |  950 |
| MILLER   | 1982-01-23 | CLERK               | 1300 |
| NATASHA  | 1981-07-19 | CLERK               | 1750 |
| GITA     | 1981-07-19 | Compliance officers | 1750 |
| VRUSHALI | 1981-07-19 | Compliance officers | 1750 |
| SANGITA  | 1981-07-19 | Compliance officers | 1750 |
| JONES    | 1981-04-02 | MANAGER             | 2975 |
| BLAKE    | 1981-05-01 | MANAGER             | 2850 |
| CLARK    | 1981-06-09 | MANAGER             | 2450 |
| HOFFMAN  | 1982-03-24 | MANAGER             | 4150 |
| ALEX     | 1982-01-24 | MANAGER             | 1250 |
| KING     | 1981-11-17 | PRESIDENT           | 5000 |
| SHARMIN  | 1981-07-19 | Public Relation     | 1750 |
| BANDISH  | 1981-07-19 | Public Relation     | 1750 |
| ALLEN    | 1981-02-20 | SALESMAN            | 1600 |
| WARD     | 1981-02-22 | SALESMAN            | 1250 |
| MARTIN   | 1981-09-28 | SALESMAN            | 1250 |
| TURNER   | 1981-09-08 | SALESMAN            | 1500 |
| GRASS    | 1980-02-14 | SALESMAN            | 2575 |
| AARUSH   | 1980-02-14 | SALESMAN            | 1350 |
| FRED     | 1983-08-09 | vice PRESIDENT      | 5000 |
+----------+------------+---------------------+------+
28 rows in set (0.00 sec)

mysql> select ename, hiredate, job, sal from emp order by job, ename;
+----------+------------+---------------------+------+
| ename    | hiredate   | job                 | sal  |
+----------+------------+---------------------+------+
| FORD     | 1981-12-03 | ANALYST             | 3000 |
| SCOTT    | 1982-12-09 | ANALYST             | 3000 |
| SUPRIYA  | 1981-07-19 | ANALYST             | 1750 |
| AARAV    | 1981-12-31 | CLERK               | 3350 |
| ADAMS    | 1983-01-12 | CLERK               | 1100 |
| JAMES    | 1981-12-03 | CLERK               |  950 |
| MILLER   | 1982-01-23 | CLERK               | 1300 |
| NATASHA  | 1981-07-19 | CLERK               | 1750 |
| SMITH    | 1980-12-17 | CLERK               |  800 |
| THOMAS   | 1981-07-19 | CLERK               | 1750 |
| GITA     | 1981-07-19 | Compliance officers | 1750 |
| SANGITA  | 1981-07-19 | Compliance officers | 1750 |
| VRUSHALI | 1981-07-19 | Compliance officers | 1750 |
| ALEX     | 1982-01-24 | MANAGER             | 1250 |
| BLAKE    | 1981-05-01 | MANAGER             | 2850 |
| CLARK    | 1981-06-09 | MANAGER             | 2450 |
| HOFFMAN  | 1982-03-24 | MANAGER             | 4150 |
| JONES    | 1981-04-02 | MANAGER             | 2975 |
| KING     | 1981-11-17 | PRESIDENT           | 5000 |
| BANDISH  | 1981-07-19 | Public Relation     | 1750 |
| SHARMIN  | 1981-07-19 | Public Relation     | 1750 |
| AARUSH   | 1980-02-14 | SALESMAN            | 1350 |
| ALLEN    | 1981-02-20 | SALESMAN            | 1600 |
| GRASS    | 1980-02-14 | SALESMAN            | 2575 |
| MARTIN   | 1981-09-28 | SALESMAN            | 1250 |
| TURNER   | 1981-09-08 | SALESMAN            | 1500 |
| WARD     | 1981-02-22 | SALESMAN            | 1250 |
| FRED     | 1983-08-09 | vice PRESIDENT      | 5000 |
+----------+------------+---------------------+------+
28 rows in set (0.00 sec)

mysql> select ename, hiredate, job, sal from emp order by job, ename desc;
+----------+------------+---------------------+------+
| ename    | hiredate   | job                 | sal  |
+----------+------------+---------------------+------+
| SUPRIYA  | 1981-07-19 | ANALYST             | 1750 |
| SCOTT    | 1982-12-09 | ANALYST             | 3000 |
| FORD     | 1981-12-03 | ANALYST             | 3000 |
| THOMAS   | 1981-07-19 | CLERK               | 1750 |
| SMITH    | 1980-12-17 | CLERK               |  800 |
| NATASHA  | 1981-07-19 | CLERK               | 1750 |
| MILLER   | 1982-01-23 | CLERK               | 1300 |
| JAMES    | 1981-12-03 | CLERK               |  950 |
| ADAMS    | 1983-01-12 | CLERK               | 1100 |
| AARAV    | 1981-12-31 | CLERK               | 3350 |
| VRUSHALI | 1981-07-19 | Compliance officers | 1750 |
| SANGITA  | 1981-07-19 | Compliance officers | 1750 |
| GITA     | 1981-07-19 | Compliance officers | 1750 |
| JONES    | 1981-04-02 | MANAGER             | 2975 |
| HOFFMAN  | 1982-03-24 | MANAGER             | 4150 |
| CLARK    | 1981-06-09 | MANAGER             | 2450 |
| BLAKE    | 1981-05-01 | MANAGER             | 2850 |
| ALEX     | 1982-01-24 | MANAGER             | 1250 |
| KING     | 1981-11-17 | PRESIDENT           | 5000 |
| SHARMIN  | 1981-07-19 | Public Relation     | 1750 |
| BANDISH  | 1981-07-19 | Public Relation     | 1750 |
| WARD     | 1981-02-22 | SALESMAN            | 1250 |
| TURNER   | 1981-09-08 | SALESMAN            | 1500 |
| MARTIN   | 1981-09-28 | SALESMAN            | 1250 |
| GRASS    | 1980-02-14 | SALESMAN            | 2575 |
| ALLEN    | 1981-02-20 | SALESMAN            | 1600 |
| AARUSH   | 1980-02-14 | SALESMAN            | 1350 |
| FRED     | 1983-08-09 | vice PRESIDENT      | 5000 |
+----------+------------+---------------------+------+
28 rows in set (0.00 sec)

mysql> select ename, hiredate, job, sal from emp order by job, ename desc, sal;
+----------+------------+---------------------+------+
| ename    | hiredate   | job                 | sal  |
+----------+------------+---------------------+------+
| SUPRIYA  | 1981-07-19 | ANALYST             | 1750 |
| SCOTT    | 1982-12-09 | ANALYST             | 3000 |
| FORD     | 1981-12-03 | ANALYST             | 3000 |
| THOMAS   | 1981-07-19 | CLERK               | 1750 |
| SMITH    | 1980-12-17 | CLERK               |  800 |
| NATASHA  | 1981-07-19 | CLERK               | 1750 |
| MILLER   | 1982-01-23 | CLERK               | 1300 |
| JAMES    | 1981-12-03 | CLERK               |  950 |
| ADAMS    | 1983-01-12 | CLERK               | 1100 |
| AARAV    | 1981-12-31 | CLERK               | 3350 |
| VRUSHALI | 1981-07-19 | Compliance officers | 1750 |
| SANGITA  | 1981-07-19 | Compliance officers | 1750 |
| GITA     | 1981-07-19 | Compliance officers | 1750 |
| JONES    | 1981-04-02 | MANAGER             | 2975 |
| HOFFMAN  | 1982-03-24 | MANAGER             | 4150 |
| CLARK    | 1981-06-09 | MANAGER             | 2450 |
| BLAKE    | 1981-05-01 | MANAGER             | 2850 |
| ALEX     | 1982-01-24 | MANAGER             | 1250 |
| KING     | 1981-11-17 | PRESIDENT           | 5000 |
| SHARMIN  | 1981-07-19 | Public Relation     | 1750 |
| BANDISH  | 1981-07-19 | Public Relation     | 1750 |
| WARD     | 1981-02-22 | SALESMAN            | 1250 |
| TURNER   | 1981-09-08 | SALESMAN            | 1500 |
| MARTIN   | 1981-09-28 | SALESMAN            | 1250 |
| GRASS    | 1980-02-14 | SALESMAN            | 2575 |
| ALLEN    | 1981-02-20 | SALESMAN            | 1600 |
| AARUSH   | 1980-02-14 | SALESMAN            | 1350 |
| FRED     | 1983-08-09 | vice PRESIDENT      | 5000 |
+----------+------------+---------------------+------+
28 rows in set (0.00 sec)

mysql> select ename, hiredate, job, sal from emp order by job, sal, ename desc;
+----------+------------+---------------------+------+
| ename    | hiredate   | job                 | sal  |
+----------+------------+---------------------+------+
| SUPRIYA  | 1981-07-19 | ANALYST             | 1750 |
| SCOTT    | 1982-12-09 | ANALYST             | 3000 |
| FORD     | 1981-12-03 | ANALYST             | 3000 |
| SMITH    | 1980-12-17 | CLERK               |  800 |
| JAMES    | 1981-12-03 | CLERK               |  950 |
| ADAMS    | 1983-01-12 | CLERK               | 1100 |
| MILLER   | 1982-01-23 | CLERK               | 1300 |
| THOMAS   | 1981-07-19 | CLERK               | 1750 |
| NATASHA  | 1981-07-19 | CLERK               | 1750 |
| AARAV    | 1981-12-31 | CLERK               | 3350 |
| VRUSHALI | 1981-07-19 | Compliance officers | 1750 |
| SANGITA  | 1981-07-19 | Compliance officers | 1750 |
| GITA     | 1981-07-19 | Compliance officers | 1750 |
| ALEX     | 1982-01-24 | MANAGER             | 1250 |
| CLARK    | 1981-06-09 | MANAGER             | 2450 |
| BLAKE    | 1981-05-01 | MANAGER             | 2850 |
| JONES    | 1981-04-02 | MANAGER             | 2975 |
| HOFFMAN  | 1982-03-24 | MANAGER             | 4150 |
| KING     | 1981-11-17 | PRESIDENT           | 5000 |
| SHARMIN  | 1981-07-19 | Public Relation     | 1750 |
| BANDISH  | 1981-07-19 | Public Relation     | 1750 |
| WARD     | 1981-02-22 | SALESMAN            | 1250 |
| MARTIN   | 1981-09-28 | SALESMAN            | 1250 |
| AARUSH   | 1980-02-14 | SALESMAN            | 1350 |
| TURNER   | 1981-09-08 | SALESMAN            | 1500 |
| ALLEN    | 1981-02-20 | SALESMAN            | 1600 |
| GRASS    | 1980-02-14 | SALESMAN            | 2575 |
| FRED     | 1983-08-09 | vice PRESIDENT      | 5000 |
+----------+------------+---------------------+------+
28 rows in set (0.00 sec)

mysql> select ename, hiredate, job, sal from emp order by job, sal, ename;
+----------+------------+---------------------+------+
| ename    | hiredate   | job                 | sal  |
+----------+------------+---------------------+------+
| SUPRIYA  | 1981-07-19 | ANALYST             | 1750 |
| FORD     | 1981-12-03 | ANALYST             | 3000 |
| SCOTT    | 1982-12-09 | ANALYST             | 3000 |
| SMITH    | 1980-12-17 | CLERK               |  800 |
| JAMES    | 1981-12-03 | CLERK               |  950 |
| ADAMS    | 1983-01-12 | CLERK               | 1100 |
| MILLER   | 1982-01-23 | CLERK               | 1300 |
| NATASHA  | 1981-07-19 | CLERK               | 1750 |
| THOMAS   | 1981-07-19 | CLERK               | 1750 |
| AARAV    | 1981-12-31 | CLERK               | 3350 |
| GITA     | 1981-07-19 | Compliance officers | 1750 |
| SANGITA  | 1981-07-19 | Compliance officers | 1750 |
| VRUSHALI | 1981-07-19 | Compliance officers | 1750 |
| ALEX     | 1982-01-24 | MANAGER             | 1250 |
| CLARK    | 1981-06-09 | MANAGER             | 2450 |
| BLAKE    | 1981-05-01 | MANAGER             | 2850 |
| JONES    | 1981-04-02 | MANAGER             | 2975 |
| HOFFMAN  | 1982-03-24 | MANAGER             | 4150 |
| KING     | 1981-11-17 | PRESIDENT           | 5000 |
| BANDISH  | 1981-07-19 | Public Relation     | 1750 |
| SHARMIN  | 1981-07-19 | Public Relation     | 1750 |
| MARTIN   | 1981-09-28 | SALESMAN            | 1250 |
| WARD     | 1981-02-22 | SALESMAN            | 1250 |
| AARUSH   | 1980-02-14 | SALESMAN            | 1350 |
| TURNER   | 1981-09-08 | SALESMAN            | 1500 |
| ALLEN    | 1981-02-20 | SALESMAN            | 1600 |
| GRASS    | 1980-02-14 | SALESMAN            | 2575 |
| FRED     | 1983-08-09 | vice PRESIDENT      | 5000 |
+----------+------------+---------------------+------+
28 rows in set (0.00 sec)

mysql> select ename, hiredate, job, sal from emp order by 2
    -> ;
+----------+------------+---------------------+------+
| ename    | hiredate   | job                 | sal  |
+----------+------------+---------------------+------+
| GRASS    | 1980-02-14 | SALESMAN            | 2575 |
| AARUSH   | 1980-02-14 | SALESMAN            | 1350 |
| SMITH    | 1980-12-17 | CLERK               |  800 |
| ALLEN    | 1981-02-20 | SALESMAN            | 1600 |
| WARD     | 1981-02-22 | SALESMAN            | 1250 |
| JONES    | 1981-04-02 | MANAGER             | 2975 |
| BLAKE    | 1981-05-01 | MANAGER             | 2850 |
| CLARK    | 1981-06-09 | MANAGER             | 2450 |
| GITA     | 1981-07-19 | Compliance officers | 1750 |
| VRUSHALI | 1981-07-19 | Compliance officers | 1750 |
| SHARMIN  | 1981-07-19 | Public Relation     | 1750 |
| BANDISH  | 1981-07-19 | Public Relation     | 1750 |
| THOMAS   | 1981-07-19 | CLERK               | 1750 |
| NATASHA  | 1981-07-19 | CLERK               | 1750 |
| SANGITA  | 1981-07-19 | Compliance officers | 1750 |
| SUPRIYA  | 1981-07-19 | ANALYST             | 1750 |
| TURNER   | 1981-09-08 | SALESMAN            | 1500 |
| MARTIN   | 1981-09-28 | SALESMAN            | 1250 |
| KING     | 1981-11-17 | PRESIDENT           | 5000 |
| JAMES    | 1981-12-03 | CLERK               |  950 |
| FORD     | 1981-12-03 | ANALYST             | 3000 |
| AARAV    | 1981-12-31 | CLERK               | 3350 |
| MILLER   | 1982-01-23 | CLERK               | 1300 |
| ALEX     | 1982-01-24 | MANAGER             | 1250 |
| HOFFMAN  | 1982-03-24 | MANAGER             | 4150 |
| SCOTT    | 1982-12-09 | ANALYST             | 3000 |
| ADAMS    | 1983-01-12 | CLERK               | 1100 |
| FRED     | 1983-08-09 | vice PRESIDENT      | 5000 |
+----------+------------+---------------------+------+
28 rows in set (0.00 sec)

mysql> select ename, hiredate, job, sal from emp order by 20;
ERROR 1054 (42S22): Unknown column '20' in 'order clause'
mysql> select ename, hiredate, job, sal from emp order by 4;
+----------+------------+---------------------+------+
| ename    | hiredate   | job                 | sal  |
+----------+------------+---------------------+------+
| SMITH    | 1980-12-17 | CLERK               |  800 |
| JAMES    | 1981-12-03 | CLERK               |  950 |
| ADAMS    | 1983-01-12 | CLERK               | 1100 |
| WARD     | 1981-02-22 | SALESMAN            | 1250 |
| MARTIN   | 1981-09-28 | SALESMAN            | 1250 |
| ALEX     | 1982-01-24 | MANAGER             | 1250 |
| MILLER   | 1982-01-23 | CLERK               | 1300 |
| AARUSH   | 1980-02-14 | SALESMAN            | 1350 |
| TURNER   | 1981-09-08 | SALESMAN            | 1500 |
| ALLEN    | 1981-02-20 | SALESMAN            | 1600 |
| GITA     | 1981-07-19 | Compliance officers | 1750 |
| VRUSHALI | 1981-07-19 | Compliance officers | 1750 |
| SHARMIN  | 1981-07-19 | Public Relation     | 1750 |
| BANDISH  | 1981-07-19 | Public Relation     | 1750 |
| THOMAS   | 1981-07-19 | CLERK               | 1750 |
| NATASHA  | 1981-07-19 | CLERK               | 1750 |
| SANGITA  | 1981-07-19 | Compliance officers | 1750 |
| SUPRIYA  | 1981-07-19 | ANALYST             | 1750 |
| CLARK    | 1981-06-09 | MANAGER             | 2450 |
| GRASS    | 1980-02-14 | SALESMAN            | 2575 |
| BLAKE    | 1981-05-01 | MANAGER             | 2850 |
| JONES    | 1981-04-02 | MANAGER             | 2975 |
| SCOTT    | 1982-12-09 | ANALYST             | 3000 |
| FORD     | 1981-12-03 | ANALYST             | 3000 |
| AARAV    | 1981-12-31 | CLERK               | 3350 |
| HOFFMAN  | 1982-03-24 | MANAGER             | 4150 |
| KING     | 1981-11-17 | PRESIDENT           | 5000 |
| FRED     | 1983-08-09 | vice PRESIDENT      | 5000 |
+----------+------------+---------------------+------+
28 rows in set (0.00 sec)

mysql> select rand() R1, ename, hiredate, job, sal from emp;
+---------------------+----------+------------+---------------------+------+
| R1                  | ename    | hiredate   | job                 | sal  |
+---------------------+----------+------------+---------------------+------+
|  0.5586595968889627 | GITA     | 1981-07-19 | Compliance officers | 1750 |
|  0.5961680101195053 | VRUSHALI | 1981-07-19 | Compliance officers | 1750 |
|  0.3048612906642829 | SHARMIN  | 1981-07-19 | Public Relation     | 1750 |
|  0.7358024536965437 | BANDISH  | 1981-07-19 | Public Relation     | 1750 |
|  0.7644284272235151 | SMITH    | 1980-12-17 | CLERK               |  800 |
|  0.6147348057615895 | AARAV    | 1981-12-31 | CLERK               | 3350 |
|   0.780388777871047 | THOMAS   | 1981-07-19 | CLERK               | 1750 |
| 0.05773950280411123 | ALLEN    | 1981-02-20 | SALESMAN            | 1600 |
|  0.9475312111410603 | WARD     | 1981-02-22 | SALESMAN            | 1250 |
|  0.5644375780266129 | JONES    | 1981-04-02 | MANAGER             | 2975 |
|  0.9795942874435282 | MARTIN   | 1981-09-28 | SALESMAN            | 1250 |
| 0.20465873387144762 | BLAKE    | 1981-05-01 | MANAGER             | 2850 |
| 0.08451083776029836 | CLARK    | 1981-06-09 | MANAGER             | 2450 |
|   0.808578017920794 | SCOTT    | 1982-12-09 | ANALYST             | 3000 |
|  0.7893576070567199 | KING     | 1981-11-17 | PRESIDENT           | 5000 |
|  0.5210540122548621 | FRED     | 1983-08-09 | vice PRESIDENT      | 5000 |
| 0.23719727083779618 | TURNER   | 1981-09-08 | SALESMAN            | 1500 |
|  0.6228243481580394 | ADAMS    | 1983-01-12 | CLERK               | 1100 |
| 0.40252995901045385 | JAMES    | 1981-12-03 | CLERK               |  950 |
| 0.14417678131179584 | FORD     | 1981-12-03 | ANALYST             | 3000 |
|  0.5132940602612627 | HOFFMAN  | 1982-03-24 | MANAGER             | 4150 |
| 0.13393998810457064 | GRASS    | 1980-02-14 | SALESMAN            | 2575 |
|  0.1298177904727103 | MILLER   | 1982-01-23 | CLERK               | 1300 |
|  0.2472690187834846 | AARUSH   | 1980-02-14 | SALESMAN            | 1350 |
|  0.8468917532329371 | ALEX     | 1982-01-24 | MANAGER             | 1250 |
|  0.4926517405478766 | NATASHA  | 1981-07-19 | CLERK               | 1750 |
|  0.9225834737742166 | SANGITA  | 1981-07-19 | Compliance officers | 1750 |
|  0.1349621779610982 | SUPRIYA  | 1981-07-19 | ANALYST             | 1750 |
+---------------------+----------+------------+---------------------+------+
28 rows in set (0.00 sec)

mysql> select rand() R1, ename, hiredate, job, sal from emp order by R1;
+---------------------+----------+------------+---------------------+------+
| R1                  | ename    | hiredate   | job                 | sal  |
+---------------------+----------+------------+---------------------+------+
| 0.03247949763432098 | GRASS    | 1980-02-14 | SALESMAN            | 2575 |
|  0.0342119196748472 | FORD     | 1981-12-03 | ANALYST             | 3000 |
| 0.09795120274457261 | WARD     | 1981-02-22 | SALESMAN            | 1250 |
| 0.13041599293278158 | VRUSHALI | 1981-07-19 | Compliance officers | 1750 |
|  0.1915640525441282 | CLARK    | 1981-06-09 | MANAGER             | 2450 |
|  0.2066557446556685 | SANGITA  | 1981-07-19 | Compliance officers | 1750 |
|   0.263244540675771 | BANDISH  | 1981-07-19 | Public Relation     | 1750 |
| 0.28562744919734767 | SUPRIYA  | 1981-07-19 | ANALYST             | 1750 |
|  0.3092034545812788 | AARUSH   | 1980-02-14 | SALESMAN            | 1350 |
|  0.3385863335231192 | FRED     | 1983-08-09 | vice PRESIDENT      | 5000 |
|    0.36094905842184 | ALLEN    | 1981-02-20 | SALESMAN            | 1600 |
|   0.406908869190988 | JONES    | 1981-04-02 | MANAGER             | 2975 |
|  0.4270230451850435 | HOFFMAN  | 1982-03-24 | MANAGER             | 4150 |
|   0.482727265435017 | BLAKE    | 1981-05-01 | MANAGER             | 2850 |
|  0.5096384971492351 | SCOTT    | 1982-12-09 | ANALYST             | 3000 |
|  0.5235272408682176 | SMITH    | 1980-12-17 | CLERK               |  800 |
|  0.5689313733660908 | THOMAS   | 1981-07-19 | CLERK               | 1750 |
|  0.5825504349382132 | NATASHA  | 1981-07-19 | CLERK               | 1750 |
|  0.7406907684548673 | MARTIN   | 1981-09-28 | SALESMAN            | 1250 |
|  0.7724306218069332 | TURNER   | 1981-09-08 | SALESMAN            | 1500 |
|  0.8279026130474196 | AARAV    | 1981-12-31 | CLERK               | 3350 |
|  0.8463941391989535 | ADAMS    | 1983-01-12 | CLERK               | 1100 |
|  0.8813283833501193 | MILLER   | 1982-01-23 | CLERK               | 1300 |
|  0.9020321535896809 | ALEX     | 1982-01-24 | MANAGER             | 1250 |
|  0.9070604992164862 | GITA     | 1981-07-19 | Compliance officers | 1750 |
|  0.9146788613076124 | JAMES    | 1981-12-03 | CLERK               |  950 |
|  0.9308984977480942 | SHARMIN  | 1981-07-19 | Public Relation     | 1750 |
|  0.9735003588474359 | KING     | 1981-11-17 | PRESIDENT           | 5000 |
+---------------------+----------+------------+---------------------+------+
28 rows in set (0.00 sec)

mysql> select rand() R1, ename, hiredate, job, sal from emp order by R1;
+---------------------+----------+------------+---------------------+------+
| R1                  | ename    | hiredate   | job                 | sal  |
+---------------------+----------+------------+---------------------+------+
| 0.04878452611042608 | CLARK    | 1981-06-09 | MANAGER             | 2450 |
| 0.05112799168669432 | ALLEN    | 1981-02-20 | SALESMAN            | 1600 |
|  0.1377282451258304 | SMITH    | 1980-12-17 | CLERK               |  800 |
| 0.15887245084985388 | THOMAS   | 1981-07-19 | CLERK               | 1750 |
| 0.18396789690849175 | VRUSHALI | 1981-07-19 | Compliance officers | 1750 |
|  0.2229403659914996 | SANGITA  | 1981-07-19 | Compliance officers | 1750 |
| 0.23168948314310003 | NATASHA  | 1981-07-19 | CLERK               | 1750 |
|  0.2444575692009717 | FORD     | 1981-12-03 | ANALYST             | 3000 |
|  0.3458109976219116 | SCOTT    | 1982-12-09 | ANALYST             | 3000 |
|   0.371578314687664 | MARTIN   | 1981-09-28 | SALESMAN            | 1250 |
| 0.41963341126184295 | SUPRIYA  | 1981-07-19 | ANALYST             | 1750 |
|  0.4854005281677475 | MILLER   | 1982-01-23 | CLERK               | 1300 |
| 0.49532938701596985 | SHARMIN  | 1981-07-19 | Public Relation     | 1750 |
|  0.5331118661287351 | ADAMS    | 1983-01-12 | CLERK               | 1100 |
|  0.5827014405119246 | KING     | 1981-11-17 | PRESIDENT           | 5000 |
|   0.632266911335538 | TURNER   | 1981-09-08 | SALESMAN            | 1500 |
|  0.6327038878879546 | BLAKE    | 1981-05-01 | MANAGER             | 2850 |
|  0.7417292387613368 | JONES    | 1981-04-02 | MANAGER             | 2975 |
|  0.7687586273707064 | JAMES    | 1981-12-03 | CLERK               |  950 |
|   0.779022636617555 | WARD     | 1981-02-22 | SALESMAN            | 1250 |
|   0.808170042753378 | GITA     | 1981-07-19 | Compliance officers | 1750 |
|   0.846687296262651 | GRASS    | 1980-02-14 | SALESMAN            | 2575 |
|  0.8760742404275333 | FRED     | 1983-08-09 | vice PRESIDENT      | 5000 |
|  0.8869407827844292 | AARUSH   | 1980-02-14 | SALESMAN            | 1350 |
|    0.91441143109874 | AARAV    | 1981-12-31 | CLERK               | 3350 |
|  0.9160119946263843 | HOFFMAN  | 1982-03-24 | MANAGER             | 4150 |
|   0.924743275088019 | BANDISH  | 1981-07-19 | Public Relation     | 1750 |
|  0.9785023601525485 | ALEX     | 1982-01-24 | MANAGER             | 1250 |
+---------------------+----------+------------+---------------------+------+
28 rows in set (0.00 sec)

mysql> select rand() R1, ename, hiredate, job, sal from emp limit 1 order by R1;
ERROR 1064 (42000): You have an error in your SQL syntax; check the manual that corresponds to your MySQL server version for the right syntax to use near 'order by R1' at line 1
mysql> select rand() R1, ename, hiredate, job, sal from emp order by R1 limit 1;
+----------------------+-------+------------+-------+------+
| R1                   | ename | hiredate   | job   | sal  |
+----------------------+-------+------------+-------+------+
| 0.006991099572732206 | SMITH | 1980-12-17 | CLERK |  800 |
+----------------------+-------+------------+-------+------+
1 row in set (0.00 sec)

mysql> select  ename, hiredate, job, sal from emp order by rand() limit 1;
+--------+------------+----------+------+
| ename  | hiredate   | job      | sal  |
+--------+------------+----------+------+
| AARUSH | 1980-02-14 | SALESMAN | 1350 |
+--------+------------+----------+------+
1 row in set (0.00 sec)

mysql> select  ename, hiredate, job, sal from emp order by rand() limit 1;
+-------+------------+---------+------+
| ename | hiredate   | job     | sal  |
+-------+------------+---------+------+
| ALEX  | 1982-01-24 | MANAGER | 1250 |
+-------+------------+---------+------+
1 row in set (0.00 sec)

mysql> select  ename, hiredate, job, sal from emp order by rand() limit 1;
+-------+------------+----------+------+
| ename | hiredate   | job      | sal  |
+-------+------------+----------+------+
| ALLEN | 1981-02-20 | SALESMAN | 1600 |
+-------+------------+----------+------+
1 row in set (0.00 sec)

mysql> select  ename, hiredate, job, sal from emp order by rand() limit 1;
+-------+------------+---------+------+
| ename | hiredate   | job     | sal  |
+-------+------------+---------+------+
| CLARK | 1981-06-09 | MANAGER | 2450 |
+-------+------------+---------+------+
1 row in set (0.00 sec)

mysql> select  ename, hiredate, job, sal from emp order by length(ename)
    -> ;
+----------+------------+---------------------+------+
| ename    | hiredate   | job                 | sal  |
+----------+------------+---------------------+------+
| GITA     | 1981-07-19 | Compliance officers | 1750 |
| WARD     | 1981-02-22 | SALESMAN            | 1250 |
| KING     | 1981-11-17 | PRESIDENT           | 5000 |
| FRED     | 1983-08-09 | vice PRESIDENT      | 5000 |
| FORD     | 1981-12-03 | ANALYST             | 3000 |
| ALEX     | 1982-01-24 | MANAGER             | 1250 |
| SMITH    | 1980-12-17 | CLERK               |  800 |
| AARAV    | 1981-12-31 | CLERK               | 3350 |
| ALLEN    | 1981-02-20 | SALESMAN            | 1600 |
| JONES    | 1981-04-02 | MANAGER             | 2975 |
| BLAKE    | 1981-05-01 | MANAGER             | 2850 |
| CLARK    | 1981-06-09 | MANAGER             | 2450 |
| SCOTT    | 1982-12-09 | ANALYST             | 3000 |
| ADAMS    | 1983-01-12 | CLERK               | 1100 |
| JAMES    | 1981-12-03 | CLERK               |  950 |
| GRASS    | 1980-02-14 | SALESMAN            | 2575 |
| THOMAS   | 1981-07-19 | CLERK               | 1750 |
| MARTIN   | 1981-09-28 | SALESMAN            | 1250 |
| TURNER   | 1981-09-08 | SALESMAN            | 1500 |
| MILLER   | 1982-01-23 | CLERK               | 1300 |
| AARUSH   | 1980-02-14 | SALESMAN            | 1350 |
| SHARMIN  | 1981-07-19 | Public Relation     | 1750 |
| BANDISH  | 1981-07-19 | Public Relation     | 1750 |
| HOFFMAN  | 1982-03-24 | MANAGER             | 4150 |
| NATASHA  | 1981-07-19 | CLERK               | 1750 |
| SANGITA  | 1981-07-19 | Compliance officers | 1750 |
| SUPRIYA  | 1981-07-19 | ANALYST             | 1750 |
| VRUSHALI | 1981-07-19 | Compliance officers | 1750 |
+----------+------------+---------------------+------+
28 rows in set (0.00 sec)

mysql> select  ename, hiredate, job, sal from emp order by length(ename), ename;
+----------+------------+---------------------+------+
| ename    | hiredate   | job                 | sal  |
+----------+------------+---------------------+------+
| ALEX     | 1982-01-24 | MANAGER             | 1250 |
| FORD     | 1981-12-03 | ANALYST             | 3000 |
| FRED     | 1983-08-09 | vice PRESIDENT      | 5000 |
| GITA     | 1981-07-19 | Compliance officers | 1750 |
| KING     | 1981-11-17 | PRESIDENT           | 5000 |
| WARD     | 1981-02-22 | SALESMAN            | 1250 |
| AARAV    | 1981-12-31 | CLERK               | 3350 |
| ADAMS    | 1983-01-12 | CLERK               | 1100 |
| ALLEN    | 1981-02-20 | SALESMAN            | 1600 |
| BLAKE    | 1981-05-01 | MANAGER             | 2850 |
| CLARK    | 1981-06-09 | MANAGER             | 2450 |
| GRASS    | 1980-02-14 | SALESMAN            | 2575 |
| JAMES    | 1981-12-03 | CLERK               |  950 |
| JONES    | 1981-04-02 | MANAGER             | 2975 |
| SCOTT    | 1982-12-09 | ANALYST             | 3000 |
| SMITH    | 1980-12-17 | CLERK               |  800 |
| AARUSH   | 1980-02-14 | SALESMAN            | 1350 |
| MARTIN   | 1981-09-28 | SALESMAN            | 1250 |
| MILLER   | 1982-01-23 | CLERK               | 1300 |
| THOMAS   | 1981-07-19 | CLERK               | 1750 |
| TURNER   | 1981-09-08 | SALESMAN            | 1500 |
| BANDISH  | 1981-07-19 | Public Relation     | 1750 |
| HOFFMAN  | 1982-03-24 | MANAGER             | 4150 |
| NATASHA  | 1981-07-19 | CLERK               | 1750 |
| SANGITA  | 1981-07-19 | Compliance officers | 1750 |
| SHARMIN  | 1981-07-19 | Public Relation     | 1750 |
| SUPRIYA  | 1981-07-19 | ANALYST             | 1750 |
| VRUSHALI | 1981-07-19 | Compliance officers | 1750 |
+----------+------------+---------------------+------+
28 rows in set (0.00 sec)

mysql> select  ename, hiredate, job, sal from emp where job='manager';
+---------+------------+---------+------+
| ename   | hiredate   | job     | sal  |
+---------+------------+---------+------+
| JONES   | 1981-04-02 | MANAGER | 2975 |
| BLAKE   | 1981-05-01 | MANAGER | 2850 |
| CLARK   | 1981-06-09 | MANAGER | 2450 |
| HOFFMAN | 1982-03-24 | MANAGER | 4150 |
| ALEX    | 1982-01-24 | MANAGER | 1250 |
+---------+------------+---------+------+
5 rows in set (0.00 sec)

mysql> select  ename, hiredate, job, sal from emp where job='manager',   job='salersman';
ERROR 1064 (42000): You have an error in your SQL syntax; check the manual that corresponds to your MySQL server version for the right syntax to use near ',   job='salersman'' at line 1
mysql> select  ename, hiredate, job, sal from emp where job='manager' and job='salersman';
Empty set (0.00 sec)

mysql> select  ename, hiredate, job, sal from emp where job='manager' or job='salesman';
+---------+------------+----------+------+
| ename   | hiredate   | job      | sal  |
+---------+------------+----------+------+
| ALLEN   | 1981-02-20 | SALESMAN | 1600 |
| WARD    | 1981-02-22 | SALESMAN | 1250 |
| JONES   | 1981-04-02 | MANAGER  | 2975 |
| MARTIN  | 1981-09-28 | SALESMAN | 1250 |
| BLAKE   | 1981-05-01 | MANAGER  | 2850 |
| CLARK   | 1981-06-09 | MANAGER  | 2450 |
| TURNER  | 1981-09-08 | SALESMAN | 1500 |
| HOFFMAN | 1982-03-24 | MANAGER  | 4150 |
| GRASS   | 1980-02-14 | SALESMAN | 2575 |
| AARUSH  | 1980-02-14 | SALESMAN | 1350 |
| ALEX    | 1982-01-24 | MANAGER  | 1250 |
+---------+------------+----------+------+
11 rows in set (0.00 sec)

mysql> select  ename, hiredate, job, sal from emp where job='manager' or job='salesman' order by job;
+---------+------------+----------+------+
| ename   | hiredate   | job      | sal  |
+---------+------------+----------+------+
| JONES   | 1981-04-02 | MANAGER  | 2975 |
| BLAKE   | 1981-05-01 | MANAGER  | 2850 |
| CLARK   | 1981-06-09 | MANAGER  | 2450 |
| HOFFMAN | 1982-03-24 | MANAGER  | 4150 |
| ALEX    | 1982-01-24 | MANAGER  | 1250 |
| ALLEN   | 1981-02-20 | SALESMAN | 1600 |
| WARD    | 1981-02-22 | SALESMAN | 1250 |
| MARTIN  | 1981-09-28 | SALESMAN | 1250 |
| TURNER  | 1981-09-08 | SALESMAN | 1500 |
| GRASS   | 1980-02-14 | SALESMAN | 2575 |
| AARUSH  | 1980-02-14 | SALESMAN | 1350 |
+---------+------------+----------+------+
11 rows in set (0.00 sec)

mysql> select  ename, hiredate, job, sal from emp where job='manager' or job='salesman' order by job limit 5;
+---------+------------+---------+------+
| ename   | hiredate   | job     | sal  |
+---------+------------+---------+------+
| ALEX    | 1982-01-24 | MANAGER | 1250 |
| JONES   | 1981-04-02 | MANAGER | 2975 |
| HOFFMAN | 1982-03-24 | MANAGER | 4150 |
| BLAKE   | 1981-05-01 | MANAGER | 2850 |
| CLARK   | 1981-06-09 | MANAGER | 2450 |
+---------+------------+---------+------+
5 rows in set (0.01 sec)

mysql> select  ename, hiredate, job, sal from emp where job='manager' or job='salesman';
+---------+------------+----------+------+
| ename   | hiredate   | job      | sal  |
+---------+------------+----------+------+
| ALLEN   | 1981-02-20 | SALESMAN | 1600 |
| WARD    | 1981-02-22 | SALESMAN | 1250 |
| JONES   | 1981-04-02 | MANAGER  | 2975 |
| MARTIN  | 1981-09-28 | SALESMAN | 1250 |
| BLAKE   | 1981-05-01 | MANAGER  | 2850 |
| CLARK   | 1981-06-09 | MANAGER  | 2450 |
| TURNER  | 1981-09-08 | SALESMAN | 1500 |
| HOFFMAN | 1982-03-24 | MANAGER  | 4150 |
| GRASS   | 1980-02-14 | SALESMAN | 2575 |
| AARUSH  | 1980-02-14 | SALESMAN | 1350 |
| ALEX    | 1982-01-24 | MANAGER  | 1250 |
+---------+------------+----------+------+
11 rows in set (0.00 sec)

mysql> select  ename, hiredate, job, sal from emp where job='manager' or job='salesman'  and sal>1500;
+---------+------------+----------+------+
| ename   | hiredate   | job      | sal  |
+---------+------------+----------+------+
| ALLEN   | 1981-02-20 | SALESMAN | 1600 |
| JONES   | 1981-04-02 | MANAGER  | 2975 |
| BLAKE   | 1981-05-01 | MANAGER  | 2850 |
| CLARK   | 1981-06-09 | MANAGER  | 2450 |
| HOFFMAN | 1982-03-24 | MANAGER  | 4150 |
| GRASS   | 1980-02-14 | SALESMAN | 2575 |
| ALEX    | 1982-01-24 | MANAGER  | 1250 |
+---------+------------+----------+------+
7 rows in set (0.00 sec)

mysql> select  ename, hiredate, job, sal from emp where (job='manager' or job='salesman')  and sal>1500;
+---------+------------+----------+------+
| ename   | hiredate   | job      | sal  |
+---------+------------+----------+------+
| ALLEN   | 1981-02-20 | SALESMAN | 1600 |
| JONES   | 1981-04-02 | MANAGER  | 2975 |
| BLAKE   | 1981-05-01 | MANAGER  | 2850 |
| CLARK   | 1981-06-09 | MANAGER  | 2450 |
| HOFFMAN | 1982-03-24 | MANAGER  | 4150 |
| GRASS   | 1980-02-14 | SALESMAN | 2575 |
+---------+------------+----------+------+
6 rows in set (0.00 sec)

mysql> select  ename, hiredate, job, sal from emp where job='manager' or job='salesman';
+---------+------------+----------+------+
| ename   | hiredate   | job      | sal  |
+---------+------------+----------+------+
| ALLEN   | 1981-02-20 | SALESMAN | 1600 |
| WARD    | 1981-02-22 | SALESMAN | 1250 |
| JONES   | 1981-04-02 | MANAGER  | 2975 |
| MARTIN  | 1981-09-28 | SALESMAN | 1250 |
| BLAKE   | 1981-05-01 | MANAGER  | 2850 |
| CLARK   | 1981-06-09 | MANAGER  | 2450 |
| TURNER  | 1981-09-08 | SALESMAN | 1500 |
| HOFFMAN | 1982-03-24 | MANAGER  | 4150 |
| GRASS   | 1980-02-14 | SALESMAN | 2575 |
| AARUSH  | 1980-02-14 | SALESMAN | 1350 |
| ALEX    | 1982-01-24 | MANAGER  | 1250 |
+---------+------------+----------+------+
11 rows in set (0.00 sec)

mysql> select  ename, hiredate, job, sal from emp where job in ('manager','salesman');
+---------+------------+----------+------+
| ename   | hiredate   | job      | sal  |
+---------+------------+----------+------+
| ALLEN   | 1981-02-20 | SALESMAN | 1600 |
| WARD    | 1981-02-22 | SALESMAN | 1250 |
| JONES   | 1981-04-02 | MANAGER  | 2975 |
| MARTIN  | 1981-09-28 | SALESMAN | 1250 |
| BLAKE   | 1981-05-01 | MANAGER  | 2850 |
| CLARK   | 1981-06-09 | MANAGER  | 2450 |
| TURNER  | 1981-09-08 | SALESMAN | 1500 |
| HOFFMAN | 1982-03-24 | MANAGER  | 4150 |
| GRASS   | 1980-02-14 | SALESMAN | 2575 |
| AARUSH  | 1980-02-14 | SALESMAN | 1350 |
| ALEX    | 1982-01-24 | MANAGER  | 1250 |
+---------+------------+----------+------+
11 rows in set (0.00 sec)

mysql> select  ename, hiredate, job, sal from emp where sal >2000 and sal <5000;
+---------+------------+----------+------+
| ename   | hiredate   | job      | sal  |
+---------+------------+----------+------+
| AARAV   | 1981-12-31 | CLERK    | 3350 |
| JONES   | 1981-04-02 | MANAGER  | 2975 |
| BLAKE   | 1981-05-01 | MANAGER  | 2850 |
| CLARK   | 1981-06-09 | MANAGER  | 2450 |
| SCOTT   | 1982-12-09 | ANALYST  | 3000 |
| FORD    | 1981-12-03 | ANALYST  | 3000 |
| HOFFMAN | 1982-03-24 | MANAGER  | 4150 |
| GRASS   | 1980-02-14 | SALESMAN | 2575 |
+---------+------------+----------+------+
8 rows in set (0.00 sec)

mysql> select  ename, hiredate, job, sal from emp where sal between 2000 and 5000;
+---------+------------+----------------+------+
| ename   | hiredate   | job            | sal  |
+---------+------------+----------------+------+
| AARAV   | 1981-12-31 | CLERK          | 3350 |
| JONES   | 1981-04-02 | MANAGER        | 2975 |
| BLAKE   | 1981-05-01 | MANAGER        | 2850 |
| CLARK   | 1981-06-09 | MANAGER        | 2450 |
| SCOTT   | 1982-12-09 | ANALYST        | 3000 |
| KING    | 1981-11-17 | PRESIDENT      | 5000 |
| FRED    | 1983-08-09 | vice PRESIDENT | 5000 |
| FORD    | 1981-12-03 | ANALYST        | 3000 |
| HOFFMAN | 1982-03-24 | MANAGER        | 4150 |
| GRASS   | 1980-02-14 | SALESMAN       | 2575 |
+---------+------------+----------------+------+
10 rows in set (0.00 sec)

mysql> select  ename, hiredate, job, sal from emp where year(hiredate)=1981;
+----------+------------+---------------------+------+
| ename    | hiredate   | job                 | sal  |
+----------+------------+---------------------+------+
| GITA     | 1981-07-19 | Compliance officers | 1750 |
| VRUSHALI | 1981-07-19 | Compliance officers | 1750 |
| SHARMIN  | 1981-07-19 | Public Relation     | 1750 |
| BANDISH  | 1981-07-19 | Public Relation     | 1750 |
| AARAV    | 1981-12-31 | CLERK               | 3350 |
| THOMAS   | 1981-07-19 | CLERK               | 1750 |
| ALLEN    | 1981-02-20 | SALESMAN            | 1600 |
| WARD     | 1981-02-22 | SALESMAN            | 1250 |
| JONES    | 1981-04-02 | MANAGER             | 2975 |
| MARTIN   | 1981-09-28 | SALESMAN            | 1250 |
| BLAKE    | 1981-05-01 | MANAGER             | 2850 |
| CLARK    | 1981-06-09 | MANAGER             | 2450 |
| KING     | 1981-11-17 | PRESIDENT           | 5000 |
| TURNER   | 1981-09-08 | SALESMAN            | 1500 |
| JAMES    | 1981-12-03 | CLERK               |  950 |
| FORD     | 1981-12-03 | ANALYST             | 3000 |
| NATASHA  | 1981-07-19 | CLERK               | 1750 |
| SANGITA  | 1981-07-19 | Compliance officers | 1750 |
| SUPRIYA  | 1981-07-19 | ANALYST             | 1750 |
+----------+------------+---------------------+------+
19 rows in set (0.01 sec)

mysql> select  ename, hiredate, job, sal from emp where year(hiredate)=1981 orderby hiredate;
ERROR 1064 (42000): You have an error in your SQL syntax; check the manual that corresponds to your MySQL server version for the right syntax to use near 'orderby hiredate' at line 1
mysql> select  ename, hiredate, job, sal from emp where year(hiredate)=1981 order by hiredate;
+----------+------------+---------------------+------+
| ename    | hiredate   | job                 | sal  |
+----------+------------+---------------------+------+
| ALLEN    | 1981-02-20 | SALESMAN            | 1600 |
| WARD     | 1981-02-22 | SALESMAN            | 1250 |
| JONES    | 1981-04-02 | MANAGER             | 2975 |
| BLAKE    | 1981-05-01 | MANAGER             | 2850 |
| CLARK    | 1981-06-09 | MANAGER             | 2450 |
| GITA     | 1981-07-19 | Compliance officers | 1750 |
| VRUSHALI | 1981-07-19 | Compliance officers | 1750 |
| SHARMIN  | 1981-07-19 | Public Relation     | 1750 |
| BANDISH  | 1981-07-19 | Public Relation     | 1750 |
| THOMAS   | 1981-07-19 | CLERK               | 1750 |
| NATASHA  | 1981-07-19 | CLERK               | 1750 |
| SANGITA  | 1981-07-19 | Compliance officers | 1750 |
| SUPRIYA  | 1981-07-19 | ANALYST             | 1750 |
| TURNER   | 1981-09-08 | SALESMAN            | 1500 |
| MARTIN   | 1981-09-28 | SALESMAN            | 1250 |
| KING     | 1981-11-17 | PRESIDENT           | 5000 |
| JAMES    | 1981-12-03 | CLERK               |  950 |
| FORD     | 1981-12-03 | ANALYST             | 3000 |
| AARAV    | 1981-12-31 | CLERK               | 3350 |
+----------+------------+---------------------+------+
19 rows in set (0.00 sec)

mysql> select  ename, hiredate, job, sal from emp where hirdate between  '1981-05-01' and '1981-07-19';
ERROR 1054 (42S22): Unknown column 'hirdate' in 'where clause'
mysql> select  ename, hiredate, job, sal from emp where hiredate between  '1981-05-01' and '1981-07-19';
+----------+------------+---------------------+------+
| ename    | hiredate   | job                 | sal  |
+----------+------------+---------------------+------+
| GITA     | 1981-07-19 | Compliance officers | 1750 |
| VRUSHALI | 1981-07-19 | Compliance officers | 1750 |
| SHARMIN  | 1981-07-19 | Public Relation     | 1750 |
| BANDISH  | 1981-07-19 | Public Relation     | 1750 |
| THOMAS   | 1981-07-19 | CLERK               | 1750 |
| BLAKE    | 1981-05-01 | MANAGER             | 2850 |
| CLARK    | 1981-06-09 | MANAGER             | 2450 |
| NATASHA  | 1981-07-19 | CLERK               | 1750 |
| SANGITA  | 1981-07-19 | Compliance officers | 1750 |
| SUPRIYA  | 1981-07-19 | ANALYST             | 1750 |
+----------+------------+---------------------+------+
10 rows in set (0.00 sec)

mysql> select  ename, hiredate, job, sal from emp where hiredate between  '1981-05-01' and '1981-07-19' order by 2;
+----------+------------+---------------------+------+
| ename    | hiredate   | job                 | sal  |
+----------+------------+---------------------+------+
| BLAKE    | 1981-05-01 | MANAGER             | 2850 |
| CLARK    | 1981-06-09 | MANAGER             | 2450 |
| GITA     | 1981-07-19 | Compliance officers | 1750 |
| VRUSHALI | 1981-07-19 | Compliance officers | 1750 |
| SHARMIN  | 1981-07-19 | Public Relation     | 1750 |
| BANDISH  | 1981-07-19 | Public Relation     | 1750 |
| THOMAS   | 1981-07-19 | CLERK               | 1750 |
| NATASHA  | 1981-07-19 | CLERK               | 1750 |
| SANGITA  | 1981-07-19 | Compliance officers | 1750 |
| SUPRIYA  | 1981-07-19 | ANALYST             | 1750 |
+----------+------------+---------------------+------+
10 rows in set (0.00 sec)

mysql> select sum(sal), avg(sal), min(sal), max(sal), min(hiredate) from emp;
+----------+-----------+----------+----------+---------------+
| sum(sal) | avg(sal)  | min(sal) | max(sal) | min(hiredate) |
+----------+-----------+----------+----------+---------------+
|    60700 | 2167.8571 |      800 |     5000 | 1980-02-14    |
+----------+-----------+----------+----------+---------------+
1 row in set (0.01 sec)

mysql> select sum(sal), avg(sal), min(sal), max(sal), min(hiredate), max(hiredate) from emp;
+----------+-----------+----------+----------+---------------+---------------+
| sum(sal) | avg(sal)  | min(sal) | max(sal) | min(hiredate) | max(hiredate) |
+----------+-----------+----------+----------+---------------+---------------+
|    60700 | 2167.8571 |      800 |     5000 | 1980-02-14    | 1983-08-09    |
+----------+-----------+----------+----------+---------------+---------------+
1 row in set (0.00 sec)

mysql> select sum(sal), avg(sal), min(sal), max(sal), min(hiredate), max(hiredate), count(*) from emp;
+----------+-----------+----------+----------+---------------+---------------+----------+
| sum(sal) | avg(sal)  | min(sal) | max(sal) | min(hiredate) | max(hiredate) | count(*) |
+----------+-----------+----------+----------+---------------+---------------+----------+
|    60700 | 2167.8571 |      800 |     5000 | 1980-02-14    | 1983-08-09    |       28 |
+----------+-----------+----------+----------+---------------+---------------+----------+
1 row in set (0.00 sec)

mysql> select sum(sal), avg(sal), min(sal), max(sal), min(hiredate), max(hiredate), count(*), count(ename) f
rom emp;
+----------+-----------+----------+----------+---------------+---------------+----------+--------------+
| sum(sal) | avg(sal)  | min(sal) | max(sal) | min(hiredate) | max(hiredate) | count(*) | count(ename) |
+----------+-----------+----------+----------+---------------+---------------+----------+--------------+
|    60700 | 2167.8571 |      800 |     5000 | 1980-02-14    | 1983-08-09    |       28 |           28 |
+----------+-----------+----------+----------+---------------+---------------+----------+--------------+
1 row in set (0.00 sec)

mysql> select sum(sal), avg(sal), min(sal), max(sal), min(hiredate), max(hiredate), count(*), count(ename), count(comm) from emp;
+----------+-----------+----------+----------+---------------+---------------+----------+--------------+-------------+
| sum(sal) | avg(sal)  | min(sal) | max(sal) | min(hiredate) | max(hiredate) | count(*) | count(ename) | count(comm) |
+----------+-----------+----------+----------+---------------+---------------+----------+--------------+-------------+
|    60700 | 2167.8571 |      800 |     5000 | 1980-02-14    | 1983-08-09    |       28 |           28 |           7 |
+----------+-----------+----------+----------+---------------+---------------+----------+--------------+-------------+
1 row in set (0.00 sec)

mysql> select  ename, hiredate, job, sal from emp where sal = max(sal);
ERROR 1111 (HY000): Invalid use of group function
mysql> select enme, sal from emp;
ERROR 1054 (42S22): Unknown column 'enme' in 'field list'
mysql> select ename, sal from emp;
+----------+------+
| ename    | sal  |
+----------+------+
| GITA     | 1750 |
| VRUSHALI | 1750 |
| SHARMIN  | 1750 |
| BANDISH  | 1750 |
| SMITH    |  800 |
| AARAV    | 3350 |
| THOMAS   | 1750 |
| ALLEN    | 1600 |
| WARD     | 1250 |
| JONES    | 2975 |
| MARTIN   | 1250 |
| BLAKE    | 2850 |
| CLARK    | 2450 |
| SCOTT    | 3000 |
| KING     | 5000 |
| FRED     | 5000 |
| TURNER   | 1500 |
| ADAMS    | 1100 |
| JAMES    |  950 |
| FORD     | 3000 |
| HOFFMAN  | 4150 |
| GRASS    | 2575 |
| MILLER   | 1300 |
| AARUSH   | 1350 |
| ALEX     | 1250 |
| NATASHA  | 1750 |
| SANGITA  | 1750 |
| SUPRIYA  | 1750 |
+----------+------+
28 rows in set (0.00 sec)

mysql> select row_number() over( order by job) R1, ename, job, sal from emp;
+----+----------+---------------------+------+
| R1 | ename    | job                 | sal  |
+----+----------+---------------------+------+
|  1 | SCOTT    | ANALYST             | 3000 |
|  2 | FORD     | ANALYST             | 3000 |
|  3 | SUPRIYA  | ANALYST             | 1750 |
|  4 | SMITH    | CLERK               |  800 |
|  5 | AARAV    | CLERK               | 3350 |
|  6 | THOMAS   | CLERK               | 1750 |
|  7 | ADAMS    | CLERK               | 1100 |
|  8 | JAMES    | CLERK               |  950 |
|  9 | MILLER   | CLERK               | 1300 |
| 10 | NATASHA  | CLERK               | 1750 |
| 11 | GITA     | Compliance officers | 1750 |
| 12 | VRUSHALI | Compliance officers | 1750 |
| 13 | SANGITA  | Compliance officers | 1750 |
| 14 | JONES    | MANAGER             | 2975 |
| 15 | BLAKE    | MANAGER             | 2850 |
| 16 | CLARK    | MANAGER             | 2450 |
| 17 | HOFFMAN  | MANAGER             | 4150 |
| 18 | ALEX     | MANAGER             | 1250 |
| 19 | KING     | PRESIDENT           | 5000 |
| 20 | SHARMIN  | Public Relation     | 1750 |
| 21 | BANDISH  | Public Relation     | 1750 |
| 22 | ALLEN    | SALESMAN            | 1600 |
| 23 | WARD     | SALESMAN            | 1250 |
| 24 | MARTIN   | SALESMAN            | 1250 |
| 25 | TURNER   | SALESMAN            | 1500 |
| 26 | GRASS    | SALESMAN            | 2575 |
| 27 | AARUSH   | SALESMAN            | 1350 |
| 28 | FRED     | vice PRESIDENT      | 5000 |
+----+----------+---------------------+------+
28 rows in set (0.00 sec)

mysql> select row_number() over( order by null) R1, ename, job, sal from emp;
+----+----------+---------------------+------+
| R1 | ename    | job                 | sal  |
+----+----------+---------------------+------+
|  1 | GITA     | Compliance officers | 1750 |
|  2 | VRUSHALI | Compliance officers | 1750 |
|  3 | SHARMIN  | Public Relation     | 1750 |
|  4 | BANDISH  | Public Relation     | 1750 |
|  5 | SMITH    | CLERK               |  800 |
|  6 | AARAV    | CLERK               | 3350 |
|  7 | THOMAS   | CLERK               | 1750 |
|  8 | ALLEN    | SALESMAN            | 1600 |
|  9 | WARD     | SALESMAN            | 1250 |
| 10 | JONES    | MANAGER             | 2975 |
| 11 | MARTIN   | SALESMAN            | 1250 |
| 12 | BLAKE    | MANAGER             | 2850 |
| 13 | CLARK    | MANAGER             | 2450 |
| 14 | SCOTT    | ANALYST             | 3000 |
| 15 | KING     | PRESIDENT           | 5000 |
| 16 | FRED     | vice PRESIDENT      | 5000 |
| 17 | TURNER   | SALESMAN            | 1500 |
| 18 | ADAMS    | CLERK               | 1100 |
| 19 | JAMES    | CLERK               |  950 |
| 20 | FORD     | ANALYST             | 3000 |
| 21 | HOFFMAN  | MANAGER             | 4150 |
| 22 | GRASS    | SALESMAN            | 2575 |
| 23 | MILLER   | CLERK               | 1300 |
| 24 | AARUSH   | SALESMAN            | 1350 |
| 25 | ALEX     | MANAGER             | 1250 |
| 26 | NATASHA  | CLERK               | 1750 |
| 27 | SANGITA  | Compliance officers | 1750 |
| 28 | SUPRIYA  | ANALYST             | 1750 |
+----+----------+---------------------+------+
28 rows in set (0.00 sec)

mysql> select row_number() over( order by null) R1, ename, job, sal from emp where row_number() over( order by null) = 7;
ERROR 3593 (HY000): You cannot use the window function 'row_number' in this context.'
mysql> select row_number() over(partition by job order by ename) R1, ename, job, sal from emp;
+----+----------+---------------------+------+
| R1 | ename    | job                 | sal  |
+----+----------+---------------------+------+
|  1 | FORD     | ANALYST             | 3000 |
|  2 | SCOTT    | ANALYST             | 3000 |
|  3 | SUPRIYA  | ANALYST             | 1750 |
|  1 | AARAV    | CLERK               | 3350 |
|  2 | ADAMS    | CLERK               | 1100 |
|  3 | JAMES    | CLERK               |  950 |
|  4 | MILLER   | CLERK               | 1300 |
|  5 | NATASHA  | CLERK               | 1750 |
|  6 | SMITH    | CLERK               |  800 |
|  7 | THOMAS   | CLERK               | 1750 |
|  1 | GITA     | Compliance officers | 1750 |
|  2 | SANGITA  | Compliance officers | 1750 |
|  3 | VRUSHALI | Compliance officers | 1750 |
|  1 | ALEX     | MANAGER             | 1250 |
|  2 | BLAKE    | MANAGER             | 2850 |
|  3 | CLARK    | MANAGER             | 2450 |
|  4 | HOFFMAN  | MANAGER             | 4150 |
|  5 | JONES    | MANAGER             | 2975 |
|  1 | KING     | PRESIDENT           | 5000 |
|  1 | BANDISH  | Public Relation     | 1750 |
|  2 | SHARMIN  | Public Relation     | 1750 |
|  1 | AARUSH   | SALESMAN            | 1350 |
|  2 | ALLEN    | SALESMAN            | 1600 |
|  3 | GRASS    | SALESMAN            | 2575 |
|  4 | MARTIN   | SALESMAN            | 1250 |
|  5 | TURNER   | SALESMAN            | 1500 |
|  6 | WARD     | SALESMAN            | 1250 |
|  1 | FRED     | vice PRESIDENT      | 5000 |
+----+----------+---------------------+------+
28 rows in set (0.00 sec)

mysql> select rank() over(order by sal) R1,  sal from emp;
+----+------+
| R1 | sal  |
+----+------+
|  1 |  800 |
|  2 |  950 |
|  3 | 1100 |
|  4 | 1250 |
|  4 | 1250 |
|  4 | 1250 |
|  7 | 1300 |
|  8 | 1350 |
|  9 | 1500 |
| 10 | 1600 |
| 11 | 1750 |
| 11 | 1750 |
| 11 | 1750 |
| 11 | 1750 |
| 11 | 1750 |
| 11 | 1750 |
| 11 | 1750 |
| 11 | 1750 |
| 19 | 2450 |
| 20 | 2575 |
| 21 | 2850 |
| 22 | 2975 |
| 23 | 3000 |
| 23 | 3000 |
| 25 | 3350 |
| 26 | 4150 |
| 27 | 5000 |
| 27 | 5000 |
+----+------+
28 rows in set (0.00 sec)

mysql> select rank() over(order by sal) R1, R2, dense_rank() over(order by sal)  sal from emp;
ERROR 1054 (42S22): Unknown column 'R2' in 'field list'
mysql> select rank() over(order by sal) R1, R2, dense_rank() over(order by sal),  sal from emp;
ERROR 1054 (42S22): Unknown column 'R2' in 'field list'
mysql> select rank() over(order by sal) R1, dense_rank() over(order by sal) R2,  sal from emp;
+----+----+------+
| R1 | R2 | sal  |
+----+----+------+
|  1 |  1 |  800 |
|  2 |  2 |  950 |
|  3 |  3 | 1100 |
|  4 |  4 | 1250 |
|  4 |  4 | 1250 |
|  4 |  4 | 1250 |
|  7 |  5 | 1300 |
|  8 |  6 | 1350 |
|  9 |  7 | 1500 |
| 10 |  8 | 1600 |
| 11 |  9 | 1750 |
| 11 |  9 | 1750 |
| 11 |  9 | 1750 |
| 11 |  9 | 1750 |
| 11 |  9 | 1750 |
| 11 |  9 | 1750 |
| 11 |  9 | 1750 |
| 11 |  9 | 1750 |
| 19 | 10 | 2450 |
| 20 | 11 | 2575 |
| 21 | 12 | 2850 |
| 22 | 13 | 2975 |
| 23 | 14 | 3000 |
| 23 | 14 | 3000 |
| 25 | 15 | 3350 |
| 26 | 16 | 4150 |
| 27 | 17 | 5000 |
| 27 | 17 | 5000 |
+----+----+------+
28 rows in set (0.01 sec)

mysql> select rank() over(order by sal desc) R1, dense_rank() over(order by sal desc) R2,  sal from em
p;
+----+----+------+
| R1 | R2 | sal  |
+----+----+------+
|  1 |  1 | 5000 |
|  1 |  1 | 5000 |
|  3 |  2 | 4150 |
|  4 |  3 | 3350 |
|  5 |  4 | 3000 |
|  5 |  4 | 3000 |
|  7 |  5 | 2975 |
|  8 |  6 | 2850 |
|  9 |  7 | 2575 |
| 10 |  8 | 2450 |
| 11 |  9 | 1750 |
| 11 |  9 | 1750 |
| 11 |  9 | 1750 |
| 11 |  9 | 1750 |
| 11 |  9 | 1750 |
| 11 |  9 | 1750 |
| 11 |  9 | 1750 |
| 11 |  9 | 1750 |
| 19 | 10 | 1600 |
| 20 | 11 | 1500 |
| 21 | 12 | 1350 |
| 22 | 13 | 1300 |
| 23 | 14 | 1250 |
| 23 | 14 | 1250 |
| 23 | 14 | 1250 |
| 26 | 15 | 1100 |
| 27 | 16 |  950 |
| 28 | 17 |  800 |
+----+----+------+
28 rows in set (0.00 sec)

mysql> select comm, isnull(comm) from emp;
+------+--------------+
| comm | isnull(comm) |
+------+--------------+
| NULL |            1 |
| NULL |            1 |
| NULL |            1 |
| NULL |            1 |
| NULL |            1 |
| NULL |            1 |
| NULL |            1 |
|  300 |            0 |
|  500 |            0 |
| NULL |            1 |
| 1400 |            0 |
| NULL |            1 |
| NULL |            1 |
| NULL |            1 |
| NULL |            1 |
| NULL |            1 |
|    0 |            0 |
| NULL |            1 |
| NULL |            1 |
| NULL |            1 |
| NULL |            1 |
| 2700 |            0 |
| NULL |            1 |
| 2700 |            0 |
|  500 |            0 |
| NULL |            1 |
| NULL |            1 |
| NULL |            1 |
+------+--------------+
28 rows in set (0.01 sec)

mysql>
mysql>
mysql>
mysql>
mysql>
mysql>
mysql>
mysql>
mysql>
mysql>
mysql>
mysql>
mysql>
mysql>
mysql>
mysql>
mysql>
mysql>
mysql>
mysql>
mysql>
mysql> select job,sal from emp where job='manager' or job ='salesman'  and sal>1500;
+----------+------+
| job      | sal  |
+----------+------+
| SALESMAN | 1600 |
| MANAGER  | 2975 |
| MANAGER  | 2850 |
| MANAGER  | 2450 |
| MANAGER  | 4150 |
| SALESMAN | 2575 |
| MANAGER  | 1250 |
+----------+------+
7 rows in set (0.01 sec)

mysql> select row_number() over(partitrion by job order by sal) R1, job,sal from emp where job='manage
r' or job ='salesman'  and sal>1500;
ERROR 1064 (42000): You have an error in your SQL syntax; check the manual that corresponds to your MySQL server version for the right syntax to use near 'by job order by sal) R1, job,sal from emp where job='manager' or job ='salesman'' at line 1
mysql> select row_number() over(partition by job order by sal) R1, job,sal from emp where job='manager
' or job ='salesman'  and sal>1500;
+----+----------+------+
| R1 | job      | sal  |
+----+----------+------+
|  1 | MANAGER  | 1250 |
|  2 | MANAGER  | 2450 |
|  3 | MANAGER  | 2850 |
|  4 | MANAGER  | 2975 |
|  5 | MANAGER  | 4150 |
|  1 | SALESMAN | 1600 |
|  2 | SALESMAN | 2575 |
+----+----------+------+
7 rows in set (0.00 sec)

mysql> select row_number() over(partition by job order by sal) R1, job,sal from emp where job in ('man
ager', 'salesman')  and sal>1500;
+----+----------+------+
| R1 | job      | sal  |
+----+----------+------+
|  1 | MANAGER  | 2450 |
|  2 | MANAGER  | 2850 |
|  3 | MANAGER  | 2975 |
|  4 | MANAGER  | 4150 |
|  1 | SALESMAN | 1600 |
|  2 | SALESMAN | 2575 |
+----+----------+------+
6 rows in set (0.00 sec)

mysql> select row_number() over(partition by job order by sal) R1, job,sal from emp where job in ('manager', 'salesman')  and sal>1500 and sal < 4000;
+----+----------+------+
| R1 | job      | sal  |
+----+----------+------+
|  1 | MANAGER  | 2450 |
|  2 | MANAGER  | 2850 |
|  3 | MANAGER  | 2975 |
|  1 | SALESMAN | 1600 |
|  2 | SALESMAN | 2575 |
+----+----------+------+
5 rows in set (0.00 sec)

mysql> select row_number() over(partition by job order by sal) R1, job,sal from emp where job in ('manager', 'salesman')  and sal >1500 and sal < 2900;
+----+----------+------+
| R1 | job      | sal  |
+----+----------+------+
|  1 | MANAGER  | 2450 |
|  2 | MANAGER  | 2850 |
|  1 | SALESMAN | 1600 |
|  2 | SALESMAN | 2575 |
+----+----------+------+
4 rows in set (0.00 sec)

mysql> select row_number() over(partition by job order by sal) R1, job,sal from emp where job in ('manager', 'salesman')  and sal between 1500 and 2900;
+----+----------+------+
| R1 | job      | sal  |
+----+----------+------+
|  1 | MANAGER  | 2450 |
|  2 | MANAGER  | 2850 |
|  1 | SALESMAN | 1500 |
|  2 | SALESMAN | 1600 |
|  3 | SALESMAN | 2575 |
+----+----------+------+
5 rows in set (0.00 sec)

mysql> select count(*) from emp where job='manager';
+----------+
| count(*) |
+----------+
|        5 |
+----------+
1 row in set (0.00 sec)

mysql> select job, count(*) from emp where job='manager';
+---------+----------+
| job     | count(*) |
+---------+----------+
| MANAGER |        5 |
+---------+----------+
1 row in set (0.00 sec)

mysql> select job, count(*) from emp;
ERROR 1140 (42000): In aggregated query without GROUP BY, expression #1 of SELECT list contains nonaggregated column 'z1.emp.JOB'; this is incompatible with sql_mode=only_full_group_by
mysql>
mysql>
mysql>
mysql>
mysql>
mysql>
mysql> select deptno from emp;
+--------+
| deptno |
+--------+
|     10 |
|     10 |
|     10 |
|     10 |
|     10 |
|     20 |
|     20 |
|     20 |
|     20 |
|     20 |
|     20 |
|     20 |
|     20 |
|     30 |
|     30 |
|     30 |
|     30 |
|     30 |
|     30 |
|     30 |
|     30 |
|     30 |
|     30 |
|     30 |
|     30 |
|     50 |
|     50 |
|     50 |
+--------+
28 rows in set (0.00 sec)

mysql> select sal from emp;
+------+
| sal  |
+------+
| 1750 |
| 1750 |
| 1750 |
| 1750 |
|  800 |
| 3350 |
| 1750 |
| 1600 |
| 1250 |
| 2975 |
| 1250 |
| 2850 |
| 2450 |
| 3000 |
| 5000 |
| 5000 |
| 1500 |
| 1100 |
|  950 |
| 3000 |
| 4150 |
| 2575 |
| 1300 |
| 1350 |
| 1250 |
| 1750 |
| 1750 |
| 1750 |
+------+
28 rows in set (0.00 sec)

mysql> select deptno from emp;
+--------+
| deptno |
+--------+
|     10 |
|     10 |
|     10 |
|     10 |
|     10 |
|     20 |
|     20 |
|     20 |
|     20 |
|     20 |
|     20 |
|     20 |
|     20 |
|     30 |
|     30 |
|     30 |
|     30 |
|     30 |
|     30 |
|     30 |
|     30 |
|     30 |
|     30 |
|     30 |
|     30 |
|     50 |
|     50 |
|     50 |
+--------+
28 rows in set (0.00 sec)

mysql> select deptno, case when deptno=10 then 'Good' when deptno=20 then 'Ok' when deptno= 30 then 'Bad' else 'N/A' end R1 from emp;
+--------+------+
| deptno | R1   |
+--------+------+
|     10 | Good |
|     10 | Good |
|     10 | Good |
|     10 | Good |
|     10 | Good |
|     20 | Ok   |
|     20 | Ok   |
|     20 | Ok   |
|     20 | Ok   |
|     20 | Ok   |
|     20 | Ok   |
|     20 | Ok   |
|     20 | Ok   |
|     30 | Bad  |
|     30 | Bad  |
|     30 | Bad  |
|     30 | Bad  |
|     30 | Bad  |
|     30 | Bad  |
|     30 | Bad  |
|     30 | Bad  |
|     30 | Bad  |
|     30 | Bad  |
|     30 | Bad  |
|     30 | Bad  |
|     50 | N/A  |
|     50 | N/A  |
|     50 | N/A  |
+--------+------+
28 rows in set (0.00 sec)

mysql> select * from orders;
+------+---------+---------------------+------+------+--------+
| ONUM | AMT     | ODATE               | CNUM | SNUM | type   |
+------+---------+---------------------+------+------+--------+
| 3001 |   18.69 | 1996-10-03 12:30:00 | 2008 | 1007 | Online |
| 3002 |  1900.1 | 1996-10-03 12:05:00 | 2007 | 1004 | Online |
| 3003 |  767.19 | 1996-10-03 13:45:00 | 2001 | 1001 | Online |
| 3005 | 5160.45 | 1996-10-03 14:00:00 | 2003 | 1002 | Online |
| 3006 | 1098.16 | 1996-10-03 13:37:00 | 2008 | 1007 | Online |
| 3007 |   75.75 | 1996-10-04 16:02:00 | 2002 | 1003 | Online |
| 3008 |    4723 | 1996-10-05 12:07:00 | 2006 | 1001 | Online |
| 3009 | 1713.23 | 1996-10-04 15:21:00 | 2002 | 1003 | Online |
| 3010 | 1309.95 | 1996-10-06 13:12:00 | 2004 | 1002 | Online |
| 3011 | 9891.88 | 1996-10-06 13:09:00 | 2006 | 1001 | Online |
| 3012 | 3455.78 | 1996-10-04 15:21:00 | 2002 | 1003 | Online |
| 3013 | 1245.98 | 1996-10-04 16:32:00 | 2002 | 1003 | Online |
| 3014 | 3721.53 | 1996-10-05 12:45:00 | 2006 | 1001 | Online |
| 3015 |   734.5 | 1996-10-06 13:16:00 | 2004 | 1002 | Online |
| 3016 | 1729.67 | 1996-10-06 13:07:00 | 2006 | 1001 | Online |
| 3017 |   18.69 | 1996-10-03 12:30:00 | 2001 | 1007 | Online |
| 3018 |  767.19 | 1996-10-03 13:45:00 | 2002 | 1001 | Online |
| 3019 |  1900.1 | 1996-10-03 12:05:00 | 2007 | 1004 | Online |
| 3020 | 5160.45 | 1996-10-03 14:00:00 | 2003 | 1007 | Online |
| 3021 | 1098.16 | 1996-10-03 13:37:00 | 2008 | 1007 | Online |
| 3022 | 1713.23 | 1996-10-04 15:21:00 | 2002 | 1003 | Online |
| 3023 |   75.75 | 1996-10-04 16:02:00 | 2002 | 1004 | Online |
| 3024 |    4723 | 1996-10-05 12:07:00 | 2006 | 1002 | Online |
| 3025 | 1309.95 | 1996-10-06 13:12:00 | 2002 | 1002 | Online |
| 3026 | 9891.88 | 1996-10-06 13:09:00 | 2006 | 1001 | Online |
| 3027 | 3455.78 | 1996-10-04 15:21:00 | 2002 | 1003 | Online |
| 3028 | 1245.98 | 1996-10-04 16:32:00 | 2002 | 1003 | Online |
| 3029 | 3721.53 | 1996-10-05 12:45:00 | 2006 | 1001 | Online |
| 3030 |   734.5 | 1996-10-06 13:16:00 | 2004 | 1002 | Online |
| 3031 | 1729.67 | 1996-10-06 13:07:00 | 2006 | 1007 | Online |
| 3032 |    3434 | 1996-01-26 17:09:12 | 2006 | 1007 | Online |
| 3033 |     522 | 1996-12-24 14:23:00 | 2002 | 1002 | Online |
| 3049 |     500 | 1996-03-14 07:45:19 | 2001 | 1003 | Online |
| 3074 |     457 | 1996-04-19 05:13:00 | 2008 | 1007 | Online |
| 3119 |     125 | 1996-07-26 18:37:00 | 2007 | 1001 | Online |
| 4001 |     145 | 1996-05-13 20:47:00 | 2008 | 1003 | Online |
| 4012 |     245 | 1996-03-06 13:07:00 | 2001 | 1002 | Online |
| 4021 |     600 | 1996-08-12 13:07:00 | 2001 | 1002 | Online |
| 4054 |    1200 | 1996-11-22 13:07:00 | 2004 | 1003 | Online |
| 5011 |     138 | 1996-09-14 13:07:00 | 2001 | 1007 | Online |
| 5014 |     980 | 1996-08-23 13:07:00 | 2002 | 1007 | Online |
| 5015 |    2133 | 1996-06-23 13:07:00 | 2004 | 1007 | Online |
| 5016 |    1000 | 1996-03-12 13:07:00 | 2002 | 1007 | Online |
| 5053 |    1500 | 1996-01-01 13:07:00 | 2006 | 1007 | Online |
| 5099 |     790 | 1996-04-24 13:07:00 | 2002 | 1007 | Online |
| 6501 |     125 | 1996-06-13 13:07:00 | 2001 | 1001 | Online |
| 6502 |     535 | 1996-08-24 13:07:00 | 2006 | 1004 | Online |
| 6503 |    1100 | 1996-07-26 13:07:00 | 2006 | 1007 | Online |
| 6504 |    1350 | 1996-07-21 13:07:00 | 2008 | 1007 | Online |
+------+---------+---------------------+------+------+--------+
49 rows in set (0.01 sec)

mysql> select hiredate, monthname(hiredate) from emp;
+------------+---------------------+
| hiredate   | monthname(hiredate) |
+------------+---------------------+
| 1981-07-19 | July                |
| 1981-07-19 | July                |
| 1981-07-19 | July                |
| 1981-07-19 | July                |
| 1980-12-17 | December            |
| 1981-12-31 | December            |
| 1981-07-19 | July                |
| 1981-02-20 | February            |
| 1981-02-22 | February            |
| 1981-04-02 | April               |
| 1981-09-28 | September           |
| 1981-05-01 | May                 |
| 1981-06-09 | June                |
| 1982-12-09 | December            |
| 1981-11-17 | November            |
| 1983-08-09 | August              |
| 1981-09-08 | September           |
| 1983-01-12 | January             |
| 1981-12-03 | December            |
| 1981-12-03 | December            |
| 1982-03-24 | March               |
| 1980-02-14 | February            |
| 1982-01-23 | January             |
| 1980-02-14 | February            |
| 1982-01-24 | January             |
| 1981-07-19 | July                |
| 1981-07-19 | July                |
| 1981-07-19 | July                |
+------------+---------------------+
28 rows in set (0.00 sec)

mysql> select hiredate, monthname(hiredate) from emp order by monthname(hiredate);
+------------+---------------------+
| hiredate   | monthname(hiredate) |
+------------+---------------------+
| 1981-04-02 | April               |
| 1983-08-09 | August              |
| 1980-12-17 | December            |
| 1981-12-31 | December            |
| 1982-12-09 | December            |
| 1981-12-03 | December            |
| 1981-12-03 | December            |
| 1981-02-20 | February            |
| 1981-02-22 | February            |
| 1980-02-14 | February            |
| 1980-02-14 | February            |
| 1983-01-12 | January             |
| 1982-01-23 | January             |
| 1982-01-24 | January             |
| 1981-07-19 | July                |
| 1981-07-19 | July                |
| 1981-07-19 | July                |
| 1981-07-19 | July                |
| 1981-07-19 | July                |
| 1981-07-19 | July                |
| 1981-07-19 | July                |
| 1981-07-19 | July                |
| 1981-06-09 | June                |
| 1982-03-24 | March               |
| 1981-05-01 | May                 |
| 1981-11-17 | November            |
| 1981-09-28 | September           |
| 1981-09-08 | September           |
+------------+---------------------+
28 rows in set (0.00 sec)

mysql> select hiredate, monthname(hiredate) from emp order by case when monthname(hiredate) ='' then 1
 when monthname(hiredate)='February' then 2 ;
ERROR 1064 (42000): You have an error in your SQL syntax; check the manual that corresponds to your MySQL server version for the right syntax to use near '' at line 1
mysql> select hiredate, monthname(hiredate) from emp order by case when monthname(hiredate) ='' then 1 when monthname(hiredate)='February' then 2  end;
+------------+---------------------+
| hiredate   | monthname(hiredate) |
+------------+---------------------+
| 1981-07-19 | July                |
| 1981-07-19 | July                |
| 1981-07-19 | July                |
| 1981-07-19 | July                |
| 1980-12-17 | December            |
| 1981-12-31 | December            |
| 1981-07-19 | July                |
| 1981-04-02 | April               |
| 1981-09-28 | September           |
| 1981-05-01 | May                 |
| 1981-06-09 | June                |
| 1982-12-09 | December            |
| 1981-11-17 | November            |
| 1983-08-09 | August              |
| 1981-09-08 | September           |
| 1983-01-12 | January             |
| 1981-12-03 | December            |
| 1981-12-03 | December            |
| 1982-03-24 | March               |
| 1982-01-23 | January             |
| 1982-01-24 | January             |
| 1981-07-19 | July                |
| 1981-07-19 | July                |
| 1981-07-19 | July                |
| 1981-02-20 | February            |
| 1981-02-22 | February            |
| 1980-02-14 | February            |
| 1980-02-14 | February            |
+------------+---------------------+
28 rows in set (0.00 sec)

mysql> select hiredate, monthname(hiredate) from emp order by case when monthname(hiredate) ='January'
 then 1 when monthname(hiredate)='February' then 2  end;
+------------+---------------------+
| hiredate   | monthname(hiredate) |
+------------+---------------------+
| 1981-07-19 | July                |
| 1981-07-19 | July                |
| 1981-07-19 | July                |
| 1981-07-19 | July                |
| 1980-12-17 | December            |
| 1981-12-31 | December            |
| 1981-07-19 | July                |
| 1981-04-02 | April               |
| 1981-09-28 | September           |
| 1981-05-01 | May                 |
| 1981-06-09 | June                |
| 1982-12-09 | December            |
| 1981-11-17 | November            |
| 1983-08-09 | August              |
| 1981-09-08 | September           |
| 1981-12-03 | December            |
| 1981-12-03 | December            |
| 1982-03-24 | March               |
| 1981-07-19 | July                |
| 1981-07-19 | July                |
| 1981-07-19 | July                |
| 1983-01-12 | January             |
| 1982-01-23 | January             |
| 1982-01-24 | January             |
| 1981-02-20 | February            |
| 1981-02-22 | February            |
| 1980-02-14 | February            |
| 1980-02-14 | February            |
+------------+---------------------+
28 rows in set (0.00 sec)

mysql> select ename, job,sal from emp;
+----------+---------------------+------+
| ename    | job                 | sal  |
+----------+---------------------+------+
| GITA     | Compliance officers | 1750 |
| VRUSHALI | Compliance officers | 1750 |
| SHARMIN  | Public Relation     | 1750 |
| BANDISH  | Public Relation     | 1750 |
| SMITH    | CLERK               |  800 |
| AARAV    | CLERK               | 3350 |
| THOMAS   | CLERK               | 1750 |
| ALLEN    | SALESMAN            | 1600 |
| WARD     | SALESMAN            | 1250 |
| JONES    | MANAGER             | 2975 |
| MARTIN   | SALESMAN            | 1250 |
| BLAKE    | MANAGER             | 2850 |
| CLARK    | MANAGER             | 2450 |
| SCOTT    | ANALYST             | 3000 |
| KING     | PRESIDENT           | 5000 |
| FRED     | vice PRESIDENT      | 5000 |
| TURNER   | SALESMAN            | 1500 |
| ADAMS    | CLERK               | 1100 |
| JAMES    | CLERK               |  950 |
| FORD     | ANALYST             | 3000 |
| HOFFMAN  | MANAGER             | 4150 |
| GRASS    | SALESMAN            | 2575 |
| MILLER   | CLERK               | 1300 |
| AARUSH   | SALESMAN            | 1350 |
| ALEX     | MANAGER             | 1250 |
| NATASHA  | CLERK               | 1750 |
| SANGITA  | Compliance officers | 1750 |
| SUPRIYA  | ANALYST             | 1750 |
+----------+---------------------+------+
28 rows in set (0.00 sec)

mysql> select ename, job,sal from emp order by 1+1;
+----------+---------------------+------+
| ename    | job                 | sal  |
+----------+---------------------+------+
| GITA     | Compliance officers | 1750 |
| VRUSHALI | Compliance officers | 1750 |
| SHARMIN  | Public Relation     | 1750 |
| BANDISH  | Public Relation     | 1750 |
| SMITH    | CLERK               |  800 |
| AARAV    | CLERK               | 3350 |
| THOMAS   | CLERK               | 1750 |
| ALLEN    | SALESMAN            | 1600 |
| WARD     | SALESMAN            | 1250 |
| JONES    | MANAGER             | 2975 |
| MARTIN   | SALESMAN            | 1250 |
| BLAKE    | MANAGER             | 2850 |
| CLARK    | MANAGER             | 2450 |
| SCOTT    | ANALYST             | 3000 |
| KING     | PRESIDENT           | 5000 |
| FRED     | vice PRESIDENT      | 5000 |
| TURNER   | SALESMAN            | 1500 |
| ADAMS    | CLERK               | 1100 |
| JAMES    | CLERK               |  950 |
| FORD     | ANALYST             | 3000 |
| HOFFMAN  | MANAGER             | 4150 |
| GRASS    | SALESMAN            | 2575 |
| MILLER   | CLERK               | 1300 |
| AARUSH   | SALESMAN            | 1350 |
| ALEX     | MANAGER             | 1250 |
| NATASHA  | CLERK               | 1750 |
| SANGITA  | Compliance officers | 1750 |
| SUPRIYA  | ANALYST             | 1750 |
+----------+---------------------+------+
28 rows in set (0.00 sec)

mysql> select ename, job,sal, 1+1 from emp;
+----------+---------------------+------+-----+
| ename    | job                 | sal  | 1+1 |
+----------+---------------------+------+-----+
| GITA     | Compliance officers | 1750 |   2 |
| VRUSHALI | Compliance officers | 1750 |   2 |
| SHARMIN  | Public Relation     | 1750 |   2 |
| BANDISH  | Public Relation     | 1750 |   2 |
| SMITH    | CLERK               |  800 |   2 |
| AARAV    | CLERK               | 3350 |   2 |
| THOMAS   | CLERK               | 1750 |   2 |
| ALLEN    | SALESMAN            | 1600 |   2 |
| WARD     | SALESMAN            | 1250 |   2 |
| JONES    | MANAGER             | 2975 |   2 |
| MARTIN   | SALESMAN            | 1250 |   2 |
| BLAKE    | MANAGER             | 2850 |   2 |
| CLARK    | MANAGER             | 2450 |   2 |
| SCOTT    | ANALYST             | 3000 |   2 |
| KING     | PRESIDENT           | 5000 |   2 |
| FRED     | vice PRESIDENT      | 5000 |   2 |
| TURNER   | SALESMAN            | 1500 |   2 |
| ADAMS    | CLERK               | 1100 |   2 |
| JAMES    | CLERK               |  950 |   2 |
| FORD     | ANALYST             | 3000 |   2 |
| HOFFMAN  | MANAGER             | 4150 |   2 |
| GRASS    | SALESMAN            | 2575 |   2 |
| MILLER   | CLERK               | 1300 |   2 |
| AARUSH   | SALESMAN            | 1350 |   2 |
| ALEX     | MANAGER             | 1250 |   2 |
| NATASHA  | CLERK               | 1750 |   2 |
| SANGITA  | Compliance officers | 1750 |   2 |
| SUPRIYA  | ANALYST             | 1750 |   2 |
+----------+---------------------+------+-----+
28 rows in set (0.00 sec)

mysql> select ename, job,sal from emp order by 1+1;
+----------+---------------------+------+
| ename    | job                 | sal  |
+----------+---------------------+------+
| GITA     | Compliance officers | 1750 |
| VRUSHALI | Compliance officers | 1750 |
| SHARMIN  | Public Relation     | 1750 |
| BANDISH  | Public Relation     | 1750 |
| SMITH    | CLERK               |  800 |
| AARAV    | CLERK               | 3350 |
| THOMAS   | CLERK               | 1750 |
| ALLEN    | SALESMAN            | 1600 |
| WARD     | SALESMAN            | 1250 |
| JONES    | MANAGER             | 2975 |
| MARTIN   | SALESMAN            | 1250 |
| BLAKE    | MANAGER             | 2850 |
| CLARK    | MANAGER             | 2450 |
| SCOTT    | ANALYST             | 3000 |
| KING     | PRESIDENT           | 5000 |
| FRED     | vice PRESIDENT      | 5000 |
| TURNER   | SALESMAN            | 1500 |
| ADAMS    | CLERK               | 1100 |
| JAMES    | CLERK               |  950 |
| FORD     | ANALYST             | 3000 |
| HOFFMAN  | MANAGER             | 4150 |
| GRASS    | SALESMAN            | 2575 |
| MILLER   | CLERK               | 1300 |
| AARUSH   | SALESMAN            | 1350 |
| ALEX     | MANAGER             | 1250 |
| NATASHA  | CLERK               | 1750 |
| SANGITA  | Compliance officers | 1750 |
| SUPRIYA  | ANALYST             | 1750 |
+----------+---------------------+------+
28 rows in set (0.00 sec)

mysql> select ename, job,sal from emp order by 'a';
+----------+---------------------+------+
| ename    | job                 | sal  |
+----------+---------------------+------+
| GITA     | Compliance officers | 1750 |
| VRUSHALI | Compliance officers | 1750 |
| SHARMIN  | Public Relation     | 1750 |
| BANDISH  | Public Relation     | 1750 |
| SMITH    | CLERK               |  800 |
| AARAV    | CLERK               | 3350 |
| THOMAS   | CLERK               | 1750 |
| ALLEN    | SALESMAN            | 1600 |
| WARD     | SALESMAN            | 1250 |
| JONES    | MANAGER             | 2975 |
| MARTIN   | SALESMAN            | 1250 |
| BLAKE    | MANAGER             | 2850 |
| CLARK    | MANAGER             | 2450 |
| SCOTT    | ANALYST             | 3000 |
| KING     | PRESIDENT           | 5000 |
| FRED     | vice PRESIDENT      | 5000 |
| TURNER   | SALESMAN            | 1500 |
| ADAMS    | CLERK               | 1100 |
| JAMES    | CLERK               |  950 |
| FORD     | ANALYST             | 3000 |
| HOFFMAN  | MANAGER             | 4150 |
| GRASS    | SALESMAN            | 2575 |
| MILLER   | CLERK               | 1300 |
| AARUSH   | SALESMAN            | 1350 |
| ALEX     | MANAGER             | 1250 |
| NATASHA  | CLERK               | 1750 |
| SANGITA  | Compliance officers | 1750 |
| SUPRIYA  | ANALYST             | 1750 |
+----------+---------------------+------+
28 rows in set (0.00 sec)

mysql> select ename, job, sal,isactive from emp
    -> ;
+----------+---------------------+------+----------+
| ename    | job                 | sal  | isactive |
+----------+---------------------+------+----------+
| GITA     | Compliance officers | 1750 |        1 |
| VRUSHALI | Compliance officers | 1750 |        1 |
| SHARMIN  | Public Relation     | 1750 |        1 |
| BANDISH  | Public Relation     | 1750 |        1 |
| SMITH    | CLERK               |  800 |        0 |
| AARAV    | CLERK               | 3350 |        0 |
| THOMAS   | CLERK               | 1750 |        0 |
| ALLEN    | SALESMAN            | 1600 |        1 |
| WARD     | SALESMAN            | 1250 |        1 |
| JONES    | MANAGER             | 2975 |        1 |
| MARTIN   | SALESMAN            | 1250 |        1 |
| BLAKE    | MANAGER             | 2850 |        1 |
| CLARK    | MANAGER             | 2450 |        1 |
| SCOTT    | ANALYST             | 3000 |        1 |
| KING     | PRESIDENT           | 5000 |        1 |
| FRED     | vice PRESIDENT      | 5000 |        1 |
| TURNER   | SALESMAN            | 1500 |        1 |
| ADAMS    | CLERK               | 1100 |        1 |
| JAMES    | CLERK               |  950 |        1 |
| FORD     | ANALYST             | 3000 |        0 |
| HOFFMAN  | MANAGER             | 4150 |        1 |
| GRASS    | SALESMAN            | 2575 |        1 |
| MILLER   | CLERK               | 1300 |        0 |
| AARUSH   | SALESMAN            | 1350 |        0 |
| ALEX     | MANAGER             | 1250 |        1 |
| NATASHA  | CLERK               | 1750 |        1 |
| SANGITA  | Compliance officers | 1750 |        1 |
| SUPRIYA  | ANALYST             | 1750 |        1 |
+----------+---------------------+------+----------+
28 rows in set (0.00 sec)

mysql> select ename, job, sal, isactive from emp,
    -> ^C
mysql> select ename, job, sal, isactive from emp;
+----------+---------------------+------+----------+
| ename    | job                 | sal  | isactive |
+----------+---------------------+------+----------+
| GITA     | Compliance officers | 1750 |        1 |
| VRUSHALI | Compliance officers | 1750 |        1 |
| SHARMIN  | Public Relation     | 1750 |        1 |
| BANDISH  | Public Relation     | 1750 |        1 |
| SMITH    | CLERK               |  800 |        0 |
| AARAV    | CLERK               | 3350 |        0 |
| THOMAS   | CLERK               | 1750 |        0 |
| ALLEN    | SALESMAN            | 1600 |        1 |
| WARD     | SALESMAN            | 1250 |        1 |
| JONES    | MANAGER             | 2975 |        1 |
| MARTIN   | SALESMAN            | 1250 |        1 |
| BLAKE    | MANAGER             | 2850 |        1 |
| CLARK    | MANAGER             | 2450 |        1 |
| SCOTT    | ANALYST             | 3000 |        1 |
| KING     | PRESIDENT           | 5000 |        1 |
| FRED     | vice PRESIDENT      | 5000 |        1 |
| TURNER   | SALESMAN            | 1500 |        1 |
| ADAMS    | CLERK               | 1100 |        1 |
| JAMES    | CLERK               |  950 |        1 |
| FORD     | ANALYST             | 3000 |        0 |
| HOFFMAN  | MANAGER             | 4150 |        1 |
| GRASS    | SALESMAN            | 2575 |        1 |
| MILLER   | CLERK               | 1300 |        0 |
| AARUSH   | SALESMAN            | 1350 |        0 |
| ALEX     | MANAGER             | 1250 |        1 |
| NATASHA  | CLERK               | 1750 |        1 |
| SANGITA  | Compliance officers | 1750 |        1 |
| SUPRIYA  | ANALYST             | 1750 |        1 |
+----------+---------------------+------+----------+
28 rows in set (0.00 sec)

mysql> select ename, job, sal, isactive from emp where true;
+----------+---------------------+------+----------+
| ename    | job                 | sal  | isactive |
+----------+---------------------+------+----------+
| GITA     | Compliance officers | 1750 |        1 |
| VRUSHALI | Compliance officers | 1750 |        1 |
| SHARMIN  | Public Relation     | 1750 |        1 |
| BANDISH  | Public Relation     | 1750 |        1 |
| SMITH    | CLERK               |  800 |        0 |
| AARAV    | CLERK               | 3350 |        0 |
| THOMAS   | CLERK               | 1750 |        0 |
| ALLEN    | SALESMAN            | 1600 |        1 |
| WARD     | SALESMAN            | 1250 |        1 |
| JONES    | MANAGER             | 2975 |        1 |
| MARTIN   | SALESMAN            | 1250 |        1 |
| BLAKE    | MANAGER             | 2850 |        1 |
| CLARK    | MANAGER             | 2450 |        1 |
| SCOTT    | ANALYST             | 3000 |        1 |
| KING     | PRESIDENT           | 5000 |        1 |
| FRED     | vice PRESIDENT      | 5000 |        1 |
| TURNER   | SALESMAN            | 1500 |        1 |
| ADAMS    | CLERK               | 1100 |        1 |
| JAMES    | CLERK               |  950 |        1 |
| FORD     | ANALYST             | 3000 |        0 |
| HOFFMAN  | MANAGER             | 4150 |        1 |
| GRASS    | SALESMAN            | 2575 |        1 |
| MILLER   | CLERK               | 1300 |        0 |
| AARUSH   | SALESMAN            | 1350 |        0 |
| ALEX     | MANAGER             | 1250 |        1 |
| NATASHA  | CLERK               | 1750 |        1 |
| SANGITA  | Compliance officers | 1750 |        1 |
| SUPRIYA  | ANALYST             | 1750 |        1 |
+----------+---------------------+------+----------+
28 rows in set (0.00 sec)

mysql> select ename, job, sal, isactive from emp where false;
Empty set (0.00 sec)

mysql> select * from tasks;
+----+--------+-----------+
| id | title  | completed |
+----+--------+-----------+
|  1 | Task-1 |         1 |
|  2 | Task0  |         0 |
|  3 | Task1  |         0 |
|  4 | Task2  |         1 |
|  5 | Task3  |         0 |
|  6 | Task4  |         1 |
|  7 | Task5  |      NULL |
|  8 | Task6  |      NULL |
|  9 | Task7  |         0 |
| 10 | Task8  |         1 |
| 11 | Task9  |        12 |
| 12 | Task10 |        58 |
| 13 | Task11 |         1 |
| 14 | Task12 |         0 |
| 15 | Task13 |         1 |
| 16 | Task14 |      NULL |
+----+--------+-----------+
16 rows in set (0.01 sec)

mysql> select * from tasks where completed = true;
+----+--------+-----------+
| id | title  | completed |
+----+--------+-----------+
|  1 | Task-1 |         1 |
|  4 | Task2  |         1 |
|  6 | Task4  |         1 |
| 10 | Task8  |         1 |
| 13 | Task11 |         1 |
| 15 | Task13 |         1 |
+----+--------+-----------+
6 rows in set (0.00 sec)

mysql> select * from tasks where completed;
+----+--------+-----------+
| id | title  | completed |
+----+--------+-----------+
|  1 | Task-1 |         1 |
|  4 | Task2  |         1 |
|  6 | Task4  |         1 |
| 10 | Task8  |         1 |
| 11 | Task9  |        12 |
| 12 | Task10 |        58 |
| 13 | Task11 |         1 |
| 15 | Task13 |         1 |
+----+--------+-----------+
8 rows in set (0.00 sec)

mysql> select ename, job, sal, isactive from emp where 1;





